Calling target program-options parser
[08:43:22.438] [bmv2] [D] [thread 78852] Set default default entry for table 'MyIngress.ipv4_lpm': MyIngress.drop - 
Adding interface s1-eth1 as port 1
[08:43:22.438] [bmv2] [D] [thread 78852] Adding interface s1-eth1 as port 1
Adding interface s1-eth2 as port 2
[08:43:22.474] [bmv2] [D] [thread 78852] Adding interface s1-eth2 as port 2
Server listening on 0.0.0.0:50051
[08:43:22.495] [bmv2] [I] [thread 78852] Starting Thrift server on port 9090
[08:43:22.495] [bmv2] [I] [thread 78852] Thrift server was started
[08:43:22.504] [bmv2] [D] [thread 78867] [0.0] [cxt 0] Processing packet received on port 2
[08:43:22.504] [bmv2] [D] [thread 78867] [0.0] [cxt 0] Parser 'parser': start
[08:43:22.504] [bmv2] [D] [thread 78867] [0.0] [cxt 0] Parser 'parser' entering state 'start'
[08:43:22.504] [bmv2] [D] [thread 78867] [0.0] [cxt 0] Extracting header 'ethernet'
[08:43:22.504] [bmv2] [D] [thread 78867] [0.0] [cxt 0] Parser state 'start': key is 86dd
[08:43:22.504] [bmv2] [T] [thread 78867] [0.0] [cxt 0] Bytes parsed: 14
[08:43:22.504] [bmv2] [D] [thread 78867] [0.0] [cxt 0] Parser 'parser': end
[08:43:22.504] [bmv2] [D] [thread 78867] [0.0] [cxt 0] Pipeline 'ingress': start
[08:43:22.504] [bmv2] [T] [thread 78867] [0.0] [cxt 0] switch.p4(116) Condition "hdr.ipv4.isValid()" (node_2) is false
[08:43:22.504] [bmv2] [D] [thread 78867] [0.0] [cxt 0] Pipeline 'ingress': end
[08:43:22.504] [bmv2] [D] [thread 78867] [0.0] [cxt 0] Egress port is 0
[08:43:22.504] [bmv2] [D] [thread 78868] [0.0] [cxt 0] Pipeline 'egress': start
[08:43:22.504] [bmv2] [D] [thread 78868] [0.0] [cxt 0] Pipeline 'egress': end
[08:43:22.504] [bmv2] [D] [thread 78868] [0.0] [cxt 0] Deparser 'deparser': start
[08:43:22.504] [bmv2] [T] [thread 78868] [0.0] [cxt 0] Skipping checksum 'cksum' update because condition not met
[08:43:22.504] [bmv2] [D] [thread 78868] [0.0] [cxt 0] Deparsing header 'ethernet'
[08:43:22.504] [bmv2] [D] [thread 78868] [0.0] [cxt 0] Deparser 'deparser': end
[08:43:22.504] [bmv2] [D] [thread 78872] [0.0] [cxt 0] Transmitting packet of size 90 out of port 0
[08:43:22.547] [bmv2] [D] [thread 78867] [1.0] [cxt 0] Processing packet received on port 2
[08:43:22.547] [bmv2] [D] [thread 78867] [1.0] [cxt 0] Parser 'parser': start
[08:43:22.547] [bmv2] [D] [thread 78867] [1.0] [cxt 0] Parser 'parser' entering state 'start'
[08:43:22.547] [bmv2] [D] [thread 78867] [1.0] [cxt 0] Extracting header 'ethernet'
[08:43:22.547] [bmv2] [D] [thread 78867] [1.0] [cxt 0] Parser state 'start': key is 86dd
[08:43:22.547] [bmv2] [T] [thread 78867] [1.0] [cxt 0] Bytes parsed: 14
[08:43:22.547] [bmv2] [D] [thread 78867] [1.0] [cxt 0] Parser 'parser': end
[08:43:22.547] [bmv2] [D] [thread 78867] [1.0] [cxt 0] Pipeline 'ingress': start
[08:43:22.547] [bmv2] [T] [thread 78867] [1.0] [cxt 0] switch.p4(116) Condition "hdr.ipv4.isValid()" (node_2) is false
[08:43:22.547] [bmv2] [D] [thread 78867] [1.0] [cxt 0] Pipeline 'ingress': end
[08:43:22.547] [bmv2] [D] [thread 78867] [1.0] [cxt 0] Egress port is 0
[08:43:22.547] [bmv2] [D] [thread 78868] [1.0] [cxt 0] Pipeline 'egress': start
[08:43:22.547] [bmv2] [D] [thread 78868] [1.0] [cxt 0] Pipeline 'egress': end
[08:43:22.547] [bmv2] [D] [thread 78868] [1.0] [cxt 0] Deparser 'deparser': start
[08:43:22.552] [bmv2] [T] [thread 78868] [1.0] [cxt 0] Skipping checksum 'cksum' update because condition not met
[08:43:22.552] [bmv2] [D] [thread 78868] [1.0] [cxt 0] Deparsing header 'ethernet'
[08:43:22.552] [bmv2] [D] [thread 78868] [1.0] [cxt 0] Deparser 'deparser': end
[08:43:22.552] [bmv2] [D] [thread 78872] [1.0] [cxt 0] Transmitting packet of size 90 out of port 0
[08:43:22.718] [bmv2] [D] [thread 78867] [2.0] [cxt 0] Processing packet received on port 2
[08:43:22.718] [bmv2] [D] [thread 78867] [2.0] [cxt 0] Parser 'parser': start
[08:43:22.718] [bmv2] [D] [thread 78867] [2.0] [cxt 0] Parser 'parser' entering state 'start'
[08:43:22.718] [bmv2] [D] [thread 78867] [2.0] [cxt 0] Extracting header 'ethernet'
[08:43:22.718] [bmv2] [D] [thread 78867] [2.0] [cxt 0] Parser state 'start': key is 86dd
[08:43:22.718] [bmv2] [T] [thread 78867] [2.0] [cxt 0] Bytes parsed: 14
[08:43:22.718] [bmv2] [D] [thread 78867] [2.0] [cxt 0] Parser 'parser': end
[08:43:22.718] [bmv2] [D] [thread 78867] [2.0] [cxt 0] Pipeline 'ingress': start
[08:43:22.718] [bmv2] [T] [thread 78867] [2.0] [cxt 0] switch.p4(116) Condition "hdr.ipv4.isValid()" (node_2) is false
[08:43:22.718] [bmv2] [D] [thread 78867] [2.0] [cxt 0] Pipeline 'ingress': end
[08:43:22.718] [bmv2] [D] [thread 78867] [2.0] [cxt 0] Egress port is 0
[08:43:22.718] [bmv2] [D] [thread 78868] [2.0] [cxt 0] Pipeline 'egress': start
[08:43:22.718] [bmv2] [D] [thread 78868] [2.0] [cxt 0] Pipeline 'egress': end
[08:43:22.718] [bmv2] [D] [thread 78868] [2.0] [cxt 0] Deparser 'deparser': start
[08:43:22.718] [bmv2] [T] [thread 78868] [2.0] [cxt 0] Skipping checksum 'cksum' update because condition not met
[08:43:22.718] [bmv2] [D] [thread 78868] [2.0] [cxt 0] Deparsing header 'ethernet'
[08:43:22.718] [bmv2] [D] [thread 78868] [2.0] [cxt 0] Deparser 'deparser': end
[08:43:22.718] [bmv2] [D] [thread 78872] [2.0] [cxt 0] Transmitting packet of size 86 out of port 0
[08:43:23.205] [bmv2] [D] [thread 78867] [3.0] [cxt 0] Processing packet received on port 2
[08:43:23.210] [bmv2] [D] [thread 78867] [3.0] [cxt 0] Parser 'parser': start
[08:43:23.210] [bmv2] [D] [thread 78867] [3.0] [cxt 0] Parser 'parser' entering state 'start'
[08:43:23.210] [bmv2] [D] [thread 78867] [3.0] [cxt 0] Extracting header 'ethernet'
[08:43:23.210] [bmv2] [D] [thread 78867] [3.0] [cxt 0] Parser state 'start': key is 86dd
[08:43:23.215] [bmv2] [T] [thread 78867] [3.0] [cxt 0] Bytes parsed: 14
[08:43:23.215] [bmv2] [D] [thread 78867] [3.0] [cxt 0] Parser 'parser': end
[08:43:23.215] [bmv2] [D] [thread 78867] [3.0] [cxt 0] Pipeline 'ingress': start
[08:43:23.220] [bmv2] [T] [thread 78867] [3.0] [cxt 0] switch.p4(116) Condition "hdr.ipv4.isValid()" (node_2) is false
[08:43:23.220] [bmv2] [D] [thread 78867] [3.0] [cxt 0] Pipeline 'ingress': end
[08:43:23.220] [bmv2] [D] [thread 78867] [3.0] [cxt 0] Egress port is 0
[08:43:23.220] [bmv2] [D] [thread 78868] [3.0] [cxt 0] Pipeline 'egress': start
[08:43:23.220] [bmv2] [D] [thread 78868] [3.0] [cxt 0] Pipeline 'egress': end
[08:43:23.220] [bmv2] [D] [thread 78868] [3.0] [cxt 0] Deparser 'deparser': start
[08:43:23.220] [bmv2] [T] [thread 78868] [3.0] [cxt 0] Skipping checksum 'cksum' update because condition not met
[08:43:23.220] [bmv2] [D] [thread 78868] [3.0] [cxt 0] Deparsing header 'ethernet'
[08:43:23.220] [bmv2] [D] [thread 78868] [3.0] [cxt 0] Deparser 'deparser': end
[08:43:23.220] [bmv2] [D] [thread 78872] [3.0] [cxt 0] Transmitting packet of size 86 out of port 0
[08:43:23.220] [bmv2] [D] [thread 78867] [4.0] [cxt 0] Processing packet received on port 1
[08:43:23.220] [bmv2] [D] [thread 78867] [4.0] [cxt 0] Parser 'parser': start
[08:43:23.220] [bmv2] [D] [thread 78867] [4.0] [cxt 0] Parser 'parser' entering state 'start'
[08:43:23.220] [bmv2] [D] [thread 78867] [4.0] [cxt 0] Extracting header 'ethernet'
[08:43:23.220] [bmv2] [D] [thread 78867] [4.0] [cxt 0] Parser state 'start': key is 86dd
[08:43:23.220] [bmv2] [T] [thread 78867] [4.0] [cxt 0] Bytes parsed: 14
[08:43:23.220] [bmv2] [D] [thread 78867] [4.0] [cxt 0] Parser 'parser': end
[08:43:23.220] [bmv2] [D] [thread 78867] [4.0] [cxt 0] Pipeline 'ingress': start
[08:43:23.220] [bmv2] [T] [thread 78867] [4.0] [cxt 0] switch.p4(116) Condition "hdr.ipv4.isValid()" (node_2) is false
[08:43:23.220] [bmv2] [D] [thread 78867] [4.0] [cxt 0] Pipeline 'ingress': end
[08:43:23.220] [bmv2] [D] [thread 78867] [4.0] [cxt 0] Egress port is 0
[08:43:23.220] [bmv2] [D] [thread 78868] [4.0] [cxt 0] Pipeline 'egress': start
[08:43:23.220] [bmv2] [D] [thread 78868] [4.0] [cxt 0] Pipeline 'egress': end
[08:43:23.220] [bmv2] [D] [thread 78868] [4.0] [cxt 0] Deparser 'deparser': start
[08:43:23.220] [bmv2] [T] [thread 78868] [4.0] [cxt 0] Skipping checksum 'cksum' update because condition not met
[08:43:23.220] [bmv2] [D] [thread 78868] [4.0] [cxt 0] Deparsing header 'ethernet'
[08:43:23.220] [bmv2] [D] [thread 78868] [4.0] [cxt 0] Deparser 'deparser': end
[08:43:23.220] [bmv2] [D] [thread 78872] [4.0] [cxt 0] Transmitting packet of size 90 out of port 0
[08:43:23.220] [bmv2] [D] [thread 78867] [5.0] [cxt 0] Processing packet received on port 1
[08:43:23.220] [bmv2] [D] [thread 78867] [5.0] [cxt 0] Parser 'parser': start
[08:43:23.220] [bmv2] [D] [thread 78867] [5.0] [cxt 0] Parser 'parser' entering state 'start'
[08:43:23.220] [bmv2] [D] [thread 78867] [5.0] [cxt 0] Extracting header 'ethernet'
[08:43:23.220] [bmv2] [D] [thread 78867] [5.0] [cxt 0] Parser state 'start': key is 86dd
[08:43:23.220] [bmv2] [T] [thread 78867] [5.0] [cxt 0] Bytes parsed: 14
[08:43:23.220] [bmv2] [D] [thread 78867] [5.0] [cxt 0] Parser 'parser': end
[08:43:23.220] [bmv2] [D] [thread 78867] [5.0] [cxt 0] Pipeline 'ingress': start
[08:43:23.226] [bmv2] [T] [thread 78867] [5.0] [cxt 0] switch.p4(116) Condition "hdr.ipv4.isValid()" (node_2) is false
[08:43:23.226] [bmv2] [D] [thread 78867] [5.0] [cxt 0] Pipeline 'ingress': end
[08:43:23.226] [bmv2] [D] [thread 78867] [5.0] [cxt 0] Egress port is 0
[08:43:23.226] [bmv2] [D] [thread 78868] [5.0] [cxt 0] Pipeline 'egress': start
[08:43:23.226] [bmv2] [D] [thread 78868] [5.0] [cxt 0] Pipeline 'egress': end
[08:43:23.226] [bmv2] [D] [thread 78868] [5.0] [cxt 0] Deparser 'deparser': start
[08:43:23.226] [bmv2] [T] [thread 78868] [5.0] [cxt 0] Skipping checksum 'cksum' update because condition not met
[08:43:23.226] [bmv2] [D] [thread 78868] [5.0] [cxt 0] Deparsing header 'ethernet'
[08:43:23.226] [bmv2] [D] [thread 78868] [5.0] [cxt 0] Deparser 'deparser': end
[08:43:23.226] [bmv2] [D] [thread 78872] [5.0] [cxt 0] Transmitting packet of size 70 out of port 0
[08:43:23.226] [bmv2] [D] [thread 78867] [6.0] [cxt 0] Processing packet received on port 1
[08:43:23.226] [bmv2] [D] [thread 78867] [6.0] [cxt 0] Parser 'parser': start
[08:43:23.226] [bmv2] [D] [thread 78867] [6.0] [cxt 0] Parser 'parser' entering state 'start'
[08:43:23.226] [bmv2] [D] [thread 78867] [6.0] [cxt 0] Extracting header 'ethernet'
[08:43:23.226] [bmv2] [D] [thread 78867] [6.0] [cxt 0] Parser state 'start': key is 86dd
[08:43:23.226] [bmv2] [T] [thread 78867] [6.0] [cxt 0] Bytes parsed: 14
[08:43:23.226] [bmv2] [D] [thread 78867] [6.0] [cxt 0] Parser 'parser': end
[08:43:23.226] [bmv2] [D] [thread 78867] [6.0] [cxt 0] Pipeline 'ingress': start
[08:43:23.226] [bmv2] [T] [thread 78867] [6.0] [cxt 0] switch.p4(116) Condition "hdr.ipv4.isValid()" (node_2) is false
[08:43:23.226] [bmv2] [D] [thread 78867] [6.0] [cxt 0] Pipeline 'ingress': end
[08:43:23.226] [bmv2] [D] [thread 78867] [6.0] [cxt 0] Egress port is 0
[08:43:23.226] [bmv2] [D] [thread 78868] [6.0] [cxt 0] Pipeline 'egress': start
[08:43:23.226] [bmv2] [D] [thread 78868] [6.0] [cxt 0] Pipeline 'egress': end
[08:43:23.226] [bmv2] [D] [thread 78868] [6.0] [cxt 0] Deparser 'deparser': start
[08:43:23.226] [bmv2] [T] [thread 78868] [6.0] [cxt 0] Skipping checksum 'cksum' update because condition not met
[08:43:23.226] [bmv2] [D] [thread 78868] [6.0] [cxt 0] Deparsing header 'ethernet'
[08:43:23.226] [bmv2] [D] [thread 78868] [6.0] [cxt 0] Deparser 'deparser': end
[08:43:23.226] [bmv2] [D] [thread 78872] [6.0] [cxt 0] Transmitting packet of size 90 out of port 0
[08:43:23.335] [bmv2] [D] [thread 78867] [7.0] [cxt 0] Processing packet received on port 1
[08:43:23.335] [bmv2] [D] [thread 78867] [7.0] [cxt 0] Parser 'parser': start
[08:43:23.335] [bmv2] [D] [thread 78867] [7.0] [cxt 0] Parser 'parser' entering state 'start'
[08:43:23.335] [bmv2] [D] [thread 78867] [7.0] [cxt 0] Extracting header 'ethernet'
[08:43:23.335] [bmv2] [D] [thread 78867] [7.0] [cxt 0] Parser state 'start': key is 86dd
[08:43:23.335] [bmv2] [T] [thread 78867] [7.0] [cxt 0] Bytes parsed: 14
[08:43:23.335] [bmv2] [D] [thread 78867] [7.0] [cxt 0] Parser 'parser': end
[08:43:23.335] [bmv2] [D] [thread 78867] [7.0] [cxt 0] Pipeline 'ingress': start
[08:43:23.335] [bmv2] [T] [thread 78867] [7.0] [cxt 0] switch.p4(116) Condition "hdr.ipv4.isValid()" (node_2) is false
[08:43:23.335] [bmv2] [D] [thread 78867] [7.0] [cxt 0] Pipeline 'ingress': end
[08:43:23.335] [bmv2] [D] [thread 78867] [7.0] [cxt 0] Egress port is 0
[08:43:23.335] [bmv2] [D] [thread 78868] [7.0] [cxt 0] Pipeline 'egress': start
[08:43:23.335] [bmv2] [D] [thread 78868] [7.0] [cxt 0] Pipeline 'egress': end
[08:43:23.335] [bmv2] [D] [thread 78868] [7.0] [cxt 0] Deparser 'deparser': start
[08:43:23.335] [bmv2] [T] [thread 78868] [7.0] [cxt 0] Skipping checksum 'cksum' update because condition not met
[08:43:23.335] [bmv2] [D] [thread 78868] [7.0] [cxt 0] Deparsing header 'ethernet'
[08:43:23.335] [bmv2] [D] [thread 78868] [7.0] [cxt 0] Deparser 'deparser': end
[08:43:23.335] [bmv2] [D] [thread 78872] [7.0] [cxt 0] Transmitting packet of size 90 out of port 0
[08:43:23.335] [bmv2] [D] [thread 78867] [8.0] [cxt 0] Processing packet received on port 1
[08:43:23.335] [bmv2] [D] [thread 78867] [8.0] [cxt 0] Parser 'parser': start
[08:43:23.335] [bmv2] [D] [thread 78867] [8.0] [cxt 0] Parser 'parser' entering state 'start'
[08:43:23.335] [bmv2] [D] [thread 78867] [8.0] [cxt 0] Extracting header 'ethernet'
[08:43:23.335] [bmv2] [D] [thread 78867] [8.0] [cxt 0] Parser state 'start': key is 86dd
[08:43:23.335] [bmv2] [T] [thread 78867] [8.0] [cxt 0] Bytes parsed: 14
[08:43:23.335] [bmv2] [D] [thread 78867] [8.0] [cxt 0] Parser 'parser': end
[08:43:23.335] [bmv2] [D] [thread 78867] [8.0] [cxt 0] Pipeline 'ingress': start
[08:43:23.335] [bmv2] [T] [thread 78867] [8.0] [cxt 0] switch.p4(116) Condition "hdr.ipv4.isValid()" (node_2) is false
[08:43:23.335] [bmv2] [D] [thread 78867] [8.0] [cxt 0] Pipeline 'ingress': end
[08:43:23.335] [bmv2] [D] [thread 78867] [8.0] [cxt 0] Egress port is 0
[08:43:23.335] [bmv2] [D] [thread 78868] [8.0] [cxt 0] Pipeline 'egress': start
[08:43:23.335] [bmv2] [D] [thread 78868] [8.0] [cxt 0] Pipeline 'egress': end
[08:43:23.335] [bmv2] [D] [thread 78868] [8.0] [cxt 0] Deparser 'deparser': start
[08:43:23.335] [bmv2] [T] [thread 78868] [8.0] [cxt 0] Skipping checksum 'cksum' update because condition not met
[08:43:23.335] [bmv2] [D] [thread 78868] [8.0] [cxt 0] Deparsing header 'ethernet'
[08:43:23.335] [bmv2] [D] [thread 78868] [8.0] [cxt 0] Deparser 'deparser': end
[08:43:23.335] [bmv2] [D] [thread 78872] [8.0] [cxt 0] Transmitting packet of size 203 out of port 0
[08:43:23.448] [bmv2] [D] [thread 78867] [9.0] [cxt 0] Processing packet received on port 1
[08:43:23.448] [bmv2] [D] [thread 78867] [9.0] [cxt 0] Parser 'parser': start
[08:43:23.448] [bmv2] [D] [thread 78867] [9.0] [cxt 0] Parser 'parser' entering state 'start'
[08:43:23.448] [bmv2] [D] [thread 78867] [9.0] [cxt 0] Extracting header 'ethernet'
[08:43:23.448] [bmv2] [D] [thread 78867] [9.0] [cxt 0] Parser state 'start': key is 86dd
[08:43:23.448] [bmv2] [T] [thread 78867] [9.0] [cxt 0] Bytes parsed: 14
[08:43:23.449] [bmv2] [D] [thread 78867] [9.0] [cxt 0] Parser 'parser': end
[08:43:23.449] [bmv2] [D] [thread 78867] [9.0] [cxt 0] Pipeline 'ingress': start
[08:43:23.449] [bmv2] [T] [thread 78867] [9.0] [cxt 0] switch.p4(116) Condition "hdr.ipv4.isValid()" (node_2) is false
[08:43:23.449] [bmv2] [D] [thread 78867] [9.0] [cxt 0] Pipeline 'ingress': end
[08:43:23.449] [bmv2] [D] [thread 78867] [9.0] [cxt 0] Egress port is 0
[08:43:23.449] [bmv2] [D] [thread 78868] [9.0] [cxt 0] Pipeline 'egress': start
[08:43:23.449] [bmv2] [D] [thread 78868] [9.0] [cxt 0] Pipeline 'egress': end
[08:43:23.449] [bmv2] [D] [thread 78868] [9.0] [cxt 0] Deparser 'deparser': start
[08:43:23.449] [bmv2] [T] [thread 78868] [9.0] [cxt 0] Skipping checksum 'cksum' update because condition not met
[08:43:23.449] [bmv2] [D] [thread 78868] [9.0] [cxt 0] Deparsing header 'ethernet'
[08:43:23.449] [bmv2] [D] [thread 78868] [9.0] [cxt 0] Deparser 'deparser': end
[08:43:23.449] [bmv2] [D] [thread 78872] [9.0] [cxt 0] Transmitting packet of size 211 out of port 0
[08:43:23.576] [bmv2] [D] [thread 78867] [10.0] [cxt 0] Processing packet received on port 1
[08:43:23.576] [bmv2] [D] [thread 78867] [10.0] [cxt 0] Parser 'parser': start
[08:43:23.576] [bmv2] [D] [thread 78867] [10.0] [cxt 0] Parser 'parser' entering state 'start'
[08:43:23.576] [bmv2] [D] [thread 78867] [10.0] [cxt 0] Extracting header 'ethernet'
[08:43:23.576] [bmv2] [D] [thread 78867] [10.0] [cxt 0] Parser state 'start': key is 86dd
[08:43:23.576] [bmv2] [T] [thread 78867] [10.0] [cxt 0] Bytes parsed: 14
[08:43:23.576] [bmv2] [D] [thread 78867] [10.0] [cxt 0] Parser 'parser': end
[08:43:23.576] [bmv2] [D] [thread 78867] [10.0] [cxt 0] Pipeline 'ingress': start
[08:43:23.576] [bmv2] [T] [thread 78867] [10.0] [cxt 0] switch.p4(116) Condition "hdr.ipv4.isValid()" (node_2) is false
[08:43:23.576] [bmv2] [D] [thread 78867] [10.0] [cxt 0] Pipeline 'ingress': end
[08:43:23.576] [bmv2] [D] [thread 78867] [10.0] [cxt 0] Egress port is 0
[08:43:23.576] [bmv2] [D] [thread 78868] [10.0] [cxt 0] Pipeline 'egress': start
[08:43:23.576] [bmv2] [D] [thread 78868] [10.0] [cxt 0] Pipeline 'egress': end
[08:43:23.576] [bmv2] [D] [thread 78868] [10.0] [cxt 0] Deparser 'deparser': start
[08:43:23.576] [bmv2] [T] [thread 78868] [10.0] [cxt 0] Skipping checksum 'cksum' update because condition not met
[08:43:23.581] [bmv2] [D] [thread 78868] [10.0] [cxt 0] Deparsing header 'ethernet'
[08:43:23.581] [bmv2] [D] [thread 78868] [10.0] [cxt 0] Deparser 'deparser': end
[08:43:23.581] [bmv2] [D] [thread 78872] [10.0] [cxt 0] Transmitting packet of size 110 out of port 0
[08:43:23.706] [bmv2] [D] [thread 78867] [11.0] [cxt 0] Processing packet received on port 1
[08:43:23.706] [bmv2] [D] [thread 78867] [11.0] [cxt 0] Parser 'parser': start
[08:43:23.706] [bmv2] [D] [thread 78867] [11.0] [cxt 0] Parser 'parser' entering state 'start'
[08:43:23.706] [bmv2] [D] [thread 78867] [11.0] [cxt 0] Extracting header 'ethernet'
[08:43:23.706] [bmv2] [D] [thread 78867] [11.0] [cxt 0] Parser state 'start': key is 86dd
[08:43:23.706] [bmv2] [T] [thread 78867] [11.0] [cxt 0] Bytes parsed: 14
[08:43:23.706] [bmv2] [D] [thread 78867] [11.0] [cxt 0] Parser 'parser': end
[08:43:23.706] [bmv2] [D] [thread 78867] [11.0] [cxt 0] Pipeline 'ingress': start
[08:43:23.706] [bmv2] [T] [thread 78867] [11.0] [cxt 0] switch.p4(116) Condition "hdr.ipv4.isValid()" (node_2) is false
[08:43:23.706] [bmv2] [D] [thread 78867] [11.0] [cxt 0] Pipeline 'ingress': end
[08:43:23.706] [bmv2] [D] [thread 78867] [11.0] [cxt 0] Egress port is 0
[08:43:23.706] [bmv2] [D] [thread 78868] [11.0] [cxt 0] Pipeline 'egress': start
[08:43:23.706] [bmv2] [D] [thread 78868] [11.0] [cxt 0] Pipeline 'egress': end
[08:43:23.706] [bmv2] [D] [thread 78868] [11.0] [cxt 0] Deparser 'deparser': start
[08:43:23.706] [bmv2] [T] [thread 78868] [11.0] [cxt 0] Skipping checksum 'cksum' update because condition not met
[08:43:23.706] [bmv2] [D] [thread 78868] [11.0] [cxt 0] Deparsing header 'ethernet'
[08:43:23.706] [bmv2] [D] [thread 78868] [11.0] [cxt 0] Deparser 'deparser': end
[08:43:23.706] [bmv2] [D] [thread 78872] [11.0] [cxt 0] Transmitting packet of size 211 out of port 0
[08:43:23.780] [bmv2] [D] [thread 78867] [12.0] [cxt 0] Processing packet received on port 2
[08:43:23.782] [bmv2] [D] [thread 78867] [12.0] [cxt 0] Parser 'parser': start
[08:43:23.782] [bmv2] [D] [thread 78867] [12.0] [cxt 0] Parser 'parser' entering state 'start'
[08:43:23.782] [bmv2] [D] [thread 78867] [12.0] [cxt 0] Extracting header 'ethernet'
[08:43:23.782] [bmv2] [D] [thread 78867] [12.0] [cxt 0] Parser state 'start': key is 86dd
[08:43:23.782] [bmv2] [T] [thread 78867] [12.0] [cxt 0] Bytes parsed: 14
[08:43:23.782] [bmv2] [D] [thread 78867] [12.0] [cxt 0] Parser 'parser': end
[08:43:23.783] [bmv2] [D] [thread 78867] [12.0] [cxt 0] Pipeline 'ingress': start
[08:43:23.785] [bmv2] [T] [thread 78867] [12.0] [cxt 0] switch.p4(116) Condition "hdr.ipv4.isValid()" (node_2) is false
[08:43:23.785] [bmv2] [D] [thread 78867] [12.0] [cxt 0] Pipeline 'ingress': end
[08:43:23.785] [bmv2] [D] [thread 78867] [12.0] [cxt 0] Egress port is 0
[08:43:23.785] [bmv2] [D] [thread 78867] [13.0] [cxt 0] Processing packet received on port 2
[08:43:23.787] [bmv2] [D] [thread 78867] [13.0] [cxt 0] Parser 'parser': start
[08:43:23.787] [bmv2] [D] [thread 78867] [13.0] [cxt 0] Parser 'parser' entering state 'start'
[08:43:23.787] [bmv2] [D] [thread 78867] [13.0] [cxt 0] Extracting header 'ethernet'
[08:43:23.787] [bmv2] [D] [thread 78867] [13.0] [cxt 0] Parser state 'start': key is 86dd
[08:43:23.787] [bmv2] [T] [thread 78867] [13.0] [cxt 0] Bytes parsed: 14
[08:43:23.787] [bmv2] [D] [thread 78867] [13.0] [cxt 0] Parser 'parser': end
[08:43:23.787] [bmv2] [D] [thread 78867] [13.0] [cxt 0] Pipeline 'ingress': start
[08:43:23.787] [bmv2] [T] [thread 78867] [13.0] [cxt 0] switch.p4(116) Condition "hdr.ipv4.isValid()" (node_2) is false
[08:43:23.787] [bmv2] [D] [thread 78867] [13.0] [cxt 0] Pipeline 'ingress': end
[08:43:23.787] [bmv2] [D] [thread 78867] [13.0] [cxt 0] Egress port is 0
[08:43:23.813] [bmv2] [D] [thread 78868] [12.0] [cxt 0] Pipeline 'egress': start
[08:43:23.813] [bmv2] [D] [thread 78867] [14.0] [cxt 0] Processing packet received on port 2
[08:43:23.813] [bmv2] [D] [thread 78867] [14.0] [cxt 0] Parser 'parser': start
[08:43:23.813] [bmv2] [D] [thread 78867] [14.0] [cxt 0] Parser 'parser' entering state 'start'
[08:43:23.813] [bmv2] [D] [thread 78867] [14.0] [cxt 0] Extracting header 'ethernet'
[08:43:23.813] [bmv2] [D] [thread 78867] [14.0] [cxt 0] Parser state 'start': key is 86dd
[08:43:23.813] [bmv2] [T] [thread 78867] [14.0] [cxt 0] Bytes parsed: 14
[08:43:23.813] [bmv2] [D] [thread 78867] [14.0] [cxt 0] Parser 'parser': end
[08:43:23.813] [bmv2] [D] [thread 78867] [14.0] [cxt 0] Pipeline 'ingress': start
[08:43:23.813] [bmv2] [T] [thread 78867] [14.0] [cxt 0] switch.p4(116) Condition "hdr.ipv4.isValid()" (node_2) is false
[08:43:23.813] [bmv2] [D] [thread 78867] [14.0] [cxt 0] Pipeline 'ingress': end
[08:43:23.813] [bmv2] [D] [thread 78867] [14.0] [cxt 0] Egress port is 0
[08:43:23.813] [bmv2] [D] [thread 78868] [12.0] [cxt 0] Pipeline 'egress': end
[08:43:23.813] [bmv2] [D] [thread 78868] [12.0] [cxt 0] Deparser 'deparser': start
[08:43:23.813] [bmv2] [T] [thread 78868] [12.0] [cxt 0] Skipping checksum 'cksum' update because condition not met
[08:43:23.813] [bmv2] [D] [thread 78868] [12.0] [cxt 0] Deparsing header 'ethernet'
[08:43:23.813] [bmv2] [D] [thread 78868] [12.0] [cxt 0] Deparser 'deparser': end
[08:43:23.813] [bmv2] [D] [thread 78872] [12.0] [cxt 0] Transmitting packet of size 90 out of port 0
[08:43:23.813] [bmv2] [D] [thread 78868] [13.0] [cxt 0] Pipeline 'egress': start
[08:43:23.813] [bmv2] [D] [thread 78868] [13.0] [cxt 0] Pipeline 'egress': end
[08:43:23.813] [bmv2] [D] [thread 78868] [13.0] [cxt 0] Deparser 'deparser': start
[08:43:23.813] [bmv2] [T] [thread 78868] [13.0] [cxt 0] Skipping checksum 'cksum' update because condition not met
[08:43:23.813] [bmv2] [D] [thread 78868] [13.0] [cxt 0] Deparsing header 'ethernet'
[08:43:23.813] [bmv2] [D] [thread 78868] [13.0] [cxt 0] Deparser 'deparser': end
[08:43:23.813] [bmv2] [D] [thread 78872] [13.0] [cxt 0] Transmitting packet of size 70 out of port 0
[08:43:23.813] [bmv2] [D] [thread 78868] [14.0] [cxt 0] Pipeline 'egress': start
[08:43:23.813] [bmv2] [D] [thread 78868] [14.0] [cxt 0] Pipeline 'egress': end
[08:43:23.813] [bmv2] [D] [thread 78868] [14.0] [cxt 0] Deparser 'deparser': start
[08:43:23.813] [bmv2] [T] [thread 78868] [14.0] [cxt 0] Skipping checksum 'cksum' update because condition not met
[08:43:23.813] [bmv2] [D] [thread 78868] [14.0] [cxt 0] Deparsing header 'ethernet'
[08:43:23.813] [bmv2] [D] [thread 78868] [14.0] [cxt 0] Deparser 'deparser': end
[08:43:23.813] [bmv2] [D] [thread 78872] [14.0] [cxt 0] Transmitting packet of size 90 out of port 0
[08:43:23.900] [bmv2] [D] [thread 78867] [15.0] [cxt 0] Processing packet received on port 2
[08:43:23.900] [bmv2] [D] [thread 78867] [15.0] [cxt 0] Parser 'parser': start
[08:43:23.900] [bmv2] [D] [thread 78867] [15.0] [cxt 0] Parser 'parser' entering state 'start'
[08:43:23.900] [bmv2] [D] [thread 78867] [15.0] [cxt 0] Extracting header 'ethernet'
[08:43:23.900] [bmv2] [D] [thread 78867] [15.0] [cxt 0] Parser state 'start': key is 86dd
[08:43:23.900] [bmv2] [T] [thread 78867] [15.0] [cxt 0] Bytes parsed: 14
[08:43:23.900] [bmv2] [D] [thread 78867] [15.0] [cxt 0] Parser 'parser': end
[08:43:23.900] [bmv2] [D] [thread 78867] [15.0] [cxt 0] Pipeline 'ingress': start
[08:43:23.900] [bmv2] [T] [thread 78867] [15.0] [cxt 0] switch.p4(116) Condition "hdr.ipv4.isValid()" (node_2) is false
[08:43:23.900] [bmv2] [D] [thread 78867] [15.0] [cxt 0] Pipeline 'ingress': end
[08:43:23.900] [bmv2] [D] [thread 78867] [15.0] [cxt 0] Egress port is 0
[08:43:23.900] [bmv2] [D] [thread 78868] [15.0] [cxt 0] Pipeline 'egress': start
[08:43:23.900] [bmv2] [D] [thread 78868] [15.0] [cxt 0] Pipeline 'egress': end
[08:43:23.900] [bmv2] [D] [thread 78868] [15.0] [cxt 0] Deparser 'deparser': start
[08:43:23.900] [bmv2] [T] [thread 78868] [15.0] [cxt 0] Skipping checksum 'cksum' update because condition not met
[08:43:23.900] [bmv2] [D] [thread 78868] [15.0] [cxt 0] Deparsing header 'ethernet'
[08:43:23.900] [bmv2] [D] [thread 78868] [15.0] [cxt 0] Deparser 'deparser': end
[08:43:23.900] [bmv2] [D] [thread 78872] [15.0] [cxt 0] Transmitting packet of size 203 out of port 0
[08:43:23.957] [bmv2] [D] [thread 78867] [16.0] [cxt 0] Processing packet received on port 1
[08:43:23.957] [bmv2] [D] [thread 78867] [16.0] [cxt 0] Parser 'parser': start
[08:43:23.957] [bmv2] [D] [thread 78867] [16.0] [cxt 0] Parser 'parser' entering state 'start'
[08:43:23.957] [bmv2] [D] [thread 78867] [16.0] [cxt 0] Extracting header 'ethernet'
[08:43:23.957] [bmv2] [D] [thread 78867] [16.0] [cxt 0] Parser state 'start': key is 86dd
[08:43:23.957] [bmv2] [T] [thread 78867] [16.0] [cxt 0] Bytes parsed: 14
[08:43:23.957] [bmv2] [D] [thread 78867] [16.0] [cxt 0] Parser 'parser': end
[08:43:23.957] [bmv2] [D] [thread 78867] [16.0] [cxt 0] Pipeline 'ingress': start
[08:43:23.957] [bmv2] [T] [thread 78867] [16.0] [cxt 0] switch.p4(116) Condition "hdr.ipv4.isValid()" (node_2) is false
[08:43:23.957] [bmv2] [D] [thread 78867] [16.0] [cxt 0] Pipeline 'ingress': end
[08:43:23.957] [bmv2] [D] [thread 78867] [16.0] [cxt 0] Egress port is 0
[08:43:23.958] [bmv2] [D] [thread 78868] [16.0] [cxt 0] Pipeline 'egress': start
[08:43:23.958] [bmv2] [D] [thread 78868] [16.0] [cxt 0] Pipeline 'egress': end
[08:43:23.958] [bmv2] [D] [thread 78868] [16.0] [cxt 0] Deparser 'deparser': start
[08:43:23.958] [bmv2] [T] [thread 78868] [16.0] [cxt 0] Skipping checksum 'cksum' update because condition not met
[08:43:23.958] [bmv2] [D] [thread 78868] [16.0] [cxt 0] Deparsing header 'ethernet'
[08:43:23.958] [bmv2] [D] [thread 78868] [16.0] [cxt 0] Deparser 'deparser': end
[08:43:23.958] [bmv2] [D] [thread 78872] [16.0] [cxt 0] Transmitting packet of size 211 out of port 0
[08:43:24.003] [bmv2] [D] [thread 78867] [17.0] [cxt 0] Processing packet received on port 2
[08:43:24.003] [bmv2] [D] [thread 78867] [17.0] [cxt 0] Parser 'parser': start
[08:43:24.003] [bmv2] [D] [thread 78867] [17.0] [cxt 0] Parser 'parser' entering state 'start'
[08:43:24.003] [bmv2] [D] [thread 78867] [17.0] [cxt 0] Extracting header 'ethernet'
[08:43:24.003] [bmv2] [D] [thread 78867] [17.0] [cxt 0] Parser state 'start': key is 86dd
[08:43:24.003] [bmv2] [T] [thread 78867] [17.0] [cxt 0] Bytes parsed: 14
[08:43:24.003] [bmv2] [D] [thread 78867] [17.0] [cxt 0] Parser 'parser': end
[08:43:24.003] [bmv2] [D] [thread 78867] [17.0] [cxt 0] Pipeline 'ingress': start
[08:43:24.003] [bmv2] [T] [thread 78867] [17.0] [cxt 0] switch.p4(116) Condition "hdr.ipv4.isValid()" (node_2) is false
[08:43:24.003] [bmv2] [D] [thread 78867] [17.0] [cxt 0] Pipeline 'ingress': end
[08:43:24.003] [bmv2] [D] [thread 78867] [17.0] [cxt 0] Egress port is 0
[08:43:24.003] [bmv2] [D] [thread 78868] [17.0] [cxt 0] Pipeline 'egress': start
[08:43:24.003] [bmv2] [D] [thread 78868] [17.0] [cxt 0] Pipeline 'egress': end
[08:43:24.003] [bmv2] [D] [thread 78868] [17.0] [cxt 0] Deparser 'deparser': start
[08:43:24.003] [bmv2] [T] [thread 78868] [17.0] [cxt 0] Skipping checksum 'cksum' update because condition not met
[08:43:24.003] [bmv2] [D] [thread 78868] [17.0] [cxt 0] Deparsing header 'ethernet'
[08:43:24.003] [bmv2] [D] [thread 78868] [17.0] [cxt 0] Deparser 'deparser': end
[08:43:24.003] [bmv2] [D] [thread 78872] [17.0] [cxt 0] Transmitting packet of size 110 out of port 0
[08:43:24.026] [bmv2] [D] [thread 78867] [18.0] [cxt 0] Processing packet received on port 2
[08:43:24.026] [bmv2] [D] [thread 78867] [18.0] [cxt 0] Parser 'parser': start
[08:43:24.026] [bmv2] [D] [thread 78867] [18.0] [cxt 0] Parser 'parser' entering state 'start'
[08:43:24.026] [bmv2] [D] [thread 78867] [18.0] [cxt 0] Extracting header 'ethernet'
[08:43:24.026] [bmv2] [D] [thread 78867] [18.0] [cxt 0] Parser state 'start': key is 86dd
[08:43:24.026] [bmv2] [T] [thread 78867] [18.0] [cxt 0] Bytes parsed: 14
[08:43:24.026] [bmv2] [D] [thread 78867] [18.0] [cxt 0] Parser 'parser': end
[08:43:24.026] [bmv2] [D] [thread 78867] [18.0] [cxt 0] Pipeline 'ingress': start
[08:43:24.026] [bmv2] [T] [thread 78867] [18.0] [cxt 0] switch.p4(116) Condition "hdr.ipv4.isValid()" (node_2) is false
[08:43:24.026] [bmv2] [D] [thread 78867] [18.0] [cxt 0] Pipeline 'ingress': end
[08:43:24.026] [bmv2] [D] [thread 78867] [18.0] [cxt 0] Egress port is 0
[08:43:24.026] [bmv2] [D] [thread 78868] [18.0] [cxt 0] Pipeline 'egress': start
[08:43:24.026] [bmv2] [D] [thread 78868] [18.0] [cxt 0] Pipeline 'egress': end
[08:43:24.026] [bmv2] [D] [thread 78868] [18.0] [cxt 0] Deparser 'deparser': start
[08:43:24.026] [bmv2] [T] [thread 78868] [18.0] [cxt 0] Skipping checksum 'cksum' update because condition not met
[08:43:24.026] [bmv2] [D] [thread 78868] [18.0] [cxt 0] Deparsing header 'ethernet'
[08:43:24.026] [bmv2] [D] [thread 78868] [18.0] [cxt 0] Deparser 'deparser': end
[08:43:24.026] [bmv2] [D] [thread 78872] [18.0] [cxt 0] Transmitting packet of size 211 out of port 0
[08:43:24.144] [bmv2] [D] [thread 78867] [19.0] [cxt 0] Processing packet received on port 2
[08:43:24.144] [bmv2] [D] [thread 78867] [19.0] [cxt 0] Parser 'parser': start
[08:43:24.144] [bmv2] [D] [thread 78867] [19.0] [cxt 0] Parser 'parser' entering state 'start'
[08:43:24.144] [bmv2] [D] [thread 78867] [19.0] [cxt 0] Extracting header 'ethernet'
[08:43:24.144] [bmv2] [D] [thread 78867] [19.0] [cxt 0] Parser state 'start': key is 86dd
[08:43:24.144] [bmv2] [T] [thread 78867] [19.0] [cxt 0] Bytes parsed: 14
[08:43:24.144] [bmv2] [D] [thread 78867] [19.0] [cxt 0] Parser 'parser': end
[08:43:24.144] [bmv2] [D] [thread 78867] [19.0] [cxt 0] Pipeline 'ingress': start
[08:43:24.144] [bmv2] [T] [thread 78867] [19.0] [cxt 0] switch.p4(116) Condition "hdr.ipv4.isValid()" (node_2) is false
[08:43:24.144] [bmv2] [D] [thread 78867] [19.0] [cxt 0] Pipeline 'ingress': end
[08:43:24.144] [bmv2] [D] [thread 78867] [19.0] [cxt 0] Egress port is 0
[08:43:24.144] [bmv2] [D] [thread 78868] [19.0] [cxt 0] Pipeline 'egress': start
[08:43:24.144] [bmv2] [D] [thread 78868] [19.0] [cxt 0] Pipeline 'egress': end
[08:43:24.144] [bmv2] [D] [thread 78868] [19.0] [cxt 0] Deparser 'deparser': start
[08:43:24.144] [bmv2] [T] [thread 78868] [19.0] [cxt 0] Skipping checksum 'cksum' update because condition not met
[08:43:24.144] [bmv2] [D] [thread 78868] [19.0] [cxt 0] Deparsing header 'ethernet'
[08:43:24.144] [bmv2] [D] [thread 78868] [19.0] [cxt 0] Deparser 'deparser': end
[08:43:24.144] [bmv2] [D] [thread 78872] [19.0] [cxt 0] Transmitting packet of size 90 out of port 0
[08:43:24.158] [bmv2] [D] [thread 78867] [20.0] [cxt 0] Processing packet received on port 1
[08:43:24.158] [bmv2] [D] [thread 78867] [20.0] [cxt 0] Parser 'parser': start
[08:43:24.158] [bmv2] [D] [thread 78867] [20.0] [cxt 0] Parser 'parser' entering state 'start'
[08:43:24.158] [bmv2] [D] [thread 78867] [20.0] [cxt 0] Extracting header 'ethernet'
[08:43:24.158] [bmv2] [D] [thread 78867] [20.0] [cxt 0] Parser state 'start': key is 86dd
[08:43:24.158] [bmv2] [T] [thread 78867] [20.0] [cxt 0] Bytes parsed: 14
[08:43:24.158] [bmv2] [D] [thread 78867] [20.0] [cxt 0] Parser 'parser': end
[08:43:24.158] [bmv2] [D] [thread 78867] [20.0] [cxt 0] Pipeline 'ingress': start
[08:43:24.158] [bmv2] [T] [thread 78867] [20.0] [cxt 0] switch.p4(116) Condition "hdr.ipv4.isValid()" (node_2) is false
[08:43:24.158] [bmv2] [D] [thread 78867] [20.0] [cxt 0] Pipeline 'ingress': end
[08:43:24.158] [bmv2] [D] [thread 78867] [20.0] [cxt 0] Egress port is 0
[08:43:24.158] [bmv2] [D] [thread 78868] [20.0] [cxt 0] Pipeline 'egress': start
[08:43:24.158] [bmv2] [D] [thread 78868] [20.0] [cxt 0] Pipeline 'egress': end
[08:43:24.158] [bmv2] [D] [thread 78868] [20.0] [cxt 0] Deparser 'deparser': start
[08:43:24.158] [bmv2] [T] [thread 78868] [20.0] [cxt 0] Skipping checksum 'cksum' update because condition not met
[08:43:24.158] [bmv2] [D] [thread 78868] [20.0] [cxt 0] Deparsing header 'ethernet'
[08:43:24.158] [bmv2] [D] [thread 78868] [20.0] [cxt 0] Deparser 'deparser': end
[08:43:24.158] [bmv2] [D] [thread 78872] [20.0] [cxt 0] Transmitting packet of size 199 out of port 0
[08:43:24.228] [bmv2] [D] [thread 78867] [21.0] [cxt 0] Processing packet received on port 2
[08:43:24.228] [bmv2] [D] [thread 78867] [21.0] [cxt 0] Parser 'parser': start
[08:43:24.228] [bmv2] [D] [thread 78867] [21.0] [cxt 0] Parser 'parser' entering state 'start'
[08:43:24.228] [bmv2] [D] [thread 78867] [21.0] [cxt 0] Extracting header 'ethernet'
[08:43:24.228] [bmv2] [D] [thread 78867] [21.0] [cxt 0] Parser state 'start': key is 86dd
[08:43:24.228] [bmv2] [T] [thread 78867] [21.0] [cxt 0] Bytes parsed: 14
[08:43:24.228] [bmv2] [D] [thread 78867] [21.0] [cxt 0] Parser 'parser': end
[08:43:24.228] [bmv2] [D] [thread 78867] [21.0] [cxt 0] Pipeline 'ingress': start
[08:43:24.228] [bmv2] [T] [thread 78867] [21.0] [cxt 0] switch.p4(116) Condition "hdr.ipv4.isValid()" (node_2) is false
[08:43:24.228] [bmv2] [D] [thread 78867] [21.0] [cxt 0] Pipeline 'ingress': end
[08:43:24.228] [bmv2] [D] [thread 78867] [21.0] [cxt 0] Egress port is 0
[08:43:24.228] [bmv2] [D] [thread 78867] [22.0] [cxt 0] Processing packet received on port 2
[08:43:24.228] [bmv2] [D] [thread 78867] [22.0] [cxt 0] Parser 'parser': start
[08:43:24.228] [bmv2] [D] [thread 78867] [22.0] [cxt 0] Parser 'parser' entering state 'start'
[08:43:24.228] [bmv2] [D] [thread 78867] [22.0] [cxt 0] Extracting header 'ethernet'
[08:43:24.228] [bmv2] [D] [thread 78867] [22.0] [cxt 0] Parser state 'start': key is 86dd
[08:43:24.228] [bmv2] [T] [thread 78867] [22.0] [cxt 0] Bytes parsed: 14
[08:43:24.228] [bmv2] [D] [thread 78867] [22.0] [cxt 0] Parser 'parser': end
[08:43:24.228] [bmv2] [D] [thread 78867] [22.0] [cxt 0] Pipeline 'ingress': start
[08:43:24.228] [bmv2] [T] [thread 78867] [22.0] [cxt 0] switch.p4(116) Condition "hdr.ipv4.isValid()" (node_2) is false
[08:43:24.228] [bmv2] [D] [thread 78867] [22.0] [cxt 0] Pipeline 'ingress': end
[08:43:24.228] [bmv2] [D] [thread 78868] [21.0] [cxt 0] Pipeline 'egress': start
[08:43:24.228] [bmv2] [D] [thread 78868] [21.0] [cxt 0] Pipeline 'egress': end
[08:43:24.228] [bmv2] [D] [thread 78868] [21.0] [cxt 0] Deparser 'deparser': start
[08:43:24.228] [bmv2] [T] [thread 78868] [21.0] [cxt 0] Skipping checksum 'cksum' update because condition not met
[08:43:24.228] [bmv2] [D] [thread 78868] [21.0] [cxt 0] Deparsing header 'ethernet'
[08:43:24.228] [bmv2] [D] [thread 78868] [21.0] [cxt 0] Deparser 'deparser': end
[08:43:24.228] [bmv2] [D] [thread 78872] [21.0] [cxt 0] Transmitting packet of size 90 out of port 0
[08:43:24.228] [bmv2] [D] [thread 78867] [22.0] [cxt 0] Egress port is 0
[08:43:24.228] [bmv2] [D] [thread 78868] [22.0] [cxt 0] Pipeline 'egress': start
[08:43:24.228] [bmv2] [D] [thread 78868] [22.0] [cxt 0] Pipeline 'egress': end
[08:43:24.228] [bmv2] [D] [thread 78868] [22.0] [cxt 0] Deparser 'deparser': start
[08:43:24.228] [bmv2] [T] [thread 78868] [22.0] [cxt 0] Skipping checksum 'cksum' update because condition not met
[08:43:24.228] [bmv2] [D] [thread 78868] [22.0] [cxt 0] Deparsing header 'ethernet'
[08:43:24.228] [bmv2] [D] [thread 78868] [22.0] [cxt 0] Deparser 'deparser': end
[08:43:24.228] [bmv2] [D] [thread 78872] [22.0] [cxt 0] Transmitting packet of size 70 out of port 0
[08:43:24.228] [bmv2] [D] [thread 78867] [23.0] [cxt 0] Processing packet received on port 2
[08:43:24.228] [bmv2] [D] [thread 78867] [23.0] [cxt 0] Parser 'parser': start
[08:43:24.228] [bmv2] [D] [thread 78867] [23.0] [cxt 0] Parser 'parser' entering state 'start'
[08:43:24.228] [bmv2] [D] [thread 78867] [23.0] [cxt 0] Extracting header 'ethernet'
[08:43:24.228] [bmv2] [D] [thread 78867] [23.0] [cxt 0] Parser state 'start': key is 86dd
[08:43:24.228] [bmv2] [T] [thread 78867] [23.0] [cxt 0] Bytes parsed: 14
[08:43:24.228] [bmv2] [D] [thread 78867] [23.0] [cxt 0] Parser 'parser': end
[08:43:24.228] [bmv2] [D] [thread 78867] [23.0] [cxt 0] Pipeline 'ingress': start
[08:43:24.228] [bmv2] [T] [thread 78867] [23.0] [cxt 0] switch.p4(116) Condition "hdr.ipv4.isValid()" (node_2) is false
[08:43:24.228] [bmv2] [D] [thread 78867] [23.0] [cxt 0] Pipeline 'ingress': end
[08:43:24.228] [bmv2] [D] [thread 78867] [23.0] [cxt 0] Egress port is 0
[08:43:24.228] [bmv2] [D] [thread 78868] [23.0] [cxt 0] Pipeline 'egress': start
[08:43:24.228] [bmv2] [D] [thread 78868] [23.0] [cxt 0] Pipeline 'egress': end
[08:43:24.228] [bmv2] [D] [thread 78868] [23.0] [cxt 0] Deparser 'deparser': start
[08:43:24.228] [bmv2] [T] [thread 78868] [23.0] [cxt 0] Skipping checksum 'cksum' update because condition not met
[08:43:24.228] [bmv2] [D] [thread 78868] [23.0] [cxt 0] Deparsing header 'ethernet'
[08:43:24.228] [bmv2] [D] [thread 78868] [23.0] [cxt 0] Deparser 'deparser': end
[08:43:24.228] [bmv2] [D] [thread 78872] [23.0] [cxt 0] Transmitting packet of size 90 out of port 0
[08:43:24.291] [bmv2] [D] [thread 78867] [24.0] [cxt 0] Processing packet received on port 2
[08:43:24.291] [bmv2] [D] [thread 78867] [24.0] [cxt 0] Parser 'parser': start
[08:43:24.291] [bmv2] [D] [thread 78867] [24.0] [cxt 0] Parser 'parser' entering state 'start'
[08:43:24.291] [bmv2] [D] [thread 78867] [24.0] [cxt 0] Extracting header 'ethernet'
[08:43:24.291] [bmv2] [D] [thread 78867] [24.0] [cxt 0] Parser state 'start': key is 86dd
[08:43:24.291] [bmv2] [T] [thread 78867] [24.0] [cxt 0] Bytes parsed: 14
[08:43:24.291] [bmv2] [D] [thread 78867] [24.0] [cxt 0] Parser 'parser': end
[08:43:24.291] [bmv2] [D] [thread 78867] [24.0] [cxt 0] Pipeline 'ingress': start
[08:43:24.291] [bmv2] [T] [thread 78867] [24.0] [cxt 0] switch.p4(116) Condition "hdr.ipv4.isValid()" (node_2) is false
[08:43:24.291] [bmv2] [D] [thread 78867] [24.0] [cxt 0] Pipeline 'ingress': end
[08:43:24.291] [bmv2] [D] [thread 78867] [24.0] [cxt 0] Egress port is 0
[08:43:24.291] [bmv2] [D] [thread 78868] [24.0] [cxt 0] Pipeline 'egress': start
[08:43:24.291] [bmv2] [D] [thread 78868] [24.0] [cxt 0] Pipeline 'egress': end
[08:43:24.291] [bmv2] [D] [thread 78868] [24.0] [cxt 0] Deparser 'deparser': start
[08:43:24.291] [bmv2] [T] [thread 78868] [24.0] [cxt 0] Skipping checksum 'cksum' update because condition not met
[08:43:24.291] [bmv2] [D] [thread 78868] [24.0] [cxt 0] Deparsing header 'ethernet'
[08:43:24.291] [bmv2] [D] [thread 78868] [24.0] [cxt 0] Deparser 'deparser': end
[08:43:24.291] [bmv2] [D] [thread 78872] [24.0] [cxt 0] Transmitting packet of size 211 out of port 0
[08:43:24.305] [bmv2] [D] [thread 78867] [25.0] [cxt 0] Processing packet received on port 1
[08:43:24.305] [bmv2] [D] [thread 78867] [25.0] [cxt 0] Parser 'parser': start
[08:43:24.305] [bmv2] [D] [thread 78867] [25.0] [cxt 0] Parser 'parser' entering state 'start'
[08:43:24.305] [bmv2] [D] [thread 78867] [25.0] [cxt 0] Extracting header 'ethernet'
[08:43:24.305] [bmv2] [D] [thread 78867] [25.0] [cxt 0] Parser state 'start': key is 86dd
[08:43:24.305] [bmv2] [T] [thread 78867] [25.0] [cxt 0] Bytes parsed: 14
[08:43:24.305] [bmv2] [D] [thread 78867] [25.0] [cxt 0] Parser 'parser': end
[08:43:24.305] [bmv2] [D] [thread 78867] [25.0] [cxt 0] Pipeline 'ingress': start
[08:43:24.305] [bmv2] [T] [thread 78867] [25.0] [cxt 0] switch.p4(116) Condition "hdr.ipv4.isValid()" (node_2) is false
[08:43:24.305] [bmv2] [D] [thread 78867] [25.0] [cxt 0] Pipeline 'ingress': end
[08:43:24.305] [bmv2] [D] [thread 78867] [25.0] [cxt 0] Egress port is 0
[08:43:24.305] [bmv2] [D] [thread 78868] [25.0] [cxt 0] Pipeline 'egress': start
[08:43:24.305] [bmv2] [D] [thread 78868] [25.0] [cxt 0] Pipeline 'egress': end
[08:43:24.305] [bmv2] [D] [thread 78868] [25.0] [cxt 0] Deparser 'deparser': start
[08:43:24.305] [bmv2] [T] [thread 78868] [25.0] [cxt 0] Skipping checksum 'cksum' update because condition not met
[08:43:24.305] [bmv2] [D] [thread 78868] [25.0] [cxt 0] Deparsing header 'ethernet'
[08:43:24.305] [bmv2] [D] [thread 78868] [25.0] [cxt 0] Deparser 'deparser': end
[08:43:24.305] [bmv2] [D] [thread 78872] [25.0] [cxt 0] Transmitting packet of size 203 out of port 0
[08:43:24.319] [bmv2] [D] [thread 78867] [26.0] [cxt 0] Processing packet received on port 2
[08:43:24.319] [bmv2] [D] [thread 78867] [26.0] [cxt 0] Parser 'parser': start
[08:43:24.319] [bmv2] [D] [thread 78867] [26.0] [cxt 0] Parser 'parser' entering state 'start'
[08:43:24.319] [bmv2] [D] [thread 78867] [26.0] [cxt 0] Extracting header 'ethernet'
[08:43:24.319] [bmv2] [D] [thread 78867] [26.0] [cxt 0] Parser state 'start': key is 86dd
[08:43:24.319] [bmv2] [T] [thread 78867] [26.0] [cxt 0] Bytes parsed: 14
[08:43:24.319] [bmv2] [D] [thread 78867] [26.0] [cxt 0] Parser 'parser': end
[08:43:24.319] [bmv2] [D] [thread 78867] [26.0] [cxt 0] Pipeline 'ingress': start
[08:43:24.319] [bmv2] [T] [thread 78867] [26.0] [cxt 0] switch.p4(116) Condition "hdr.ipv4.isValid()" (node_2) is false
[08:43:24.319] [bmv2] [D] [thread 78867] [26.0] [cxt 0] Pipeline 'ingress': end
[08:43:24.319] [bmv2] [D] [thread 78867] [26.0] [cxt 0] Egress port is 0
[08:43:24.319] [bmv2] [D] [thread 78868] [26.0] [cxt 0] Pipeline 'egress': start
[08:43:24.319] [bmv2] [D] [thread 78868] [26.0] [cxt 0] Pipeline 'egress': end
[08:43:24.319] [bmv2] [D] [thread 78868] [26.0] [cxt 0] Deparser 'deparser': start
[08:43:24.319] [bmv2] [T] [thread 78868] [26.0] [cxt 0] Skipping checksum 'cksum' update because condition not met
[08:43:24.320] [bmv2] [D] [thread 78868] [26.0] [cxt 0] Deparsing header 'ethernet'
[08:43:24.320] [bmv2] [D] [thread 78868] [26.0] [cxt 0] Deparser 'deparser': end
[08:43:24.320] [bmv2] [D] [thread 78872] [26.0] [cxt 0] Transmitting packet of size 203 out of port 0
[08:43:24.493] [bmv2] [D] [thread 78867] [27.0] [cxt 0] Processing packet received on port 2
[08:43:24.493] [bmv2] [D] [thread 78867] [27.0] [cxt 0] Parser 'parser': start
[08:43:24.493] [bmv2] [D] [thread 78867] [27.0] [cxt 0] Parser 'parser' entering state 'start'
[08:43:24.493] [bmv2] [D] [thread 78867] [27.0] [cxt 0] Extracting header 'ethernet'
[08:43:24.493] [bmv2] [D] [thread 78867] [27.0] [cxt 0] Parser state 'start': key is 86dd
[08:43:24.493] [bmv2] [T] [thread 78867] [27.0] [cxt 0] Bytes parsed: 14
[08:43:24.493] [bmv2] [D] [thread 78867] [27.0] [cxt 0] Parser 'parser': end
[08:43:24.493] [bmv2] [D] [thread 78867] [27.0] [cxt 0] Pipeline 'ingress': start
[08:43:24.493] [bmv2] [T] [thread 78867] [27.0] [cxt 0] switch.p4(116) Condition "hdr.ipv4.isValid()" (node_2) is false
[08:43:24.493] [bmv2] [D] [thread 78867] [27.0] [cxt 0] Pipeline 'ingress': end
[08:43:24.493] [bmv2] [D] [thread 78867] [27.0] [cxt 0] Egress port is 0
[08:43:24.493] [bmv2] [D] [thread 78868] [27.0] [cxt 0] Pipeline 'egress': start
[08:43:24.493] [bmv2] [D] [thread 78868] [27.0] [cxt 0] Pipeline 'egress': end
[08:43:24.493] [bmv2] [D] [thread 78868] [27.0] [cxt 0] Deparser 'deparser': start
[08:43:24.493] [bmv2] [T] [thread 78868] [27.0] [cxt 0] Skipping checksum 'cksum' update because condition not met
[08:43:24.493] [bmv2] [D] [thread 78868] [27.0] [cxt 0] Deparsing header 'ethernet'
[08:43:24.493] [bmv2] [D] [thread 78868] [27.0] [cxt 0] Deparser 'deparser': end
[08:43:24.493] [bmv2] [D] [thread 78872] [27.0] [cxt 0] Transmitting packet of size 211 out of port 0
[08:43:24.552] [bmv2] [D] [thread 78867] [28.0] [cxt 0] Processing packet received on port 2
[08:43:24.552] [bmv2] [D] [thread 78867] [28.0] [cxt 0] Parser 'parser': start
[08:43:24.552] [bmv2] [D] [thread 78867] [28.0] [cxt 0] Parser 'parser' entering state 'start'
[08:43:24.552] [bmv2] [D] [thread 78867] [28.0] [cxt 0] Extracting header 'ethernet'
[08:43:24.552] [bmv2] [D] [thread 78867] [28.0] [cxt 0] Parser state 'start': key is 86dd
[08:43:24.552] [bmv2] [T] [thread 78867] [28.0] [cxt 0] Bytes parsed: 14
[08:43:24.552] [bmv2] [D] [thread 78867] [28.0] [cxt 0] Parser 'parser': end
[08:43:24.552] [bmv2] [D] [thread 78867] [28.0] [cxt 0] Pipeline 'ingress': start
[08:43:24.552] [bmv2] [T] [thread 78867] [28.0] [cxt 0] switch.p4(116) Condition "hdr.ipv4.isValid()" (node_2) is false
[08:43:24.552] [bmv2] [D] [thread 78867] [28.0] [cxt 0] Pipeline 'ingress': end
[08:43:24.552] [bmv2] [D] [thread 78867] [28.0] [cxt 0] Egress port is 0
[08:43:24.552] [bmv2] [D] [thread 78868] [28.0] [cxt 0] Pipeline 'egress': start
[08:43:24.552] [bmv2] [D] [thread 78868] [28.0] [cxt 0] Pipeline 'egress': end
[08:43:24.552] [bmv2] [D] [thread 78868] [28.0] [cxt 0] Deparser 'deparser': start
[08:43:24.552] [bmv2] [T] [thread 78868] [28.0] [cxt 0] Skipping checksum 'cksum' update because condition not met
[08:43:24.552] [bmv2] [D] [thread 78868] [28.0] [cxt 0] Deparsing header 'ethernet'
[08:43:24.552] [bmv2] [D] [thread 78868] [28.0] [cxt 0] Deparser 'deparser': end
[08:43:24.552] [bmv2] [D] [thread 78872] [28.0] [cxt 0] Transmitting packet of size 211 out of port 0
[08:43:24.733] [bmv2] [D] [thread 78867] [29.0] [cxt 0] Processing packet received on port 2
[08:43:24.733] [bmv2] [D] [thread 78867] [29.0] [cxt 0] Parser 'parser': start
[08:43:24.733] [bmv2] [D] [thread 78867] [29.0] [cxt 0] Parser 'parser' entering state 'start'
[08:43:24.733] [bmv2] [D] [thread 78867] [29.0] [cxt 0] Extracting header 'ethernet'
[08:43:24.733] [bmv2] [D] [thread 78867] [29.0] [cxt 0] Parser state 'start': key is 86dd
[08:43:24.733] [bmv2] [T] [thread 78867] [29.0] [cxt 0] Bytes parsed: 14
[08:43:24.733] [bmv2] [D] [thread 78867] [29.0] [cxt 0] Parser 'parser': end
[08:43:24.733] [bmv2] [D] [thread 78867] [29.0] [cxt 0] Pipeline 'ingress': start
[08:43:24.733] [bmv2] [T] [thread 78867] [29.0] [cxt 0] switch.p4(116) Condition "hdr.ipv4.isValid()" (node_2) is false
[08:43:24.733] [bmv2] [D] [thread 78867] [29.0] [cxt 0] Pipeline 'ingress': end
[08:43:24.733] [bmv2] [D] [thread 78867] [29.0] [cxt 0] Egress port is 0
[08:43:24.733] [bmv2] [D] [thread 78868] [29.0] [cxt 0] Pipeline 'egress': start
[08:43:24.733] [bmv2] [D] [thread 78868] [29.0] [cxt 0] Pipeline 'egress': end
[08:43:24.733] [bmv2] [D] [thread 78868] [29.0] [cxt 0] Deparser 'deparser': start
[08:43:24.733] [bmv2] [T] [thread 78868] [29.0] [cxt 0] Skipping checksum 'cksum' update because condition not met
[08:43:24.733] [bmv2] [D] [thread 78868] [29.0] [cxt 0] Deparsing header 'ethernet'
[08:43:24.733] [bmv2] [D] [thread 78868] [29.0] [cxt 0] Deparser 'deparser': end
[08:43:24.733] [bmv2] [D] [thread 78872] [29.0] [cxt 0] Transmitting packet of size 199 out of port 0
[08:43:24.744] [bmv2] [D] [thread 78867] [30.0] [cxt 0] Processing packet received on port 2
[08:43:24.744] [bmv2] [D] [thread 78867] [30.0] [cxt 0] Parser 'parser': start
[08:43:24.744] [bmv2] [D] [thread 78867] [30.0] [cxt 0] Parser 'parser' entering state 'start'
[08:43:24.744] [bmv2] [D] [thread 78867] [30.0] [cxt 0] Extracting header 'ethernet'
[08:43:24.744] [bmv2] [D] [thread 78867] [30.0] [cxt 0] Parser state 'start': key is 86dd
[08:43:24.744] [bmv2] [T] [thread 78867] [30.0] [cxt 0] Bytes parsed: 14
[08:43:24.744] [bmv2] [D] [thread 78867] [30.0] [cxt 0] Parser 'parser': end
[08:43:24.744] [bmv2] [D] [thread 78867] [30.0] [cxt 0] Pipeline 'ingress': start
[08:43:24.744] [bmv2] [T] [thread 78867] [30.0] [cxt 0] switch.p4(116) Condition "hdr.ipv4.isValid()" (node_2) is false
[08:43:24.744] [bmv2] [D] [thread 78867] [30.0] [cxt 0] Pipeline 'ingress': end
[08:43:24.744] [bmv2] [D] [thread 78867] [30.0] [cxt 0] Egress port is 0
[08:43:24.744] [bmv2] [D] [thread 78868] [30.0] [cxt 0] Pipeline 'egress': start
[08:43:24.744] [bmv2] [D] [thread 78868] [30.0] [cxt 0] Pipeline 'egress': end
[08:43:24.744] [bmv2] [D] [thread 78868] [30.0] [cxt 0] Deparser 'deparser': start
[08:43:24.744] [bmv2] [T] [thread 78868] [30.0] [cxt 0] Skipping checksum 'cksum' update because condition not met
[08:43:24.744] [bmv2] [D] [thread 78868] [30.0] [cxt 0] Deparsing header 'ethernet'
[08:43:24.744] [bmv2] [D] [thread 78868] [30.0] [cxt 0] Deparser 'deparser': end
[08:43:24.745] [bmv2] [D] [thread 78872] [30.0] [cxt 0] Transmitting packet of size 211 out of port 0
[08:43:24.919] [bmv2] [D] [thread 78867] [31.0] [cxt 0] Processing packet received on port 2
[08:43:24.919] [bmv2] [D] [thread 78867] [31.0] [cxt 0] Parser 'parser': start
[08:43:24.919] [bmv2] [D] [thread 78867] [31.0] [cxt 0] Parser 'parser' entering state 'start'
[08:43:24.920] [bmv2] [D] [thread 78867] [31.0] [cxt 0] Extracting header 'ethernet'
[08:43:24.920] [bmv2] [D] [thread 78867] [31.0] [cxt 0] Parser state 'start': key is 86dd
[08:43:24.920] [bmv2] [T] [thread 78867] [31.0] [cxt 0] Bytes parsed: 14
[08:43:24.920] [bmv2] [D] [thread 78867] [31.0] [cxt 0] Parser 'parser': end
[08:43:24.920] [bmv2] [D] [thread 78867] [31.0] [cxt 0] Pipeline 'ingress': start
[08:43:24.920] [bmv2] [T] [thread 78867] [31.0] [cxt 0] switch.p4(116) Condition "hdr.ipv4.isValid()" (node_2) is false
[08:43:24.920] [bmv2] [D] [thread 78867] [31.0] [cxt 0] Pipeline 'ingress': end
[08:43:24.920] [bmv2] [D] [thread 78867] [31.0] [cxt 0] Egress port is 0
[08:43:24.921] [bmv2] [D] [thread 78868] [31.0] [cxt 0] Pipeline 'egress': start
[08:43:24.921] [bmv2] [D] [thread 78868] [31.0] [cxt 0] Pipeline 'egress': end
[08:43:24.921] [bmv2] [D] [thread 78868] [31.0] [cxt 0] Deparser 'deparser': start
[08:43:24.921] [bmv2] [T] [thread 78868] [31.0] [cxt 0] Skipping checksum 'cksum' update because condition not met
[08:43:24.921] [bmv2] [D] [thread 78868] [31.0] [cxt 0] Deparsing header 'ethernet'
[08:43:24.921] [bmv2] [D] [thread 78868] [31.0] [cxt 0] Deparser 'deparser': end
[08:43:24.921] [bmv2] [D] [thread 78872] [31.0] [cxt 0] Transmitting packet of size 203 out of port 0
[08:43:24.984] [bmv2] [D] [thread 78867] [32.0] [cxt 0] Processing packet received on port 2
[08:43:24.984] [bmv2] [D] [thread 78867] [32.0] [cxt 0] Parser 'parser': start
[08:43:24.984] [bmv2] [D] [thread 78867] [32.0] [cxt 0] Parser 'parser' entering state 'start'
[08:43:24.984] [bmv2] [D] [thread 78867] [32.0] [cxt 0] Extracting header 'ethernet'
[08:43:24.984] [bmv2] [D] [thread 78867] [32.0] [cxt 0] Parser state 'start': key is 86dd
[08:43:24.984] [bmv2] [T] [thread 78867] [32.0] [cxt 0] Bytes parsed: 14
[08:43:24.984] [bmv2] [D] [thread 78867] [32.0] [cxt 0] Parser 'parser': end
[08:43:24.984] [bmv2] [D] [thread 78867] [32.0] [cxt 0] Pipeline 'ingress': start
[08:43:24.984] [bmv2] [T] [thread 78867] [32.0] [cxt 0] switch.p4(116) Condition "hdr.ipv4.isValid()" (node_2) is false
[08:43:24.984] [bmv2] [D] [thread 78867] [32.0] [cxt 0] Pipeline 'ingress': end
[08:43:24.984] [bmv2] [D] [thread 78867] [32.0] [cxt 0] Egress port is 0
[08:43:24.984] [bmv2] [D] [thread 78868] [32.0] [cxt 0] Pipeline 'egress': start
[08:43:24.984] [bmv2] [D] [thread 78868] [32.0] [cxt 0] Pipeline 'egress': end
[08:43:24.984] [bmv2] [D] [thread 78868] [32.0] [cxt 0] Deparser 'deparser': start
[08:43:24.984] [bmv2] [T] [thread 78868] [32.0] [cxt 0] Skipping checksum 'cksum' update because condition not met
[08:43:24.984] [bmv2] [D] [thread 78868] [32.0] [cxt 0] Deparsing header 'ethernet'
[08:43:24.984] [bmv2] [D] [thread 78868] [32.0] [cxt 0] Deparser 'deparser': end
[08:43:24.984] [bmv2] [D] [thread 78872] [32.0] [cxt 0] Transmitting packet of size 110 out of port 0
[08:43:24.992] [bmv2] [D] [thread 78867] [33.0] [cxt 0] Processing packet received on port 2
[08:43:24.992] [bmv2] [D] [thread 78867] [33.0] [cxt 0] Parser 'parser': start
[08:43:24.992] [bmv2] [D] [thread 78867] [33.0] [cxt 0] Parser 'parser' entering state 'start'
[08:43:24.992] [bmv2] [D] [thread 78867] [33.0] [cxt 0] Extracting header 'ethernet'
[08:43:24.992] [bmv2] [D] [thread 78867] [33.0] [cxt 0] Parser state 'start': key is 86dd
[08:43:24.992] [bmv2] [T] [thread 78867] [33.0] [cxt 0] Bytes parsed: 14
[08:43:24.992] [bmv2] [D] [thread 78867] [33.0] [cxt 0] Parser 'parser': end
[08:43:24.992] [bmv2] [D] [thread 78867] [33.0] [cxt 0] Pipeline 'ingress': start
[08:43:24.992] [bmv2] [T] [thread 78867] [33.0] [cxt 0] switch.p4(116) Condition "hdr.ipv4.isValid()" (node_2) is false
[08:43:24.992] [bmv2] [D] [thread 78867] [33.0] [cxt 0] Pipeline 'ingress': end
[08:43:24.992] [bmv2] [D] [thread 78867] [33.0] [cxt 0] Egress port is 0
[08:43:24.992] [bmv2] [D] [thread 78868] [33.0] [cxt 0] Pipeline 'egress': start
[08:43:24.992] [bmv2] [D] [thread 78868] [33.0] [cxt 0] Pipeline 'egress': end
[08:43:24.992] [bmv2] [D] [thread 78868] [33.0] [cxt 0] Deparser 'deparser': start
[08:43:24.992] [bmv2] [T] [thread 78868] [33.0] [cxt 0] Skipping checksum 'cksum' update because condition not met
[08:43:24.992] [bmv2] [D] [thread 78868] [33.0] [cxt 0] Deparsing header 'ethernet'
[08:43:24.992] [bmv2] [D] [thread 78868] [33.0] [cxt 0] Deparser 'deparser': end
[08:43:24.992] [bmv2] [D] [thread 78872] [33.0] [cxt 0] Transmitting packet of size 211 out of port 0
[08:43:25.049] [bmv2] [D] [thread 78867] [34.0] [cxt 0] Processing packet received on port 2
[08:43:25.049] [bmv2] [D] [thread 78867] [34.0] [cxt 0] Parser 'parser': start
[08:43:25.049] [bmv2] [D] [thread 78867] [34.0] [cxt 0] Parser 'parser' entering state 'start'
[08:43:25.049] [bmv2] [D] [thread 78867] [34.0] [cxt 0] Extracting header 'ethernet'
[08:43:25.049] [bmv2] [D] [thread 78867] [34.0] [cxt 0] Parser state 'start': key is 86dd
[08:43:25.049] [bmv2] [T] [thread 78867] [34.0] [cxt 0] Bytes parsed: 14
[08:43:25.050] [bmv2] [D] [thread 78867] [34.0] [cxt 0] Parser 'parser': end
[08:43:25.050] [bmv2] [D] [thread 78867] [34.0] [cxt 0] Pipeline 'ingress': start
[08:43:25.050] [bmv2] [T] [thread 78867] [34.0] [cxt 0] switch.p4(116) Condition "hdr.ipv4.isValid()" (node_2) is false
[08:43:25.050] [bmv2] [D] [thread 78867] [34.0] [cxt 0] Pipeline 'ingress': end
[08:43:25.050] [bmv2] [D] [thread 78867] [34.0] [cxt 0] Egress port is 0
[08:43:25.050] [bmv2] [D] [thread 78868] [34.0] [cxt 0] Pipeline 'egress': start
[08:43:25.050] [bmv2] [D] [thread 78868] [34.0] [cxt 0] Pipeline 'egress': end
[08:43:25.050] [bmv2] [D] [thread 78868] [34.0] [cxt 0] Deparser 'deparser': start
[08:43:25.050] [bmv2] [T] [thread 78868] [34.0] [cxt 0] Skipping checksum 'cksum' update because condition not met
[08:43:25.050] [bmv2] [D] [thread 78868] [34.0] [cxt 0] Deparsing header 'ethernet'
[08:43:25.050] [bmv2] [D] [thread 78868] [34.0] [cxt 0] Deparser 'deparser': end
[08:43:25.050] [bmv2] [D] [thread 78872] [34.0] [cxt 0] Transmitting packet of size 90 out of port 0
[08:43:25.194] [bmv2] [D] [thread 78867] [35.0] [cxt 0] Processing packet received on port 2
[08:43:25.194] [bmv2] [D] [thread 78867] [35.0] [cxt 0] Parser 'parser': start
[08:43:25.194] [bmv2] [D] [thread 78867] [35.0] [cxt 0] Parser 'parser' entering state 'start'
[08:43:25.194] [bmv2] [D] [thread 78867] [35.0] [cxt 0] Extracting header 'ethernet'
[08:43:25.194] [bmv2] [D] [thread 78867] [35.0] [cxt 0] Parser state 'start': key is 86dd
[08:43:25.194] [bmv2] [T] [thread 78867] [35.0] [cxt 0] Bytes parsed: 14
[08:43:25.194] [bmv2] [D] [thread 78867] [35.0] [cxt 0] Parser 'parser': end
[08:43:25.194] [bmv2] [D] [thread 78867] [35.0] [cxt 0] Pipeline 'ingress': start
[08:43:25.194] [bmv2] [T] [thread 78867] [35.0] [cxt 0] switch.p4(116) Condition "hdr.ipv4.isValid()" (node_2) is false
[08:43:25.195] [bmv2] [D] [thread 78867] [35.0] [cxt 0] Pipeline 'ingress': end
[08:43:25.195] [bmv2] [D] [thread 78867] [35.0] [cxt 0] Egress port is 0
[08:43:25.195] [bmv2] [D] [thread 78868] [35.0] [cxt 0] Pipeline 'egress': start
[08:43:25.195] [bmv2] [D] [thread 78868] [35.0] [cxt 0] Pipeline 'egress': end
[08:43:25.195] [bmv2] [D] [thread 78868] [35.0] [cxt 0] Deparser 'deparser': start
[08:43:25.195] [bmv2] [T] [thread 78868] [35.0] [cxt 0] Skipping checksum 'cksum' update because condition not met
[08:43:25.195] [bmv2] [D] [thread 78868] [35.0] [cxt 0] Deparsing header 'ethernet'
[08:43:25.195] [bmv2] [D] [thread 78868] [35.0] [cxt 0] Deparser 'deparser': end
[08:43:25.195] [bmv2] [D] [thread 78872] [35.0] [cxt 0] Transmitting packet of size 199 out of port 0
[08:43:25.346] [bmv2] [D] [thread 78867] [36.0] [cxt 0] Processing packet received on port 1
[08:43:25.346] [bmv2] [D] [thread 78867] [36.0] [cxt 0] Parser 'parser': start
[08:43:25.346] [bmv2] [D] [thread 78867] [36.0] [cxt 0] Parser 'parser' entering state 'start'
[08:43:25.346] [bmv2] [D] [thread 78867] [36.0] [cxt 0] Extracting header 'ethernet'
[08:43:25.346] [bmv2] [D] [thread 78867] [36.0] [cxt 0] Parser state 'start': key is 86dd
[08:43:25.346] [bmv2] [T] [thread 78867] [36.0] [cxt 0] Bytes parsed: 14
[08:43:25.346] [bmv2] [D] [thread 78867] [36.0] [cxt 0] Parser 'parser': end
[08:43:25.346] [bmv2] [D] [thread 78867] [36.0] [cxt 0] Pipeline 'ingress': start
[08:43:25.346] [bmv2] [T] [thread 78867] [36.0] [cxt 0] switch.p4(116) Condition "hdr.ipv4.isValid()" (node_2) is false
[08:43:25.346] [bmv2] [D] [thread 78867] [36.0] [cxt 0] Pipeline 'ingress': end
[08:43:25.346] [bmv2] [D] [thread 78867] [36.0] [cxt 0] Egress port is 0
[08:43:25.346] [bmv2] [D] [thread 78868] [36.0] [cxt 0] Pipeline 'egress': start
[08:43:25.346] [bmv2] [D] [thread 78868] [36.0] [cxt 0] Pipeline 'egress': end
[08:43:25.346] [bmv2] [D] [thread 78868] [36.0] [cxt 0] Deparser 'deparser': start
[08:43:25.346] [bmv2] [T] [thread 78868] [36.0] [cxt 0] Skipping checksum 'cksum' update because condition not met
[08:43:25.346] [bmv2] [D] [thread 78868] [36.0] [cxt 0] Deparsing header 'ethernet'
[08:43:25.346] [bmv2] [D] [thread 78868] [36.0] [cxt 0] Deparser 'deparser': end
[08:43:25.346] [bmv2] [D] [thread 78872] [36.0] [cxt 0] Transmitting packet of size 199 out of port 0
[08:43:25.358] [bmv2] [D] [thread 78867] [37.0] [cxt 0] Processing packet received on port 2
[08:43:25.358] [bmv2] [D] [thread 78867] [37.0] [cxt 0] Parser 'parser': start
[08:43:25.358] [bmv2] [D] [thread 78867] [37.0] [cxt 0] Parser 'parser' entering state 'start'
[08:43:25.358] [bmv2] [D] [thread 78867] [37.0] [cxt 0] Extracting header 'ethernet'
[08:43:25.358] [bmv2] [D] [thread 78867] [37.0] [cxt 0] Parser state 'start': key is 86dd
[08:43:25.358] [bmv2] [T] [thread 78867] [37.0] [cxt 0] Bytes parsed: 14
[08:43:25.358] [bmv2] [D] [thread 78867] [37.0] [cxt 0] Parser 'parser': end
[08:43:25.358] [bmv2] [D] [thread 78867] [37.0] [cxt 0] Pipeline 'ingress': start
[08:43:25.358] [bmv2] [T] [thread 78867] [37.0] [cxt 0] switch.p4(116) Condition "hdr.ipv4.isValid()" (node_2) is false
[08:43:25.358] [bmv2] [D] [thread 78867] [37.0] [cxt 0] Pipeline 'ingress': end
[08:43:25.358] [bmv2] [D] [thread 78867] [37.0] [cxt 0] Egress port is 0
[08:43:25.358] [bmv2] [D] [thread 78868] [37.0] [cxt 0] Pipeline 'egress': start
[08:43:25.358] [bmv2] [D] [thread 78868] [37.0] [cxt 0] Pipeline 'egress': end
[08:43:25.358] [bmv2] [D] [thread 78868] [37.0] [cxt 0] Deparser 'deparser': start
[08:43:25.358] [bmv2] [T] [thread 78868] [37.0] [cxt 0] Skipping checksum 'cksum' update because condition not met
[08:43:25.358] [bmv2] [D] [thread 78868] [37.0] [cxt 0] Deparsing header 'ethernet'
[08:43:25.358] [bmv2] [D] [thread 78868] [37.0] [cxt 0] Deparser 'deparser': end
[08:43:25.359] [bmv2] [D] [thread 78872] [37.0] [cxt 0] Transmitting packet of size 203 out of port 0
[08:43:25.557] [bmv2] [W] [thread 78949] [P4Runtime] p4::tmp::P4DeviceConfig is deprecated
[08:43:25.557] [bmv2] [D] [thread 78949] Set default default entry for table 'MyIngress.ipv4_lpm': MyIngress.drop - 
[08:43:25.564] [bmv2] [D] [thread 78949] simple_switch target has been notified of a config swap
[08:43:25.707] [bmv2] [D] [thread 78949] Set default entry for table 'MyIngress.ipv4_lpm': MyIngress.drop - 
[08:43:25.714] [bmv2] [D] [thread 78949] Entry 0 added to table 'MyIngress.ipv4_lpm'
[08:43:25.714] [bmv2] [D] [thread 78949] Dumping entry 0
Match key:
* hdr.ipv4.dstAddr    : LPM       0a000101/32
Action entry: MyIngress.ipv4_forward - 80000000111,1,

[08:43:25.716] [bmv2] [D] [thread 78950] Entry 1 added to table 'MyIngress.ipv4_lpm'
[08:43:25.716] [bmv2] [D] [thread 78950] Dumping entry 1
Match key:
* hdr.ipv4.dstAddr    : LPM       0a000202/32
Action entry: MyIngress.ipv4_forward - 80000000200,2,

[08:43:25.908] [bmv2] [D] [thread 78867] [38.0] [cxt 0] Processing packet received on port 2
[08:43:25.908] [bmv2] [D] [thread 78867] [38.0] [cxt 0] Parser 'parser': start
[08:43:25.908] [bmv2] [D] [thread 78867] [38.0] [cxt 0] Parser 'parser' entering state 'start'
[08:43:25.908] [bmv2] [D] [thread 78867] [38.0] [cxt 0] Extracting header 'ethernet'
[08:43:25.908] [bmv2] [D] [thread 78867] [38.0] [cxt 0] Parser state 'start': key is 86dd
[08:43:25.908] [bmv2] [T] [thread 78867] [38.0] [cxt 0] Bytes parsed: 14
[08:43:25.908] [bmv2] [D] [thread 78867] [38.0] [cxt 0] Parser 'parser': end
[08:43:25.908] [bmv2] [D] [thread 78867] [38.0] [cxt 0] Pipeline 'ingress': start
[08:43:25.908] [bmv2] [T] [thread 78867] [38.0] [cxt 0] switch.p4(116) Condition "hdr.ipv4.isValid()" (node_2) is false
[08:43:25.908] [bmv2] [D] [thread 78867] [38.0] [cxt 0] Pipeline 'ingress': end
[08:43:25.908] [bmv2] [D] [thread 78867] [38.0] [cxt 0] Egress port is 0
[08:43:25.908] [bmv2] [D] [thread 78868] [38.0] [cxt 0] Pipeline 'egress': start
[08:43:25.908] [bmv2] [D] [thread 78868] [38.0] [cxt 0] Pipeline 'egress': end
[08:43:25.908] [bmv2] [D] [thread 78868] [38.0] [cxt 0] Deparser 'deparser': start
[08:43:25.908] [bmv2] [T] [thread 78868] [38.0] [cxt 0] Skipping checksum 'cksum' update because condition not met
[08:43:25.908] [bmv2] [D] [thread 78868] [38.0] [cxt 0] Deparsing header 'ethernet'
[08:43:25.908] [bmv2] [D] [thread 78868] [38.0] [cxt 0] Deparser 'deparser': end
[08:43:25.908] [bmv2] [D] [thread 78872] [38.0] [cxt 0] Transmitting packet of size 199 out of port 0
[08:43:26.316] [bmv2] [D] [thread 78867] [39.0] [cxt 0] Processing packet received on port 1
[08:43:26.316] [bmv2] [D] [thread 78867] [39.0] [cxt 0] Parser 'parser': start
[08:43:26.316] [bmv2] [D] [thread 78867] [39.0] [cxt 0] Parser 'parser' entering state 'start'
[08:43:26.316] [bmv2] [D] [thread 78867] [39.0] [cxt 0] Extracting header 'ethernet'
[08:43:26.316] [bmv2] [D] [thread 78867] [39.0] [cxt 0] Parser state 'start': key is 86dd
[08:43:26.316] [bmv2] [T] [thread 78867] [39.0] [cxt 0] Bytes parsed: 14
[08:43:26.316] [bmv2] [D] [thread 78867] [39.0] [cxt 0] Parser 'parser': end
[08:43:26.316] [bmv2] [D] [thread 78867] [39.0] [cxt 0] Pipeline 'ingress': start
[08:43:26.316] [bmv2] [T] [thread 78867] [39.0] [cxt 0] switch.p4(116) Condition "hdr.ipv4.isValid()" (node_2) is false
[08:43:26.316] [bmv2] [D] [thread 78867] [39.0] [cxt 0] Pipeline 'ingress': end
[08:43:26.316] [bmv2] [D] [thread 78867] [39.0] [cxt 0] Egress port is 0
[08:43:26.316] [bmv2] [D] [thread 78868] [39.0] [cxt 0] Pipeline 'egress': start
[08:43:26.316] [bmv2] [D] [thread 78868] [39.0] [cxt 0] Pipeline 'egress': end
[08:43:26.316] [bmv2] [D] [thread 78868] [39.0] [cxt 0] Deparser 'deparser': start
[08:43:26.316] [bmv2] [T] [thread 78868] [39.0] [cxt 0] Skipping checksum 'cksum' update because condition not met
[08:43:26.316] [bmv2] [D] [thread 78868] [39.0] [cxt 0] Deparsing header 'ethernet'
[08:43:26.316] [bmv2] [D] [thread 78868] [39.0] [cxt 0] Deparser 'deparser': end
[08:43:26.316] [bmv2] [D] [thread 78872] [39.0] [cxt 0] Transmitting packet of size 203 out of port 0
[08:43:26.371] [bmv2] [D] [thread 78867] [40.0] [cxt 0] Processing packet received on port 2
[08:43:26.371] [bmv2] [D] [thread 78867] [40.0] [cxt 0] Parser 'parser': start
[08:43:26.371] [bmv2] [D] [thread 78867] [40.0] [cxt 0] Parser 'parser' entering state 'start'
[08:43:26.371] [bmv2] [D] [thread 78867] [40.0] [cxt 0] Extracting header 'ethernet'
[08:43:26.371] [bmv2] [D] [thread 78867] [40.0] [cxt 0] Parser state 'start': key is 86dd
[08:43:26.371] [bmv2] [T] [thread 78867] [40.0] [cxt 0] Bytes parsed: 14
[08:43:26.371] [bmv2] [D] [thread 78867] [40.0] [cxt 0] Parser 'parser': end
[08:43:26.371] [bmv2] [D] [thread 78867] [40.0] [cxt 0] Pipeline 'ingress': start
[08:43:26.371] [bmv2] [T] [thread 78867] [40.0] [cxt 0] switch.p4(116) Condition "hdr.ipv4.isValid()" (node_2) is false
[08:43:26.371] [bmv2] [D] [thread 78867] [40.0] [cxt 0] Pipeline 'ingress': end
[08:43:26.371] [bmv2] [D] [thread 78867] [40.0] [cxt 0] Egress port is 0
[08:43:26.371] [bmv2] [D] [thread 78868] [40.0] [cxt 0] Pipeline 'egress': start
[08:43:26.371] [bmv2] [D] [thread 78868] [40.0] [cxt 0] Pipeline 'egress': end
[08:43:26.371] [bmv2] [D] [thread 78868] [40.0] [cxt 0] Deparser 'deparser': start
[08:43:26.371] [bmv2] [T] [thread 78868] [40.0] [cxt 0] Skipping checksum 'cksum' update because condition not met
[08:43:26.371] [bmv2] [D] [thread 78868] [40.0] [cxt 0] Deparsing header 'ethernet'
[08:43:26.371] [bmv2] [D] [thread 78868] [40.0] [cxt 0] Deparser 'deparser': end
[08:43:26.371] [bmv2] [D] [thread 78872] [40.0] [cxt 0] Transmitting packet of size 199 out of port 0
[08:43:26.915] [bmv2] [D] [thread 78867] [41.0] [cxt 0] Processing packet received on port 2
[08:43:26.915] [bmv2] [D] [thread 78867] [41.0] [cxt 0] Parser 'parser': start
[08:43:26.915] [bmv2] [D] [thread 78867] [41.0] [cxt 0] Parser 'parser' entering state 'start'
[08:43:26.915] [bmv2] [D] [thread 78867] [41.0] [cxt 0] Extracting header 'ethernet'
[08:43:26.915] [bmv2] [D] [thread 78867] [41.0] [cxt 0] Parser state 'start': key is 86dd
[08:43:26.915] [bmv2] [T] [thread 78867] [41.0] [cxt 0] Bytes parsed: 14
[08:43:26.915] [bmv2] [D] [thread 78867] [41.0] [cxt 0] Parser 'parser': end
[08:43:26.915] [bmv2] [D] [thread 78867] [41.0] [cxt 0] Pipeline 'ingress': start
[08:43:26.915] [bmv2] [T] [thread 78867] [41.0] [cxt 0] switch.p4(116) Condition "hdr.ipv4.isValid()" (node_2) is false
[08:43:26.915] [bmv2] [D] [thread 78867] [41.0] [cxt 0] Pipeline 'ingress': end
[08:43:26.915] [bmv2] [D] [thread 78867] [41.0] [cxt 0] Egress port is 0
[08:43:26.915] [bmv2] [D] [thread 78868] [41.0] [cxt 0] Pipeline 'egress': start
[08:43:26.915] [bmv2] [D] [thread 78868] [41.0] [cxt 0] Pipeline 'egress': end
[08:43:26.915] [bmv2] [D] [thread 78868] [41.0] [cxt 0] Deparser 'deparser': start
[08:43:26.915] [bmv2] [T] [thread 78868] [41.0] [cxt 0] Skipping checksum 'cksum' update because condition not met
[08:43:26.915] [bmv2] [D] [thread 78868] [41.0] [cxt 0] Deparsing header 'ethernet'
[08:43:26.915] [bmv2] [D] [thread 78868] [41.0] [cxt 0] Deparser 'deparser': end
[08:43:26.915] [bmv2] [D] [thread 78872] [41.0] [cxt 0] Transmitting packet of size 203 out of port 0
[08:43:27.373] [bmv2] [D] [thread 78867] [42.0] [cxt 0] Processing packet received on port 1
[08:43:27.373] [bmv2] [D] [thread 78867] [42.0] [cxt 0] Parser 'parser': start
[08:43:27.378] [bmv2] [D] [thread 78867] [42.0] [cxt 0] Parser 'parser' entering state 'start'
[08:43:27.378] [bmv2] [D] [thread 78867] [42.0] [cxt 0] Extracting header 'ethernet'
[08:43:27.378] [bmv2] [D] [thread 78867] [42.0] [cxt 0] Parser state 'start': key is 86dd
[08:43:27.378] [bmv2] [T] [thread 78867] [42.0] [cxt 0] Bytes parsed: 14
[08:43:27.378] [bmv2] [D] [thread 78867] [42.0] [cxt 0] Parser 'parser': end
[08:43:27.378] [bmv2] [D] [thread 78867] [42.0] [cxt 0] Pipeline 'ingress': start
[08:43:27.378] [bmv2] [T] [thread 78867] [42.0] [cxt 0] switch.p4(116) Condition "hdr.ipv4.isValid()" (node_2) is false
[08:43:27.378] [bmv2] [D] [thread 78867] [42.0] [cxt 0] Pipeline 'ingress': end
[08:43:27.378] [bmv2] [D] [thread 78867] [42.0] [cxt 0] Egress port is 0
[08:43:27.378] [bmv2] [D] [thread 78868] [42.0] [cxt 0] Pipeline 'egress': start
[08:43:27.378] [bmv2] [D] [thread 78868] [42.0] [cxt 0] Pipeline 'egress': end
[08:43:27.378] [bmv2] [D] [thread 78868] [42.0] [cxt 0] Deparser 'deparser': start
[08:43:27.378] [bmv2] [T] [thread 78868] [42.0] [cxt 0] Skipping checksum 'cksum' update because condition not met
[08:43:27.378] [bmv2] [D] [thread 78868] [42.0] [cxt 0] Deparsing header 'ethernet'
[08:43:27.378] [bmv2] [D] [thread 78868] [42.0] [cxt 0] Deparser 'deparser': end
[08:43:27.378] [bmv2] [D] [thread 78872] [42.0] [cxt 0] Transmitting packet of size 70 out of port 0
[08:43:27.378] [bmv2] [D] [thread 78867] [43.0] [cxt 0] Processing packet received on port 2
[08:43:27.378] [bmv2] [D] [thread 78867] [43.0] [cxt 0] Parser 'parser': start
[08:43:27.378] [bmv2] [D] [thread 78867] [43.0] [cxt 0] Parser 'parser' entering state 'start'
[08:43:27.378] [bmv2] [D] [thread 78867] [43.0] [cxt 0] Extracting header 'ethernet'
[08:43:27.378] [bmv2] [D] [thread 78867] [43.0] [cxt 0] Parser state 'start': key is 86dd
[08:43:27.378] [bmv2] [T] [thread 78867] [43.0] [cxt 0] Bytes parsed: 14
[08:43:27.378] [bmv2] [D] [thread 78867] [43.0] [cxt 0] Parser 'parser': end
[08:43:27.378] [bmv2] [D] [thread 78867] [43.0] [cxt 0] Pipeline 'ingress': start
[08:43:27.378] [bmv2] [T] [thread 78867] [43.0] [cxt 0] switch.p4(116) Condition "hdr.ipv4.isValid()" (node_2) is false
[08:43:27.378] [bmv2] [D] [thread 78867] [43.0] [cxt 0] Pipeline 'ingress': end
[08:43:27.378] [bmv2] [D] [thread 78867] [43.0] [cxt 0] Egress port is 0
[08:43:27.378] [bmv2] [D] [thread 78868] [43.0] [cxt 0] Pipeline 'egress': start
[08:43:27.378] [bmv2] [D] [thread 78868] [43.0] [cxt 0] Pipeline 'egress': end
[08:43:27.378] [bmv2] [D] [thread 78868] [43.0] [cxt 0] Deparser 'deparser': start
[08:43:27.378] [bmv2] [T] [thread 78868] [43.0] [cxt 0] Skipping checksum 'cksum' update because condition not met
[08:43:27.378] [bmv2] [D] [thread 78868] [43.0] [cxt 0] Deparsing header 'ethernet'
[08:43:27.378] [bmv2] [D] [thread 78868] [43.0] [cxt 0] Deparser 'deparser': end
[08:43:27.378] [bmv2] [D] [thread 78872] [43.0] [cxt 0] Transmitting packet of size 203 out of port 0
[08:43:27.580] [bmv2] [D] [thread 78867] [44.0] [cxt 0] Processing packet received on port 1
[08:43:27.580] [bmv2] [D] [thread 78867] [44.0] [cxt 0] Parser 'parser': start
[08:43:27.580] [bmv2] [D] [thread 78867] [44.0] [cxt 0] Parser 'parser' entering state 'start'
[08:43:27.580] [bmv2] [D] [thread 78867] [44.0] [cxt 0] Extracting header 'ethernet'
[08:43:27.580] [bmv2] [D] [thread 78867] [44.0] [cxt 0] Parser state 'start': key is 86dd
[08:43:27.580] [bmv2] [T] [thread 78867] [44.0] [cxt 0] Bytes parsed: 14
[08:43:27.580] [bmv2] [D] [thread 78867] [44.0] [cxt 0] Parser 'parser': end
[08:43:27.580] [bmv2] [D] [thread 78867] [44.0] [cxt 0] Pipeline 'ingress': start
[08:43:27.580] [bmv2] [T] [thread 78867] [44.0] [cxt 0] switch.p4(116) Condition "hdr.ipv4.isValid()" (node_2) is false
[08:43:27.580] [bmv2] [D] [thread 78867] [44.0] [cxt 0] Pipeline 'ingress': end
[08:43:27.580] [bmv2] [D] [thread 78867] [44.0] [cxt 0] Egress port is 0
[08:43:27.580] [bmv2] [D] [thread 78868] [44.0] [cxt 0] Pipeline 'egress': start
[08:43:27.580] [bmv2] [D] [thread 78868] [44.0] [cxt 0] Pipeline 'egress': end
[08:43:27.580] [bmv2] [D] [thread 78868] [44.0] [cxt 0] Deparser 'deparser': start
[08:43:27.580] [bmv2] [T] [thread 78868] [44.0] [cxt 0] Skipping checksum 'cksum' update because condition not met
[08:43:27.580] [bmv2] [D] [thread 78868] [44.0] [cxt 0] Deparsing header 'ethernet'
[08:43:27.580] [bmv2] [D] [thread 78868] [44.0] [cxt 0] Deparser 'deparser': end
[08:43:27.580] [bmv2] [D] [thread 78872] [44.0] [cxt 0] Transmitting packet of size 199 out of port 0
[08:43:27.672] [bmv2] [D] [thread 78867] [45.0] [cxt 0] Processing packet received on port 2
[08:43:27.672] [bmv2] [D] [thread 78867] [45.0] [cxt 0] Parser 'parser': start
[08:43:27.672] [bmv2] [D] [thread 78867] [45.0] [cxt 0] Parser 'parser' entering state 'start'
[08:43:27.672] [bmv2] [D] [thread 78867] [45.0] [cxt 0] Extracting header 'ethernet'
[08:43:27.672] [bmv2] [D] [thread 78867] [45.0] [cxt 0] Parser state 'start': key is 86dd
[08:43:27.672] [bmv2] [T] [thread 78867] [45.0] [cxt 0] Bytes parsed: 14
[08:43:27.672] [bmv2] [D] [thread 78867] [45.0] [cxt 0] Parser 'parser': end
[08:43:27.672] [bmv2] [D] [thread 78867] [45.0] [cxt 0] Pipeline 'ingress': start
[08:43:27.672] [bmv2] [T] [thread 78867] [45.0] [cxt 0] switch.p4(116) Condition "hdr.ipv4.isValid()" (node_2) is false
[08:43:27.672] [bmv2] [D] [thread 78867] [45.0] [cxt 0] Pipeline 'ingress': end
[08:43:27.672] [bmv2] [D] [thread 78867] [45.0] [cxt 0] Egress port is 0
[08:43:27.672] [bmv2] [D] [thread 78868] [45.0] [cxt 0] Pipeline 'egress': start
[08:43:27.672] [bmv2] [D] [thread 78868] [45.0] [cxt 0] Pipeline 'egress': end
[08:43:27.672] [bmv2] [D] [thread 78868] [45.0] [cxt 0] Deparser 'deparser': start
[08:43:27.672] [bmv2] [T] [thread 78868] [45.0] [cxt 0] Skipping checksum 'cksum' update because condition not met
[08:43:27.672] [bmv2] [D] [thread 78868] [45.0] [cxt 0] Deparsing header 'ethernet'
[08:43:27.672] [bmv2] [D] [thread 78868] [45.0] [cxt 0] Deparser 'deparser': end
[08:43:27.672] [bmv2] [D] [thread 78872] [45.0] [cxt 0] Transmitting packet of size 70 out of port 0
[08:43:28.093] [bmv2] [D] [thread 78867] [46.0] [cxt 0] Processing packet received on port 2
[08:43:28.093] [bmv2] [D] [thread 78867] [46.0] [cxt 0] Parser 'parser': start
[08:43:28.093] [bmv2] [D] [thread 78867] [46.0] [cxt 0] Parser 'parser' entering state 'start'
[08:43:28.093] [bmv2] [D] [thread 78867] [46.0] [cxt 0] Extracting header 'ethernet'
[08:43:28.093] [bmv2] [D] [thread 78867] [46.0] [cxt 0] Parser state 'start': key is 86dd
[08:43:28.093] [bmv2] [T] [thread 78867] [46.0] [cxt 0] Bytes parsed: 14
[08:43:28.093] [bmv2] [D] [thread 78867] [46.0] [cxt 0] Parser 'parser': end
[08:43:28.093] [bmv2] [D] [thread 78867] [46.0] [cxt 0] Pipeline 'ingress': start
[08:43:28.093] [bmv2] [T] [thread 78867] [46.0] [cxt 0] switch.p4(116) Condition "hdr.ipv4.isValid()" (node_2) is false
[08:43:28.093] [bmv2] [D] [thread 78867] [46.0] [cxt 0] Pipeline 'ingress': end
[08:43:28.093] [bmv2] [D] [thread 78867] [46.0] [cxt 0] Egress port is 0
[08:43:28.093] [bmv2] [D] [thread 78868] [46.0] [cxt 0] Pipeline 'egress': start
[08:43:28.093] [bmv2] [D] [thread 78868] [46.0] [cxt 0] Pipeline 'egress': end
[08:43:28.093] [bmv2] [D] [thread 78868] [46.0] [cxt 0] Deparser 'deparser': start
[08:43:28.093] [bmv2] [T] [thread 78868] [46.0] [cxt 0] Skipping checksum 'cksum' update because condition not met
[08:43:28.093] [bmv2] [D] [thread 78868] [46.0] [cxt 0] Deparsing header 'ethernet'
[08:43:28.093] [bmv2] [D] [thread 78868] [46.0] [cxt 0] Deparser 'deparser': end
[08:43:28.093] [bmv2] [D] [thread 78872] [46.0] [cxt 0] Transmitting packet of size 199 out of port 0
[08:43:28.552] [bmv2] [D] [thread 78867] [47.0] [cxt 0] Processing packet received on port 2
[08:43:28.552] [bmv2] [D] [thread 78867] [47.0] [cxt 0] Parser 'parser': start
[08:43:28.552] [bmv2] [D] [thread 78867] [47.0] [cxt 0] Parser 'parser' entering state 'start'
[08:43:28.552] [bmv2] [D] [thread 78867] [47.0] [cxt 0] Extracting header 'ethernet'
[08:43:28.552] [bmv2] [D] [thread 78867] [47.0] [cxt 0] Parser state 'start': key is 86dd
[08:43:28.552] [bmv2] [T] [thread 78867] [47.0] [cxt 0] Bytes parsed: 14
[08:43:28.552] [bmv2] [D] [thread 78867] [47.0] [cxt 0] Parser 'parser': end
[08:43:28.552] [bmv2] [D] [thread 78867] [47.0] [cxt 0] Pipeline 'ingress': start
[08:43:28.552] [bmv2] [T] [thread 78867] [47.0] [cxt 0] switch.p4(116) Condition "hdr.ipv4.isValid()" (node_2) is false
[08:43:28.552] [bmv2] [D] [thread 78867] [47.0] [cxt 0] Pipeline 'ingress': end
[08:43:28.552] [bmv2] [D] [thread 78867] [47.0] [cxt 0] Egress port is 0
[08:43:28.552] [bmv2] [D] [thread 78868] [47.0] [cxt 0] Pipeline 'egress': start
[08:43:28.552] [bmv2] [D] [thread 78868] [47.0] [cxt 0] Pipeline 'egress': end
[08:43:28.552] [bmv2] [D] [thread 78868] [47.0] [cxt 0] Deparser 'deparser': start
[08:43:28.552] [bmv2] [T] [thread 78868] [47.0] [cxt 0] Skipping checksum 'cksum' update because condition not met
[08:43:28.552] [bmv2] [D] [thread 78868] [47.0] [cxt 0] Deparsing header 'ethernet'
[08:43:28.552] [bmv2] [D] [thread 78868] [47.0] [cxt 0] Deparser 'deparser': end
[08:43:28.552] [bmv2] [D] [thread 78872] [47.0] [cxt 0] Transmitting packet of size 199 out of port 0
open: No such file or directory
