Calling target program-options parser
[08:43:23.021] [bmv2] [D] [thread 78876] Set default default entry for table 'MyIngress.ipv4_lpm': MyIngress.drop - 
Adding interface s2-eth1 as port 1
[08:43:23.026] [bmv2] [D] [thread 78876] Adding interface s2-eth1 as port 1
Adding interface s2-eth2 as port 2
[08:43:23.040] [bmv2] [D] [thread 78876] Adding interface s2-eth2 as port 2
Server listening on 0.0.0.0:50052
[08:43:23.066] [bmv2] [I] [thread 78876] Starting Thrift server on port 9091
[08:43:23.066] [bmv2] [I] [thread 78876] Thrift server was started
[08:43:23.220] [bmv2] [D] [thread 78891] [0.0] [cxt 0] Processing packet received on port 1
[08:43:23.220] [bmv2] [D] [thread 78891] [0.0] [cxt 0] Parser 'parser': start
[08:43:23.220] [bmv2] [D] [thread 78891] [0.0] [cxt 0] Parser 'parser' entering state 'start'
[08:43:23.220] [bmv2] [D] [thread 78891] [0.0] [cxt 0] Extracting header 'ethernet'
[08:43:23.220] [bmv2] [D] [thread 78891] [0.0] [cxt 0] Parser state 'start': key is 86dd
[08:43:23.220] [bmv2] [T] [thread 78891] [0.0] [cxt 0] Bytes parsed: 14
[08:43:23.220] [bmv2] [D] [thread 78891] [0.0] [cxt 0] Parser 'parser': end
[08:43:23.220] [bmv2] [D] [thread 78891] [0.0] [cxt 0] Pipeline 'ingress': start
[08:43:23.220] [bmv2] [T] [thread 78891] [0.0] [cxt 0] switch.p4(116) Condition "hdr.ipv4.isValid()" (node_2) is false
[08:43:23.220] [bmv2] [D] [thread 78891] [0.0] [cxt 0] Pipeline 'ingress': end
[08:43:23.220] [bmv2] [D] [thread 78891] [0.0] [cxt 0] Egress port is 0
[08:43:23.220] [bmv2] [D] [thread 78892] [0.0] [cxt 0] Pipeline 'egress': start
[08:43:23.220] [bmv2] [D] [thread 78892] [0.0] [cxt 0] Pipeline 'egress': end
[08:43:23.220] [bmv2] [D] [thread 78892] [0.0] [cxt 0] Deparser 'deparser': start
[08:43:23.220] [bmv2] [T] [thread 78892] [0.0] [cxt 0] Skipping checksum 'cksum' update because condition not met
[08:43:23.220] [bmv2] [D] [thread 78892] [0.0] [cxt 0] Deparsing header 'ethernet'
[08:43:23.220] [bmv2] [D] [thread 78892] [0.0] [cxt 0] Deparser 'deparser': end
[08:43:23.220] [bmv2] [D] [thread 78896] [0.0] [cxt 0] Transmitting packet of size 86 out of port 0
[08:43:23.413] [bmv2] [D] [thread 78891] [1.0] [cxt 0] Processing packet received on port 2
[08:43:23.413] [bmv2] [D] [thread 78891] [1.0] [cxt 0] Parser 'parser': start
[08:43:23.413] [bmv2] [D] [thread 78891] [1.0] [cxt 0] Parser 'parser' entering state 'start'
[08:43:23.413] [bmv2] [D] [thread 78891] [1.0] [cxt 0] Extracting header 'ethernet'
[08:43:23.413] [bmv2] [D] [thread 78891] [1.0] [cxt 0] Parser state 'start': key is 86dd
[08:43:23.413] [bmv2] [T] [thread 78891] [1.0] [cxt 0] Bytes parsed: 14
[08:43:23.413] [bmv2] [D] [thread 78891] [1.0] [cxt 0] Parser 'parser': end
[08:43:23.413] [bmv2] [D] [thread 78891] [1.0] [cxt 0] Pipeline 'ingress': start
[08:43:23.413] [bmv2] [T] [thread 78891] [1.0] [cxt 0] switch.p4(116) Condition "hdr.ipv4.isValid()" (node_2) is false
[08:43:23.413] [bmv2] [D] [thread 78891] [1.0] [cxt 0] Pipeline 'ingress': end
[08:43:23.413] [bmv2] [D] [thread 78891] [1.0] [cxt 0] Egress port is 0
[08:43:23.413] [bmv2] [D] [thread 78891] [2.0] [cxt 0] Processing packet received on port 2
[08:43:23.413] [bmv2] [D] [thread 78891] [2.0] [cxt 0] Parser 'parser': start
[08:43:23.413] [bmv2] [D] [thread 78891] [2.0] [cxt 0] Parser 'parser' entering state 'start'
[08:43:23.413] [bmv2] [D] [thread 78891] [2.0] [cxt 0] Extracting header 'ethernet'
[08:43:23.413] [bmv2] [D] [thread 78891] [2.0] [cxt 0] Parser state 'start': key is 86dd
[08:43:23.413] [bmv2] [T] [thread 78891] [2.0] [cxt 0] Bytes parsed: 14
[08:43:23.413] [bmv2] [D] [thread 78891] [2.0] [cxt 0] Parser 'parser': end
[08:43:23.413] [bmv2] [D] [thread 78891] [2.0] [cxt 0] Pipeline 'ingress': start
[08:43:23.418] [bmv2] [T] [thread 78891] [2.0] [cxt 0] switch.p4(116) Condition "hdr.ipv4.isValid()" (node_2) is false
[08:43:23.418] [bmv2] [D] [thread 78891] [2.0] [cxt 0] Pipeline 'ingress': end
[08:43:23.418] [bmv2] [D] [thread 78891] [2.0] [cxt 0] Egress port is 0
[08:43:23.418] [bmv2] [D] [thread 78891] [3.0] [cxt 0] Processing packet received on port 2
[08:43:23.418] [bmv2] [D] [thread 78891] [3.0] [cxt 0] Parser 'parser': start
[08:43:23.418] [bmv2] [D] [thread 78891] [3.0] [cxt 0] Parser 'parser' entering state 'start'
[08:43:23.418] [bmv2] [D] [thread 78891] [3.0] [cxt 0] Extracting header 'ethernet'
[08:43:23.418] [bmv2] [D] [thread 78891] [3.0] [cxt 0] Parser state 'start': key is 86dd
[08:43:23.418] [bmv2] [T] [thread 78891] [3.0] [cxt 0] Bytes parsed: 14
[08:43:23.418] [bmv2] [D] [thread 78891] [3.0] [cxt 0] Parser 'parser': end
[08:43:23.418] [bmv2] [D] [thread 78891] [3.0] [cxt 0] Pipeline 'ingress': start
[08:43:23.418] [bmv2] [T] [thread 78891] [3.0] [cxt 0] switch.p4(116) Condition "hdr.ipv4.isValid()" (node_2) is false
[08:43:23.418] [bmv2] [D] [thread 78891] [3.0] [cxt 0] Pipeline 'ingress': end
[08:43:23.418] [bmv2] [D] [thread 78891] [3.0] [cxt 0] Egress port is 0
[08:43:23.418] [bmv2] [D] [thread 78892] [1.0] [cxt 0] Pipeline 'egress': start
[08:43:23.418] [bmv2] [D] [thread 78892] [1.0] [cxt 0] Pipeline 'egress': end
[08:43:23.418] [bmv2] [D] [thread 78892] [1.0] [cxt 0] Deparser 'deparser': start
[08:43:23.418] [bmv2] [T] [thread 78892] [1.0] [cxt 0] Skipping checksum 'cksum' update because condition not met
[08:43:23.418] [bmv2] [D] [thread 78892] [1.0] [cxt 0] Deparsing header 'ethernet'
[08:43:23.418] [bmv2] [D] [thread 78892] [1.0] [cxt 0] Deparser 'deparser': end
[08:43:23.423] [bmv2] [D] [thread 78892] [2.0] [cxt 0] Pipeline 'egress': start
[08:43:23.423] [bmv2] [D] [thread 78892] [2.0] [cxt 0] Pipeline 'egress': end
[08:43:23.423] [bmv2] [D] [thread 78892] [2.0] [cxt 0] Deparser 'deparser': start
[08:43:23.423] [bmv2] [T] [thread 78892] [2.0] [cxt 0] Skipping checksum 'cksum' update because condition not met
[08:43:23.423] [bmv2] [D] [thread 78892] [2.0] [cxt 0] Deparsing header 'ethernet'
[08:43:23.423] [bmv2] [D] [thread 78892] [2.0] [cxt 0] Deparser 'deparser': end
[08:43:23.423] [bmv2] [D] [thread 78892] [3.0] [cxt 0] Pipeline 'egress': start
[08:43:23.423] [bmv2] [D] [thread 78892] [3.0] [cxt 0] Pipeline 'egress': end
[08:43:23.423] [bmv2] [D] [thread 78892] [3.0] [cxt 0] Deparser 'deparser': start
[08:43:23.423] [bmv2] [T] [thread 78892] [3.0] [cxt 0] Skipping checksum 'cksum' update because condition not met
[08:43:23.423] [bmv2] [D] [thread 78892] [3.0] [cxt 0] Deparsing header 'ethernet'
[08:43:23.423] [bmv2] [D] [thread 78892] [3.0] [cxt 0] Deparser 'deparser': end
[08:43:23.423] [bmv2] [D] [thread 78896] [1.0] [cxt 0] Transmitting packet of size 90 out of port 0
[08:43:23.423] [bmv2] [D] [thread 78896] [2.0] [cxt 0] Transmitting packet of size 70 out of port 0
[08:43:23.423] [bmv2] [D] [thread 78896] [3.0] [cxt 0] Transmitting packet of size 90 out of port 0
[08:43:23.502] [bmv2] [D] [thread 78891] [4.0] [cxt 0] Processing packet received on port 2
[08:43:23.503] [bmv2] [D] [thread 78891] [4.0] [cxt 0] Parser 'parser': start
[08:43:23.503] [bmv2] [D] [thread 78891] [4.0] [cxt 0] Parser 'parser' entering state 'start'
[08:43:23.503] [bmv2] [D] [thread 78891] [4.0] [cxt 0] Extracting header 'ethernet'
[08:43:23.503] [bmv2] [D] [thread 78891] [4.0] [cxt 0] Parser state 'start': key is 86dd
[08:43:23.503] [bmv2] [T] [thread 78891] [4.0] [cxt 0] Bytes parsed: 14
[08:43:23.503] [bmv2] [D] [thread 78891] [4.0] [cxt 0] Parser 'parser': end
[08:43:23.503] [bmv2] [D] [thread 78891] [4.0] [cxt 0] Pipeline 'ingress': start
[08:43:23.503] [bmv2] [T] [thread 78891] [4.0] [cxt 0] switch.p4(116) Condition "hdr.ipv4.isValid()" (node_2) is false
[08:43:23.503] [bmv2] [D] [thread 78891] [4.0] [cxt 0] Pipeline 'ingress': end
[08:43:23.503] [bmv2] [D] [thread 78891] [4.0] [cxt 0] Egress port is 0
[08:43:23.503] [bmv2] [D] [thread 78892] [4.0] [cxt 0] Pipeline 'egress': start
[08:43:23.503] [bmv2] [D] [thread 78892] [4.0] [cxt 0] Pipeline 'egress': end
[08:43:23.503] [bmv2] [D] [thread 78892] [4.0] [cxt 0] Deparser 'deparser': start
[08:43:23.503] [bmv2] [T] [thread 78892] [4.0] [cxt 0] Skipping checksum 'cksum' update because condition not met
[08:43:23.503] [bmv2] [D] [thread 78892] [4.0] [cxt 0] Deparsing header 'ethernet'
[08:43:23.504] [bmv2] [D] [thread 78892] [4.0] [cxt 0] Deparser 'deparser': end
[08:43:23.505] [bmv2] [D] [thread 78896] [4.0] [cxt 0] Transmitting packet of size 203 out of port 0
[08:43:23.520] [bmv2] [D] [thread 78891] [5.0] [cxt 0] Processing packet received on port 2
[08:43:23.520] [bmv2] [D] [thread 78891] [5.0] [cxt 0] Parser 'parser': start
[08:43:23.520] [bmv2] [D] [thread 78891] [5.0] [cxt 0] Parser 'parser' entering state 'start'
[08:43:23.520] [bmv2] [D] [thread 78891] [5.0] [cxt 0] Extracting header 'ethernet'
[08:43:23.520] [bmv2] [D] [thread 78891] [5.0] [cxt 0] Parser state 'start': key is 86dd
[08:43:23.520] [bmv2] [T] [thread 78891] [5.0] [cxt 0] Bytes parsed: 14
[08:43:23.520] [bmv2] [D] [thread 78891] [5.0] [cxt 0] Parser 'parser': end
[08:43:23.520] [bmv2] [D] [thread 78891] [5.0] [cxt 0] Pipeline 'ingress': start
[08:43:23.520] [bmv2] [T] [thread 78891] [5.0] [cxt 0] switch.p4(116) Condition "hdr.ipv4.isValid()" (node_2) is false
[08:43:23.520] [bmv2] [D] [thread 78891] [5.0] [cxt 0] Pipeline 'ingress': end
[08:43:23.520] [bmv2] [D] [thread 78891] [5.0] [cxt 0] Egress port is 0
[08:43:23.521] [bmv2] [D] [thread 78891] [6.0] [cxt 0] Processing packet received on port 2
[08:43:23.521] [bmv2] [D] [thread 78891] [6.0] [cxt 0] Parser 'parser': start
[08:43:23.521] [bmv2] [D] [thread 78891] [6.0] [cxt 0] Parser 'parser' entering state 'start'
[08:43:23.521] [bmv2] [D] [thread 78891] [6.0] [cxt 0] Extracting header 'ethernet'
[08:43:23.521] [bmv2] [D] [thread 78892] [5.0] [cxt 0] Pipeline 'egress': start
[08:43:23.521] [bmv2] [D] [thread 78892] [5.0] [cxt 0] Pipeline 'egress': end
[08:43:23.521] [bmv2] [D] [thread 78892] [5.0] [cxt 0] Deparser 'deparser': start
[08:43:23.521] [bmv2] [T] [thread 78892] [5.0] [cxt 0] Skipping checksum 'cksum' update because condition not met
[08:43:23.521] [bmv2] [D] [thread 78892] [5.0] [cxt 0] Deparsing header 'ethernet'
[08:43:23.521] [bmv2] [D] [thread 78892] [5.0] [cxt 0] Deparser 'deparser': end
[08:43:23.521] [bmv2] [D] [thread 78891] [6.0] [cxt 0] Parser state 'start': key is 86dd
[08:43:23.521] [bmv2] [T] [thread 78891] [6.0] [cxt 0] Bytes parsed: 14
[08:43:23.521] [bmv2] [D] [thread 78891] [6.0] [cxt 0] Parser 'parser': end
[08:43:23.521] [bmv2] [D] [thread 78891] [6.0] [cxt 0] Pipeline 'ingress': start
[08:43:23.521] [bmv2] [T] [thread 78891] [6.0] [cxt 0] switch.p4(116) Condition "hdr.ipv4.isValid()" (node_2) is false
[08:43:23.521] [bmv2] [D] [thread 78891] [6.0] [cxt 0] Pipeline 'ingress': end
[08:43:23.521] [bmv2] [D] [thread 78891] [6.0] [cxt 0] Egress port is 0
[08:43:23.523] [bmv2] [D] [thread 78891] [7.0] [cxt 0] Processing packet received on port 2
[08:43:23.523] [bmv2] [D] [thread 78891] [7.0] [cxt 0] Parser 'parser': start
[08:43:23.523] [bmv2] [D] [thread 78891] [7.0] [cxt 0] Parser 'parser' entering state 'start'
[08:43:23.523] [bmv2] [D] [thread 78891] [7.0] [cxt 0] Extracting header 'ethernet'
[08:43:23.523] [bmv2] [D] [thread 78891] [7.0] [cxt 0] Parser state 'start': key is 86dd
[08:43:23.523] [bmv2] [T] [thread 78891] [7.0] [cxt 0] Bytes parsed: 14
[08:43:23.523] [bmv2] [D] [thread 78891] [7.0] [cxt 0] Parser 'parser': end
[08:43:23.524] [bmv2] [D] [thread 78891] [7.0] [cxt 0] Pipeline 'ingress': start
[08:43:23.524] [bmv2] [T] [thread 78891] [7.0] [cxt 0] switch.p4(116) Condition "hdr.ipv4.isValid()" (node_2) is false
[08:43:23.525] [bmv2] [D] [thread 78891] [7.0] [cxt 0] Pipeline 'ingress': end
[08:43:23.525] [bmv2] [D] [thread 78891] [7.0] [cxt 0] Egress port is 0
[08:43:23.523] [bmv2] [D] [thread 78892] [6.0] [cxt 0] Pipeline 'egress': start
[08:43:23.525] [bmv2] [D] [thread 78892] [6.0] [cxt 0] Pipeline 'egress': end
[08:43:23.525] [bmv2] [D] [thread 78892] [6.0] [cxt 0] Deparser 'deparser': start
[08:43:23.525] [bmv2] [T] [thread 78892] [6.0] [cxt 0] Skipping checksum 'cksum' update because condition not met
[08:43:23.525] [bmv2] [D] [thread 78892] [6.0] [cxt 0] Deparsing header 'ethernet'
[08:43:23.526] [bmv2] [D] [thread 78892] [6.0] [cxt 0] Deparser 'deparser': end
[08:43:23.526] [bmv2] [D] [thread 78892] [7.0] [cxt 0] Pipeline 'egress': start
[08:43:23.526] [bmv2] [D] [thread 78892] [7.0] [cxt 0] Pipeline 'egress': end
[08:43:23.526] [bmv2] [D] [thread 78892] [7.0] [cxt 0] Deparser 'deparser': start
[08:43:23.526] [bmv2] [T] [thread 78892] [7.0] [cxt 0] Skipping checksum 'cksum' update because condition not met
[08:43:23.526] [bmv2] [D] [thread 78892] [7.0] [cxt 0] Deparsing header 'ethernet'
[08:43:23.526] [bmv2] [D] [thread 78892] [7.0] [cxt 0] Deparser 'deparser': end
[08:43:23.521] [bmv2] [D] [thread 78896] [5.0] [cxt 0] Transmitting packet of size 90 out of port 0
[08:43:23.526] [bmv2] [D] [thread 78896] [6.0] [cxt 0] Transmitting packet of size 70 out of port 0
[08:43:23.527] [bmv2] [D] [thread 78896] [7.0] [cxt 0] Transmitting packet of size 90 out of port 0
[08:43:23.625] [bmv2] [D] [thread 78891] [8.0] [cxt 0] Processing packet received on port 2
[08:43:23.625] [bmv2] [D] [thread 78891] [8.0] [cxt 0] Parser 'parser': start
[08:43:23.625] [bmv2] [D] [thread 78891] [8.0] [cxt 0] Parser 'parser' entering state 'start'
[08:43:23.625] [bmv2] [D] [thread 78891] [8.0] [cxt 0] Extracting header 'ethernet'
[08:43:23.625] [bmv2] [D] [thread 78891] [8.0] [cxt 0] Parser state 'start': key is 86dd
[08:43:23.625] [bmv2] [T] [thread 78891] [8.0] [cxt 0] Bytes parsed: 14
[08:43:23.625] [bmv2] [D] [thread 78891] [8.0] [cxt 0] Parser 'parser': end
[08:43:23.625] [bmv2] [D] [thread 78891] [8.0] [cxt 0] Pipeline 'ingress': start
[08:43:23.625] [bmv2] [T] [thread 78891] [8.0] [cxt 0] switch.p4(116) Condition "hdr.ipv4.isValid()" (node_2) is false
[08:43:23.625] [bmv2] [D] [thread 78891] [8.0] [cxt 0] Pipeline 'ingress': end
[08:43:23.625] [bmv2] [D] [thread 78891] [8.0] [cxt 0] Egress port is 0
[08:43:23.625] [bmv2] [D] [thread 78892] [8.0] [cxt 0] Pipeline 'egress': start
[08:43:23.625] [bmv2] [D] [thread 78892] [8.0] [cxt 0] Pipeline 'egress': end
[08:43:23.625] [bmv2] [D] [thread 78892] [8.0] [cxt 0] Deparser 'deparser': start
[08:43:23.625] [bmv2] [T] [thread 78892] [8.0] [cxt 0] Skipping checksum 'cksum' update because condition not met
[08:43:23.625] [bmv2] [D] [thread 78892] [8.0] [cxt 0] Deparsing header 'ethernet'
[08:43:23.625] [bmv2] [D] [thread 78892] [8.0] [cxt 0] Deparser 'deparser': end
[08:43:23.625] [bmv2] [D] [thread 78896] [8.0] [cxt 0] Transmitting packet of size 203 out of port 0
[08:43:23.636] [bmv2] [D] [thread 78891] [9.0] [cxt 0] Processing packet received on port 2
[08:43:23.636] [bmv2] [D] [thread 78891] [9.0] [cxt 0] Parser 'parser': start
[08:43:23.636] [bmv2] [D] [thread 78891] [9.0] [cxt 0] Parser 'parser' entering state 'start'
[08:43:23.636] [bmv2] [D] [thread 78891] [9.0] [cxt 0] Extracting header 'ethernet'
[08:43:23.636] [bmv2] [D] [thread 78891] [9.0] [cxt 0] Parser state 'start': key is 86dd
[08:43:23.636] [bmv2] [T] [thread 78891] [9.0] [cxt 0] Bytes parsed: 14
[08:43:23.636] [bmv2] [D] [thread 78891] [9.0] [cxt 0] Parser 'parser': end
[08:43:23.636] [bmv2] [D] [thread 78891] [9.0] [cxt 0] Pipeline 'ingress': start
[08:43:23.636] [bmv2] [T] [thread 78891] [9.0] [cxt 0] switch.p4(116) Condition "hdr.ipv4.isValid()" (node_2) is false
[08:43:23.636] [bmv2] [D] [thread 78891] [9.0] [cxt 0] Pipeline 'ingress': end
[08:43:23.636] [bmv2] [D] [thread 78891] [9.0] [cxt 0] Egress port is 0
[08:43:23.636] [bmv2] [D] [thread 78892] [9.0] [cxt 0] Pipeline 'egress': start
[08:43:23.636] [bmv2] [D] [thread 78892] [9.0] [cxt 0] Pipeline 'egress': end
[08:43:23.636] [bmv2] [D] [thread 78892] [9.0] [cxt 0] Deparser 'deparser': start
[08:43:23.636] [bmv2] [T] [thread 78892] [9.0] [cxt 0] Skipping checksum 'cksum' update because condition not met
[08:43:23.636] [bmv2] [D] [thread 78892] [9.0] [cxt 0] Deparsing header 'ethernet'
[08:43:23.636] [bmv2] [D] [thread 78892] [9.0] [cxt 0] Deparser 'deparser': end
[08:43:23.636] [bmv2] [D] [thread 78896] [9.0] [cxt 0] Transmitting packet of size 211 out of port 0
[08:43:23.749] [bmv2] [D] [thread 78891] [10.0] [cxt 0] Processing packet received on port 2
[08:43:23.749] [bmv2] [D] [thread 78891] [10.0] [cxt 0] Parser 'parser': start
[08:43:23.749] [bmv2] [D] [thread 78891] [10.0] [cxt 0] Parser 'parser' entering state 'start'
[08:43:23.749] [bmv2] [D] [thread 78891] [10.0] [cxt 0] Extracting header 'ethernet'
[08:43:23.749] [bmv2] [D] [thread 78891] [10.0] [cxt 0] Parser state 'start': key is 86dd
[08:43:23.749] [bmv2] [T] [thread 78891] [10.0] [cxt 0] Bytes parsed: 14
[08:43:23.749] [bmv2] [D] [thread 78891] [10.0] [cxt 0] Parser 'parser': end
[08:43:23.749] [bmv2] [D] [thread 78891] [10.0] [cxt 0] Pipeline 'ingress': start
[08:43:23.749] [bmv2] [T] [thread 78891] [10.0] [cxt 0] switch.p4(116) Condition "hdr.ipv4.isValid()" (node_2) is false
[08:43:23.749] [bmv2] [D] [thread 78891] [10.0] [cxt 0] Pipeline 'ingress': end
[08:43:23.749] [bmv2] [D] [thread 78891] [10.0] [cxt 0] Egress port is 0
[08:43:23.749] [bmv2] [D] [thread 78892] [10.0] [cxt 0] Pipeline 'egress': start
[08:43:23.749] [bmv2] [D] [thread 78892] [10.0] [cxt 0] Pipeline 'egress': end
[08:43:23.749] [bmv2] [D] [thread 78892] [10.0] [cxt 0] Deparser 'deparser': start
[08:43:23.749] [bmv2] [T] [thread 78892] [10.0] [cxt 0] Skipping checksum 'cksum' update because condition not met
[08:43:23.749] [bmv2] [D] [thread 78892] [10.0] [cxt 0] Deparsing header 'ethernet'
[08:43:23.749] [bmv2] [D] [thread 78892] [10.0] [cxt 0] Deparser 'deparser': end
[08:43:23.749] [bmv2] [D] [thread 78896] [10.0] [cxt 0] Transmitting packet of size 211 out of port 0
[08:43:23.813] [bmv2] [D] [thread 78891] [11.0] [cxt 0] Processing packet received on port 1
[08:43:23.813] [bmv2] [D] [thread 78891] [11.0] [cxt 0] Parser 'parser': start
[08:43:23.813] [bmv2] [D] [thread 78891] [11.0] [cxt 0] Parser 'parser' entering state 'start'
[08:43:23.813] [bmv2] [D] [thread 78891] [11.0] [cxt 0] Extracting header 'ethernet'
[08:43:23.813] [bmv2] [D] [thread 78891] [11.0] [cxt 0] Parser state 'start': key is 86dd
[08:43:23.813] [bmv2] [T] [thread 78891] [11.0] [cxt 0] Bytes parsed: 14
[08:43:23.813] [bmv2] [D] [thread 78891] [11.0] [cxt 0] Parser 'parser': end
[08:43:23.813] [bmv2] [D] [thread 78891] [11.0] [cxt 0] Pipeline 'ingress': start
[08:43:23.813] [bmv2] [T] [thread 78891] [11.0] [cxt 0] switch.p4(116) Condition "hdr.ipv4.isValid()" (node_2) is false
[08:43:23.813] [bmv2] [D] [thread 78891] [11.0] [cxt 0] Pipeline 'ingress': end
[08:43:23.813] [bmv2] [D] [thread 78891] [11.0] [cxt 0] Egress port is 0
[08:43:23.813] [bmv2] [D] [thread 78892] [11.0] [cxt 0] Pipeline 'egress': start
[08:43:23.813] [bmv2] [D] [thread 78892] [11.0] [cxt 0] Pipeline 'egress': end
[08:43:23.813] [bmv2] [D] [thread 78892] [11.0] [cxt 0] Deparser 'deparser': start
[08:43:23.813] [bmv2] [T] [thread 78892] [11.0] [cxt 0] Skipping checksum 'cksum' update because condition not met
[08:43:23.813] [bmv2] [D] [thread 78892] [11.0] [cxt 0] Deparsing header 'ethernet'
[08:43:23.813] [bmv2] [D] [thread 78892] [11.0] [cxt 0] Deparser 'deparser': end
[08:43:23.813] [bmv2] [D] [thread 78896] [11.0] [cxt 0] Transmitting packet of size 90 out of port 0
[08:43:23.813] [bmv2] [D] [thread 78891] [12.0] [cxt 0] Processing packet received on port 1
[08:43:23.813] [bmv2] [D] [thread 78891] [12.0] [cxt 0] Parser 'parser': start
[08:43:23.813] [bmv2] [D] [thread 78891] [12.0] [cxt 0] Parser 'parser' entering state 'start'
[08:43:23.813] [bmv2] [D] [thread 78891] [12.0] [cxt 0] Extracting header 'ethernet'
[08:43:23.813] [bmv2] [D] [thread 78891] [12.0] [cxt 0] Parser state 'start': key is 86dd
[08:43:23.813] [bmv2] [T] [thread 78891] [12.0] [cxt 0] Bytes parsed: 14
[08:43:23.813] [bmv2] [D] [thread 78891] [12.0] [cxt 0] Parser 'parser': end
[08:43:23.813] [bmv2] [D] [thread 78891] [12.0] [cxt 0] Pipeline 'ingress': start
[08:43:23.813] [bmv2] [T] [thread 78891] [12.0] [cxt 0] switch.p4(116) Condition "hdr.ipv4.isValid()" (node_2) is false
[08:43:23.813] [bmv2] [D] [thread 78891] [12.0] [cxt 0] Pipeline 'ingress': end
[08:43:23.813] [bmv2] [D] [thread 78891] [12.0] [cxt 0] Egress port is 0
[08:43:23.813] [bmv2] [D] [thread 78892] [12.0] [cxt 0] Pipeline 'egress': start
[08:43:23.813] [bmv2] [D] [thread 78892] [12.0] [cxt 0] Pipeline 'egress': end
[08:43:23.813] [bmv2] [D] [thread 78892] [12.0] [cxt 0] Deparser 'deparser': start
[08:43:23.813] [bmv2] [T] [thread 78892] [12.0] [cxt 0] Skipping checksum 'cksum' update because condition not met
[08:43:23.813] [bmv2] [D] [thread 78892] [12.0] [cxt 0] Deparsing header 'ethernet'
[08:43:23.813] [bmv2] [D] [thread 78892] [12.0] [cxt 0] Deparser 'deparser': end
[08:43:23.813] [bmv2] [D] [thread 78896] [12.0] [cxt 0] Transmitting packet of size 70 out of port 0
[08:43:23.813] [bmv2] [D] [thread 78891] [13.0] [cxt 0] Processing packet received on port 1
[08:43:23.813] [bmv2] [D] [thread 78891] [13.0] [cxt 0] Parser 'parser': start
[08:43:23.813] [bmv2] [D] [thread 78891] [13.0] [cxt 0] Parser 'parser' entering state 'start'
[08:43:23.813] [bmv2] [D] [thread 78891] [13.0] [cxt 0] Extracting header 'ethernet'
[08:43:23.813] [bmv2] [D] [thread 78891] [13.0] [cxt 0] Parser state 'start': key is 86dd
[08:43:23.813] [bmv2] [T] [thread 78891] [13.0] [cxt 0] Bytes parsed: 14
[08:43:23.813] [bmv2] [D] [thread 78891] [13.0] [cxt 0] Parser 'parser': end
[08:43:23.813] [bmv2] [D] [thread 78891] [13.0] [cxt 0] Pipeline 'ingress': start
[08:43:23.813] [bmv2] [T] [thread 78891] [13.0] [cxt 0] switch.p4(116) Condition "hdr.ipv4.isValid()" (node_2) is false
[08:43:23.813] [bmv2] [D] [thread 78891] [13.0] [cxt 0] Pipeline 'ingress': end
[08:43:23.813] [bmv2] [D] [thread 78891] [13.0] [cxt 0] Egress port is 0
[08:43:23.813] [bmv2] [D] [thread 78892] [13.0] [cxt 0] Pipeline 'egress': start
[08:43:23.813] [bmv2] [D] [thread 78892] [13.0] [cxt 0] Pipeline 'egress': end
[08:43:23.813] [bmv2] [D] [thread 78892] [13.0] [cxt 0] Deparser 'deparser': start
[08:43:23.813] [bmv2] [T] [thread 78892] [13.0] [cxt 0] Skipping checksum 'cksum' update because condition not met
[08:43:23.813] [bmv2] [D] [thread 78892] [13.0] [cxt 0] Deparsing header 'ethernet'
[08:43:23.813] [bmv2] [D] [thread 78892] [13.0] [cxt 0] Deparser 'deparser': end
[08:43:23.813] [bmv2] [D] [thread 78896] [13.0] [cxt 0] Transmitting packet of size 90 out of port 0
[08:43:23.888] [bmv2] [D] [thread 78891] [14.0] [cxt 0] Processing packet received on port 2
[08:43:23.888] [bmv2] [D] [thread 78891] [14.0] [cxt 0] Parser 'parser': start
[08:43:23.888] [bmv2] [D] [thread 78891] [14.0] [cxt 0] Parser 'parser' entering state 'start'
[08:43:23.888] [bmv2] [D] [thread 78891] [14.0] [cxt 0] Extracting header 'ethernet'
[08:43:23.888] [bmv2] [D] [thread 78891] [14.0] [cxt 0] Parser state 'start': key is 86dd
[08:43:23.888] [bmv2] [T] [thread 78891] [14.0] [cxt 0] Bytes parsed: 14
[08:43:23.888] [bmv2] [D] [thread 78891] [14.0] [cxt 0] Parser 'parser': end
[08:43:23.888] [bmv2] [D] [thread 78891] [14.0] [cxt 0] Pipeline 'ingress': start
[08:43:23.888] [bmv2] [T] [thread 78891] [14.0] [cxt 0] switch.p4(116) Condition "hdr.ipv4.isValid()" (node_2) is false
[08:43:23.888] [bmv2] [D] [thread 78891] [14.0] [cxt 0] Pipeline 'ingress': end
[08:43:23.888] [bmv2] [D] [thread 78891] [14.0] [cxt 0] Egress port is 0
[08:43:23.888] [bmv2] [D] [thread 78892] [14.0] [cxt 0] Pipeline 'egress': start
[08:43:23.888] [bmv2] [D] [thread 78892] [14.0] [cxt 0] Pipeline 'egress': end
[08:43:23.888] [bmv2] [D] [thread 78892] [14.0] [cxt 0] Deparser 'deparser': start
[08:43:23.888] [bmv2] [T] [thread 78892] [14.0] [cxt 0] Skipping checksum 'cksum' update because condition not met
[08:43:23.888] [bmv2] [D] [thread 78892] [14.0] [cxt 0] Deparsing header 'ethernet'
[08:43:23.888] [bmv2] [D] [thread 78892] [14.0] [cxt 0] Deparser 'deparser': end
[08:43:23.888] [bmv2] [D] [thread 78896] [14.0] [cxt 0] Transmitting packet of size 211 out of port 0
[08:43:23.900] [bmv2] [D] [thread 78891] [15.0] [cxt 0] Processing packet received on port 1
[08:43:23.913] [bmv2] [D] [thread 78891] [15.0] [cxt 0] Parser 'parser': start
[08:43:23.913] [bmv2] [D] [thread 78891] [15.0] [cxt 0] Parser 'parser' entering state 'start'
[08:43:23.913] [bmv2] [D] [thread 78891] [15.0] [cxt 0] Extracting header 'ethernet'
[08:43:23.913] [bmv2] [D] [thread 78891] [15.0] [cxt 0] Parser state 'start': key is 86dd
[08:43:23.914] [bmv2] [T] [thread 78891] [15.0] [cxt 0] Bytes parsed: 14
[08:43:23.914] [bmv2] [D] [thread 78891] [15.0] [cxt 0] Parser 'parser': end
[08:43:23.914] [bmv2] [D] [thread 78891] [15.0] [cxt 0] Pipeline 'ingress': start
[08:43:23.914] [bmv2] [T] [thread 78891] [15.0] [cxt 0] switch.p4(116) Condition "hdr.ipv4.isValid()" (node_2) is false
[08:43:23.914] [bmv2] [D] [thread 78891] [15.0] [cxt 0] Pipeline 'ingress': end
[08:43:23.914] [bmv2] [D] [thread 78891] [15.0] [cxt 0] Egress port is 0
[08:43:23.914] [bmv2] [D] [thread 78892] [15.0] [cxt 0] Pipeline 'egress': start
[08:43:23.914] [bmv2] [D] [thread 78892] [15.0] [cxt 0] Pipeline 'egress': end
[08:43:23.914] [bmv2] [D] [thread 78892] [15.0] [cxt 0] Deparser 'deparser': start
[08:43:23.914] [bmv2] [T] [thread 78892] [15.0] [cxt 0] Skipping checksum 'cksum' update because condition not met
[08:43:23.914] [bmv2] [D] [thread 78892] [15.0] [cxt 0] Deparsing header 'ethernet'
[08:43:23.914] [bmv2] [D] [thread 78892] [15.0] [cxt 0] Deparser 'deparser': end
[08:43:23.914] [bmv2] [D] [thread 78896] [15.0] [cxt 0] Transmitting packet of size 203 out of port 0
[08:43:23.953] [bmv2] [D] [thread 78891] [16.0] [cxt 0] Processing packet received on port 2
[08:43:23.953] [bmv2] [D] [thread 78891] [16.0] [cxt 0] Parser 'parser': start
[08:43:23.953] [bmv2] [D] [thread 78891] [16.0] [cxt 0] Parser 'parser' entering state 'start'
[08:43:23.953] [bmv2] [D] [thread 78891] [16.0] [cxt 0] Extracting header 'ethernet'
[08:43:23.953] [bmv2] [D] [thread 78891] [16.0] [cxt 0] Parser state 'start': key is 86dd
[08:43:23.953] [bmv2] [T] [thread 78891] [16.0] [cxt 0] Bytes parsed: 14
[08:43:23.953] [bmv2] [D] [thread 78891] [16.0] [cxt 0] Parser 'parser': end
[08:43:23.953] [bmv2] [D] [thread 78891] [16.0] [cxt 0] Pipeline 'ingress': start
[08:43:23.953] [bmv2] [T] [thread 78891] [16.0] [cxt 0] switch.p4(116) Condition "hdr.ipv4.isValid()" (node_2) is false
[08:43:23.953] [bmv2] [D] [thread 78891] [16.0] [cxt 0] Pipeline 'ingress': end
[08:43:23.953] [bmv2] [D] [thread 78891] [16.0] [cxt 0] Egress port is 0
[08:43:23.953] [bmv2] [D] [thread 78892] [16.0] [cxt 0] Pipeline 'egress': start
[08:43:23.953] [bmv2] [D] [thread 78892] [16.0] [cxt 0] Pipeline 'egress': end
[08:43:23.953] [bmv2] [D] [thread 78892] [16.0] [cxt 0] Deparser 'deparser': start
[08:43:23.953] [bmv2] [T] [thread 78892] [16.0] [cxt 0] Skipping checksum 'cksum' update because condition not met
[08:43:23.953] [bmv2] [D] [thread 78892] [16.0] [cxt 0] Deparsing header 'ethernet'
[08:43:23.953] [bmv2] [D] [thread 78892] [16.0] [cxt 0] Deparser 'deparser': end
[08:43:23.953] [bmv2] [D] [thread 78896] [16.0] [cxt 0] Transmitting packet of size 90 out of port 0
[08:43:23.964] [bmv2] [D] [thread 78891] [17.0] [cxt 0] Processing packet received on port 2
[08:43:23.964] [bmv2] [D] [thread 78891] [17.0] [cxt 0] Parser 'parser': start
[08:43:23.964] [bmv2] [D] [thread 78891] [17.0] [cxt 0] Parser 'parser' entering state 'start'
[08:43:23.964] [bmv2] [D] [thread 78891] [17.0] [cxt 0] Extracting header 'ethernet'
[08:43:23.964] [bmv2] [D] [thread 78891] [17.0] [cxt 0] Parser state 'start': key is 86dd
[08:43:23.964] [bmv2] [T] [thread 78891] [17.0] [cxt 0] Bytes parsed: 14
[08:43:23.964] [bmv2] [D] [thread 78891] [17.0] [cxt 0] Parser 'parser': end
[08:43:23.964] [bmv2] [D] [thread 78891] [17.0] [cxt 0] Pipeline 'ingress': start
[08:43:23.964] [bmv2] [T] [thread 78891] [17.0] [cxt 0] switch.p4(116) Condition "hdr.ipv4.isValid()" (node_2) is false
[08:43:23.964] [bmv2] [D] [thread 78891] [17.0] [cxt 0] Pipeline 'ingress': end
[08:43:23.964] [bmv2] [D] [thread 78891] [17.0] [cxt 0] Egress port is 0
[08:43:23.964] [bmv2] [D] [thread 78892] [17.0] [cxt 0] Pipeline 'egress': start
[08:43:23.964] [bmv2] [D] [thread 78892] [17.0] [cxt 0] Pipeline 'egress': end
[08:43:23.964] [bmv2] [D] [thread 78892] [17.0] [cxt 0] Deparser 'deparser': start
[08:43:23.964] [bmv2] [T] [thread 78892] [17.0] [cxt 0] Skipping checksum 'cksum' update because condition not met
[08:43:23.964] [bmv2] [D] [thread 78892] [17.0] [cxt 0] Deparsing header 'ethernet'
[08:43:23.964] [bmv2] [D] [thread 78892] [17.0] [cxt 0] Deparser 'deparser': end
[08:43:23.964] [bmv2] [D] [thread 78896] [17.0] [cxt 0] Transmitting packet of size 90 out of port 0
[08:43:24.000] [bmv2] [D] [thread 78891] [18.0] [cxt 0] Processing packet received on port 2
[08:43:24.000] [bmv2] [D] [thread 78891] [18.0] [cxt 0] Parser 'parser': start
[08:43:24.000] [bmv2] [D] [thread 78891] [18.0] [cxt 0] Parser 'parser' entering state 'start'
[08:43:24.000] [bmv2] [D] [thread 78891] [18.0] [cxt 0] Extracting header 'ethernet'
[08:43:24.000] [bmv2] [D] [thread 78891] [18.0] [cxt 0] Parser state 'start': key is 86dd
[08:43:24.000] [bmv2] [T] [thread 78891] [18.0] [cxt 0] Bytes parsed: 14
[08:43:24.000] [bmv2] [D] [thread 78891] [18.0] [cxt 0] Parser 'parser': end
[08:43:24.000] [bmv2] [D] [thread 78891] [18.0] [cxt 0] Pipeline 'ingress': start
[08:43:24.000] [bmv2] [T] [thread 78891] [18.0] [cxt 0] switch.p4(116) Condition "hdr.ipv4.isValid()" (node_2) is false
[08:43:24.000] [bmv2] [D] [thread 78891] [18.0] [cxt 0] Pipeline 'ingress': end
[08:43:24.000] [bmv2] [D] [thread 78891] [18.0] [cxt 0] Egress port is 0
[08:43:24.000] [bmv2] [D] [thread 78892] [18.0] [cxt 0] Pipeline 'egress': start
[08:43:24.000] [bmv2] [D] [thread 78892] [18.0] [cxt 0] Pipeline 'egress': end
[08:43:24.000] [bmv2] [D] [thread 78892] [18.0] [cxt 0] Deparser 'deparser': start
[08:43:24.000] [bmv2] [T] [thread 78892] [18.0] [cxt 0] Skipping checksum 'cksum' update because condition not met
[08:43:24.000] [bmv2] [D] [thread 78892] [18.0] [cxt 0] Deparsing header 'ethernet'
[08:43:24.000] [bmv2] [D] [thread 78892] [18.0] [cxt 0] Deparser 'deparser': end
[08:43:24.000] [bmv2] [D] [thread 78896] [18.0] [cxt 0] Transmitting packet of size 211 out of port 0
[08:43:24.002] [bmv2] [D] [thread 78891] [19.0] [cxt 0] Processing packet received on port 1
[08:43:24.002] [bmv2] [D] [thread 78891] [19.0] [cxt 0] Parser 'parser': start
[08:43:24.002] [bmv2] [D] [thread 78891] [19.0] [cxt 0] Parser 'parser' entering state 'start'
[08:43:24.002] [bmv2] [D] [thread 78891] [19.0] [cxt 0] Extracting header 'ethernet'
[08:43:24.002] [bmv2] [D] [thread 78891] [19.0] [cxt 0] Parser state 'start': key is 86dd
[08:43:24.002] [bmv2] [T] [thread 78891] [19.0] [cxt 0] Bytes parsed: 14
[08:43:24.002] [bmv2] [D] [thread 78891] [19.0] [cxt 0] Parser 'parser': end
[08:43:24.002] [bmv2] [D] [thread 78891] [19.0] [cxt 0] Pipeline 'ingress': start
[08:43:24.002] [bmv2] [T] [thread 78891] [19.0] [cxt 0] switch.p4(116) Condition "hdr.ipv4.isValid()" (node_2) is false
[08:43:24.002] [bmv2] [D] [thread 78891] [19.0] [cxt 0] Pipeline 'ingress': end
[08:43:24.002] [bmv2] [D] [thread 78891] [19.0] [cxt 0] Egress port is 0
[08:43:24.002] [bmv2] [D] [thread 78892] [19.0] [cxt 0] Pipeline 'egress': start
[08:43:24.002] [bmv2] [D] [thread 78892] [19.0] [cxt 0] Pipeline 'egress': end
[08:43:24.002] [bmv2] [D] [thread 78892] [19.0] [cxt 0] Deparser 'deparser': start
[08:43:24.002] [bmv2] [T] [thread 78892] [19.0] [cxt 0] Skipping checksum 'cksum' update because condition not met
[08:43:24.002] [bmv2] [D] [thread 78892] [19.0] [cxt 0] Deparsing header 'ethernet'
[08:43:24.002] [bmv2] [D] [thread 78892] [19.0] [cxt 0] Deparser 'deparser': end
[08:43:24.002] [bmv2] [D] [thread 78896] [19.0] [cxt 0] Transmitting packet of size 110 out of port 0
[08:43:24.026] [bmv2] [D] [thread 78891] [20.0] [cxt 0] Processing packet received on port 1
[08:43:24.026] [bmv2] [D] [thread 78891] [20.0] [cxt 0] Parser 'parser': start
[08:43:24.026] [bmv2] [D] [thread 78891] [20.0] [cxt 0] Parser 'parser' entering state 'start'
[08:43:24.026] [bmv2] [D] [thread 78891] [20.0] [cxt 0] Extracting header 'ethernet'
[08:43:24.026] [bmv2] [D] [thread 78891] [20.0] [cxt 0] Parser state 'start': key is 86dd
[08:43:24.026] [bmv2] [T] [thread 78891] [20.0] [cxt 0] Bytes parsed: 14
[08:43:24.026] [bmv2] [D] [thread 78891] [20.0] [cxt 0] Parser 'parser': end
[08:43:24.026] [bmv2] [D] [thread 78891] [20.0] [cxt 0] Pipeline 'ingress': start
[08:43:24.026] [bmv2] [T] [thread 78891] [20.0] [cxt 0] switch.p4(116) Condition "hdr.ipv4.isValid()" (node_2) is false
[08:43:24.026] [bmv2] [D] [thread 78891] [20.0] [cxt 0] Pipeline 'ingress': end
[08:43:24.026] [bmv2] [D] [thread 78891] [20.0] [cxt 0] Egress port is 0
[08:43:24.026] [bmv2] [D] [thread 78892] [20.0] [cxt 0] Pipeline 'egress': start
[08:43:24.026] [bmv2] [D] [thread 78892] [20.0] [cxt 0] Pipeline 'egress': end
[08:43:24.026] [bmv2] [D] [thread 78892] [20.0] [cxt 0] Deparser 'deparser': start
[08:43:24.026] [bmv2] [T] [thread 78892] [20.0] [cxt 0] Skipping checksum 'cksum' update because condition not met
[08:43:24.026] [bmv2] [D] [thread 78892] [20.0] [cxt 0] Deparsing header 'ethernet'
[08:43:24.026] [bmv2] [D] [thread 78892] [20.0] [cxt 0] Deparser 'deparser': end
[08:43:24.026] [bmv2] [D] [thread 78896] [20.0] [cxt 0] Transmitting packet of size 211 out of port 0
[08:43:24.026] [bmv2] [D] [thread 78891] [21.0] [cxt 0] Processing packet received on port 2
[08:43:24.026] [bmv2] [D] [thread 78891] [21.0] [cxt 0] Parser 'parser': start
[08:43:24.026] [bmv2] [D] [thread 78891] [21.0] [cxt 0] Parser 'parser' entering state 'start'
[08:43:24.026] [bmv2] [D] [thread 78891] [21.0] [cxt 0] Extracting header 'ethernet'
[08:43:24.026] [bmv2] [D] [thread 78891] [21.0] [cxt 0] Parser state 'start': key is 86dd
[08:43:24.026] [bmv2] [T] [thread 78891] [21.0] [cxt 0] Bytes parsed: 14
[08:43:24.026] [bmv2] [D] [thread 78891] [21.0] [cxt 0] Parser 'parser': end
[08:43:24.026] [bmv2] [D] [thread 78891] [21.0] [cxt 0] Pipeline 'ingress': start
[08:43:24.026] [bmv2] [T] [thread 78891] [21.0] [cxt 0] switch.p4(116) Condition "hdr.ipv4.isValid()" (node_2) is false
[08:43:24.026] [bmv2] [D] [thread 78891] [21.0] [cxt 0] Pipeline 'ingress': end
[08:43:24.026] [bmv2] [D] [thread 78891] [21.0] [cxt 0] Egress port is 0
[08:43:24.026] [bmv2] [D] [thread 78892] [21.0] [cxt 0] Pipeline 'egress': start
[08:43:24.026] [bmv2] [D] [thread 78892] [21.0] [cxt 0] Pipeline 'egress': end
[08:43:24.026] [bmv2] [D] [thread 78892] [21.0] [cxt 0] Deparser 'deparser': start
[08:43:24.026] [bmv2] [T] [thread 78892] [21.0] [cxt 0] Skipping checksum 'cksum' update because condition not met
[08:43:24.026] [bmv2] [D] [thread 78892] [21.0] [cxt 0] Deparsing header 'ethernet'
[08:43:24.026] [bmv2] [D] [thread 78892] [21.0] [cxt 0] Deparser 'deparser': end
[08:43:24.026] [bmv2] [D] [thread 78896] [21.0] [cxt 0] Transmitting packet of size 110 out of port 0
[08:43:24.143] [bmv2] [D] [thread 78891] [22.0] [cxt 0] Processing packet received on port 2
[08:43:24.143] [bmv2] [D] [thread 78891] [22.0] [cxt 0] Parser 'parser': start
[08:43:24.143] [bmv2] [D] [thread 78891] [22.0] [cxt 0] Parser 'parser' entering state 'start'
[08:43:24.143] [bmv2] [D] [thread 78891] [22.0] [cxt 0] Extracting header 'ethernet'
[08:43:24.143] [bmv2] [D] [thread 78891] [22.0] [cxt 0] Parser state 'start': key is 86dd
[08:43:24.143] [bmv2] [T] [thread 78891] [22.0] [cxt 0] Bytes parsed: 14
[08:43:24.143] [bmv2] [D] [thread 78891] [22.0] [cxt 0] Parser 'parser': end
[08:43:24.143] [bmv2] [D] [thread 78891] [22.0] [cxt 0] Pipeline 'ingress': start
[08:43:24.143] [bmv2] [T] [thread 78891] [22.0] [cxt 0] switch.p4(116) Condition "hdr.ipv4.isValid()" (node_2) is false
[08:43:24.143] [bmv2] [D] [thread 78891] [22.0] [cxt 0] Pipeline 'ingress': end
[08:43:24.143] [bmv2] [D] [thread 78891] [22.0] [cxt 0] Egress port is 0
[08:43:24.143] [bmv2] [D] [thread 78892] [22.0] [cxt 0] Pipeline 'egress': start
[08:43:24.143] [bmv2] [D] [thread 78892] [22.0] [cxt 0] Pipeline 'egress': end
[08:43:24.143] [bmv2] [D] [thread 78892] [22.0] [cxt 0] Deparser 'deparser': start
[08:43:24.143] [bmv2] [T] [thread 78892] [22.0] [cxt 0] Skipping checksum 'cksum' update because condition not met
[08:43:24.143] [bmv2] [D] [thread 78892] [22.0] [cxt 0] Deparsing header 'ethernet'
[08:43:24.143] [bmv2] [D] [thread 78892] [22.0] [cxt 0] Deparser 'deparser': end
[08:43:24.144] [bmv2] [D] [thread 78896] [22.0] [cxt 0] Transmitting packet of size 211 out of port 0
[08:43:24.144] [bmv2] [D] [thread 78891] [23.0] [cxt 0] Processing packet received on port 1
[08:43:24.144] [bmv2] [D] [thread 78891] [23.0] [cxt 0] Parser 'parser': start
[08:43:24.144] [bmv2] [D] [thread 78891] [23.0] [cxt 0] Parser 'parser' entering state 'start'
[08:43:24.144] [bmv2] [D] [thread 78891] [23.0] [cxt 0] Extracting header 'ethernet'
[08:43:24.144] [bmv2] [D] [thread 78891] [23.0] [cxt 0] Parser state 'start': key is 86dd
[08:43:24.144] [bmv2] [T] [thread 78891] [23.0] [cxt 0] Bytes parsed: 14
[08:43:24.144] [bmv2] [D] [thread 78891] [23.0] [cxt 0] Parser 'parser': end
[08:43:24.144] [bmv2] [D] [thread 78891] [23.0] [cxt 0] Pipeline 'ingress': start
[08:43:24.144] [bmv2] [T] [thread 78891] [23.0] [cxt 0] switch.p4(116) Condition "hdr.ipv4.isValid()" (node_2) is false
[08:43:24.144] [bmv2] [D] [thread 78891] [23.0] [cxt 0] Pipeline 'ingress': end
[08:43:24.144] [bmv2] [D] [thread 78891] [23.0] [cxt 0] Egress port is 0
[08:43:24.144] [bmv2] [D] [thread 78892] [23.0] [cxt 0] Pipeline 'egress': start
[08:43:24.144] [bmv2] [D] [thread 78892] [23.0] [cxt 0] Pipeline 'egress': end
[08:43:24.144] [bmv2] [D] [thread 78892] [23.0] [cxt 0] Deparser 'deparser': start
[08:43:24.144] [bmv2] [T] [thread 78892] [23.0] [cxt 0] Skipping checksum 'cksum' update because condition not met
[08:43:24.144] [bmv2] [D] [thread 78892] [23.0] [cxt 0] Deparsing header 'ethernet'
[08:43:24.144] [bmv2] [D] [thread 78892] [23.0] [cxt 0] Deparser 'deparser': end
[08:43:24.144] [bmv2] [D] [thread 78896] [23.0] [cxt 0] Transmitting packet of size 90 out of port 0
[08:43:24.218] [bmv2] [D] [thread 78891] [24.0] [cxt 0] Processing packet received on port 2
[08:43:24.218] [bmv2] [D] [thread 78891] [24.0] [cxt 0] Parser 'parser': start
[08:43:24.218] [bmv2] [D] [thread 78891] [24.0] [cxt 0] Parser 'parser' entering state 'start'
[08:43:24.218] [bmv2] [D] [thread 78891] [24.0] [cxt 0] Extracting header 'ethernet'
[08:43:24.218] [bmv2] [D] [thread 78891] [24.0] [cxt 0] Parser state 'start': key is 86dd
[08:43:24.218] [bmv2] [T] [thread 78891] [24.0] [cxt 0] Bytes parsed: 14
[08:43:24.218] [bmv2] [D] [thread 78891] [24.0] [cxt 0] Parser 'parser': end
[08:43:24.218] [bmv2] [D] [thread 78891] [24.0] [cxt 0] Pipeline 'ingress': start
[08:43:24.218] [bmv2] [T] [thread 78891] [24.0] [cxt 0] switch.p4(116) Condition "hdr.ipv4.isValid()" (node_2) is false
[08:43:24.218] [bmv2] [D] [thread 78891] [24.0] [cxt 0] Pipeline 'ingress': end
[08:43:24.218] [bmv2] [D] [thread 78891] [24.0] [cxt 0] Egress port is 0
[08:43:24.218] [bmv2] [D] [thread 78891] [25.0] [cxt 0] Processing packet received on port 1
[08:43:24.218] [bmv2] [D] [thread 78891] [25.0] [cxt 0] Parser 'parser': start
[08:43:24.218] [bmv2] [D] [thread 78891] [25.0] [cxt 0] Parser 'parser' entering state 'start'
[08:43:24.218] [bmv2] [D] [thread 78891] [25.0] [cxt 0] Extracting header 'ethernet'
[08:43:24.218] [bmv2] [D] [thread 78891] [25.0] [cxt 0] Parser state 'start': key is 86dd
[08:43:24.218] [bmv2] [T] [thread 78891] [25.0] [cxt 0] Bytes parsed: 14
[08:43:24.218] [bmv2] [D] [thread 78891] [25.0] [cxt 0] Parser 'parser': end
[08:43:24.218] [bmv2] [D] [thread 78891] [25.0] [cxt 0] Pipeline 'ingress': start
[08:43:24.218] [bmv2] [T] [thread 78891] [25.0] [cxt 0] switch.p4(116) Condition "hdr.ipv4.isValid()" (node_2) is false
[08:43:24.218] [bmv2] [D] [thread 78891] [25.0] [cxt 0] Pipeline 'ingress': end
[08:43:24.218] [bmv2] [D] [thread 78891] [25.0] [cxt 0] Egress port is 0
[08:43:24.218] [bmv2] [D] [thread 78891] [26.0] [cxt 0] Processing packet received on port 1
[08:43:24.218] [bmv2] [D] [thread 78891] [26.0] [cxt 0] Parser 'parser': start
[08:43:24.218] [bmv2] [D] [thread 78891] [26.0] [cxt 0] Parser 'parser' entering state 'start'
[08:43:24.218] [bmv2] [D] [thread 78891] [26.0] [cxt 0] Extracting header 'ethernet'
[08:43:24.218] [bmv2] [D] [thread 78891] [26.0] [cxt 0] Parser state 'start': key is 86dd
[08:43:24.218] [bmv2] [T] [thread 78891] [26.0] [cxt 0] Bytes parsed: 14
[08:43:24.218] [bmv2] [D] [thread 78891] [26.0] [cxt 0] Parser 'parser': end
[08:43:24.218] [bmv2] [D] [thread 78891] [26.0] [cxt 0] Pipeline 'ingress': start
[08:43:24.218] [bmv2] [T] [thread 78891] [26.0] [cxt 0] switch.p4(116) Condition "hdr.ipv4.isValid()" (node_2) is false
[08:43:24.218] [bmv2] [D] [thread 78891] [26.0] [cxt 0] Pipeline 'ingress': end
[08:43:24.218] [bmv2] [D] [thread 78891] [26.0] [cxt 0] Egress port is 0
[08:43:24.218] [bmv2] [D] [thread 78892] [24.0] [cxt 0] Pipeline 'egress': start
[08:43:24.218] [bmv2] [D] [thread 78892] [24.0] [cxt 0] Pipeline 'egress': end
[08:43:24.218] [bmv2] [D] [thread 78892] [24.0] [cxt 0] Deparser 'deparser': start
[08:43:24.218] [bmv2] [T] [thread 78892] [24.0] [cxt 0] Skipping checksum 'cksum' update because condition not met
[08:43:24.218] [bmv2] [D] [thread 78892] [24.0] [cxt 0] Deparsing header 'ethernet'
[08:43:24.218] [bmv2] [D] [thread 78892] [24.0] [cxt 0] Deparser 'deparser': end
[08:43:24.218] [bmv2] [D] [thread 78892] [25.0] [cxt 0] Pipeline 'egress': start
[08:43:24.218] [bmv2] [D] [thread 78892] [25.0] [cxt 0] Pipeline 'egress': end
[08:43:24.218] [bmv2] [D] [thread 78892] [25.0] [cxt 0] Deparser 'deparser': start
[08:43:24.218] [bmv2] [T] [thread 78892] [25.0] [cxt 0] Skipping checksum 'cksum' update because condition not met
[08:43:24.218] [bmv2] [D] [thread 78892] [25.0] [cxt 0] Deparsing header 'ethernet'
[08:43:24.218] [bmv2] [D] [thread 78892] [25.0] [cxt 0] Deparser 'deparser': end
[08:43:24.218] [bmv2] [D] [thread 78892] [26.0] [cxt 0] Pipeline 'egress': start
[08:43:24.218] [bmv2] [D] [thread 78892] [26.0] [cxt 0] Pipeline 'egress': end
[08:43:24.218] [bmv2] [D] [thread 78892] [26.0] [cxt 0] Deparser 'deparser': start
[08:43:24.218] [bmv2] [T] [thread 78892] [26.0] [cxt 0] Skipping checksum 'cksum' update because condition not met
[08:43:24.218] [bmv2] [D] [thread 78892] [26.0] [cxt 0] Deparsing header 'ethernet'
[08:43:24.218] [bmv2] [D] [thread 78892] [26.0] [cxt 0] Deparser 'deparser': end
[08:43:24.218] [bmv2] [D] [thread 78896] [24.0] [cxt 0] Transmitting packet of size 110 out of port 0
[08:43:24.218] [bmv2] [D] [thread 78896] [25.0] [cxt 0] Transmitting packet of size 90 out of port 0
[08:43:24.218] [bmv2] [D] [thread 78896] [26.0] [cxt 0] Transmitting packet of size 70 out of port 0
[08:43:24.228] [bmv2] [D] [thread 78891] [27.0] [cxt 0] Processing packet received on port 1
[08:43:24.228] [bmv2] [D] [thread 78891] [27.0] [cxt 0] Parser 'parser': start
[08:43:24.228] [bmv2] [D] [thread 78891] [27.0] [cxt 0] Parser 'parser' entering state 'start'
[08:43:24.228] [bmv2] [D] [thread 78891] [27.0] [cxt 0] Extracting header 'ethernet'
[08:43:24.228] [bmv2] [D] [thread 78891] [27.0] [cxt 0] Parser state 'start': key is 86dd
[08:43:24.228] [bmv2] [T] [thread 78891] [27.0] [cxt 0] Bytes parsed: 14
[08:43:24.228] [bmv2] [D] [thread 78891] [27.0] [cxt 0] Parser 'parser': end
[08:43:24.228] [bmv2] [D] [thread 78891] [27.0] [cxt 0] Pipeline 'ingress': start
[08:43:24.228] [bmv2] [T] [thread 78891] [27.0] [cxt 0] switch.p4(116) Condition "hdr.ipv4.isValid()" (node_2) is false
[08:43:24.228] [bmv2] [D] [thread 78891] [27.0] [cxt 0] Pipeline 'ingress': end
[08:43:24.228] [bmv2] [D] [thread 78891] [27.0] [cxt 0] Egress port is 0
[08:43:24.228] [bmv2] [D] [thread 78892] [27.0] [cxt 0] Pipeline 'egress': start
[08:43:24.228] [bmv2] [D] [thread 78892] [27.0] [cxt 0] Pipeline 'egress': end
[08:43:24.228] [bmv2] [D] [thread 78892] [27.0] [cxt 0] Deparser 'deparser': start
[08:43:24.228] [bmv2] [T] [thread 78892] [27.0] [cxt 0] Skipping checksum 'cksum' update because condition not met
[08:43:24.228] [bmv2] [D] [thread 78892] [27.0] [cxt 0] Deparsing header 'ethernet'
[08:43:24.228] [bmv2] [D] [thread 78892] [27.0] [cxt 0] Deparser 'deparser': end
[08:43:24.228] [bmv2] [D] [thread 78896] [27.0] [cxt 0] Transmitting packet of size 90 out of port 0
[08:43:24.260] [bmv2] [D] [thread 78891] [28.0] [cxt 0] Processing packet received on port 2
[08:43:24.260] [bmv2] [D] [thread 78891] [28.0] [cxt 0] Parser 'parser': start
[08:43:24.260] [bmv2] [D] [thread 78891] [28.0] [cxt 0] Parser 'parser' entering state 'start'
[08:43:24.260] [bmv2] [D] [thread 78891] [28.0] [cxt 0] Extracting header 'ethernet'
[08:43:24.260] [bmv2] [D] [thread 78891] [28.0] [cxt 0] Parser state 'start': key is 86dd
[08:43:24.260] [bmv2] [T] [thread 78891] [28.0] [cxt 0] Bytes parsed: 14
[08:43:24.260] [bmv2] [D] [thread 78891] [28.0] [cxt 0] Parser 'parser': end
[08:43:24.260] [bmv2] [D] [thread 78891] [28.0] [cxt 0] Pipeline 'ingress': start
[08:43:24.260] [bmv2] [T] [thread 78891] [28.0] [cxt 0] switch.p4(116) Condition "hdr.ipv4.isValid()" (node_2) is false
[08:43:24.260] [bmv2] [D] [thread 78891] [28.0] [cxt 0] Pipeline 'ingress': end
[08:43:24.260] [bmv2] [D] [thread 78891] [28.0] [cxt 0] Egress port is 0
[08:43:24.260] [bmv2] [D] [thread 78892] [28.0] [cxt 0] Pipeline 'egress': start
[08:43:24.260] [bmv2] [D] [thread 78892] [28.0] [cxt 0] Pipeline 'egress': end
[08:43:24.260] [bmv2] [D] [thread 78892] [28.0] [cxt 0] Deparser 'deparser': start
[08:43:24.260] [bmv2] [T] [thread 78892] [28.0] [cxt 0] Skipping checksum 'cksum' update because condition not met
[08:43:24.260] [bmv2] [D] [thread 78892] [28.0] [cxt 0] Deparsing header 'ethernet'
[08:43:24.260] [bmv2] [D] [thread 78892] [28.0] [cxt 0] Deparser 'deparser': end
[08:43:24.260] [bmv2] [D] [thread 78896] [28.0] [cxt 0] Transmitting packet of size 211 out of port 0
[08:43:24.291] [bmv2] [D] [thread 78891] [29.0] [cxt 0] Processing packet received on port 1
[08:43:24.291] [bmv2] [D] [thread 78891] [29.0] [cxt 0] Parser 'parser': start
[08:43:24.291] [bmv2] [D] [thread 78891] [29.0] [cxt 0] Parser 'parser' entering state 'start'
[08:43:24.291] [bmv2] [D] [thread 78891] [29.0] [cxt 0] Extracting header 'ethernet'
[08:43:24.291] [bmv2] [D] [thread 78891] [29.0] [cxt 0] Parser state 'start': key is 86dd
[08:43:24.291] [bmv2] [T] [thread 78891] [29.0] [cxt 0] Bytes parsed: 14
[08:43:24.291] [bmv2] [D] [thread 78891] [29.0] [cxt 0] Parser 'parser': end
[08:43:24.291] [bmv2] [D] [thread 78891] [29.0] [cxt 0] Pipeline 'ingress': start
[08:43:24.291] [bmv2] [T] [thread 78891] [29.0] [cxt 0] switch.p4(116) Condition "hdr.ipv4.isValid()" (node_2) is false
[08:43:24.291] [bmv2] [D] [thread 78891] [29.0] [cxt 0] Pipeline 'ingress': end
[08:43:24.291] [bmv2] [D] [thread 78891] [29.0] [cxt 0] Egress port is 0
[08:43:24.291] [bmv2] [D] [thread 78892] [29.0] [cxt 0] Pipeline 'egress': start
[08:43:24.291] [bmv2] [D] [thread 78892] [29.0] [cxt 0] Pipeline 'egress': end
[08:43:24.291] [bmv2] [D] [thread 78892] [29.0] [cxt 0] Deparser 'deparser': start
[08:43:24.291] [bmv2] [T] [thread 78892] [29.0] [cxt 0] Skipping checksum 'cksum' update because condition not met
[08:43:24.291] [bmv2] [D] [thread 78892] [29.0] [cxt 0] Deparsing header 'ethernet'
[08:43:24.291] [bmv2] [D] [thread 78892] [29.0] [cxt 0] Deparser 'deparser': end
[08:43:24.291] [bmv2] [D] [thread 78896] [29.0] [cxt 0] Transmitting packet of size 211 out of port 0
[08:43:24.319] [bmv2] [D] [thread 78891] [30.0] [cxt 0] Processing packet received on port 1
[08:43:24.319] [bmv2] [D] [thread 78891] [30.0] [cxt 0] Parser 'parser': start
[08:43:24.319] [bmv2] [D] [thread 78891] [30.0] [cxt 0] Parser 'parser' entering state 'start'
[08:43:24.319] [bmv2] [D] [thread 78891] [30.0] [cxt 0] Extracting header 'ethernet'
[08:43:24.319] [bmv2] [D] [thread 78891] [30.0] [cxt 0] Parser state 'start': key is 86dd
[08:43:24.319] [bmv2] [T] [thread 78891] [30.0] [cxt 0] Bytes parsed: 14
[08:43:24.319] [bmv2] [D] [thread 78891] [30.0] [cxt 0] Parser 'parser': end
[08:43:24.319] [bmv2] [D] [thread 78891] [30.0] [cxt 0] Pipeline 'ingress': start
[08:43:24.319] [bmv2] [T] [thread 78891] [30.0] [cxt 0] switch.p4(116) Condition "hdr.ipv4.isValid()" (node_2) is false
[08:43:24.319] [bmv2] [D] [thread 78891] [30.0] [cxt 0] Pipeline 'ingress': end
[08:43:24.319] [bmv2] [D] [thread 78891] [30.0] [cxt 0] Egress port is 0
[08:43:24.319] [bmv2] [D] [thread 78892] [30.0] [cxt 0] Pipeline 'egress': start
[08:43:24.319] [bmv2] [D] [thread 78892] [30.0] [cxt 0] Pipeline 'egress': end
[08:43:24.319] [bmv2] [D] [thread 78892] [30.0] [cxt 0] Deparser 'deparser': start
[08:43:24.319] [bmv2] [T] [thread 78892] [30.0] [cxt 0] Skipping checksum 'cksum' update because condition not met
[08:43:24.319] [bmv2] [D] [thread 78892] [30.0] [cxt 0] Deparsing header 'ethernet'
[08:43:24.319] [bmv2] [D] [thread 78892] [30.0] [cxt 0] Deparser 'deparser': end
[08:43:24.319] [bmv2] [D] [thread 78896] [30.0] [cxt 0] Transmitting packet of size 203 out of port 0
[08:43:24.342] [bmv2] [D] [thread 78891] [31.0] [cxt 0] Processing packet received on port 2
[08:43:24.342] [bmv2] [D] [thread 78891] [31.0] [cxt 0] Parser 'parser': start
[08:43:24.342] [bmv2] [D] [thread 78891] [31.0] [cxt 0] Parser 'parser' entering state 'start'
[08:43:24.342] [bmv2] [D] [thread 78891] [31.0] [cxt 0] Extracting header 'ethernet'
[08:43:24.342] [bmv2] [D] [thread 78891] [31.0] [cxt 0] Parser state 'start': key is 86dd
[08:43:24.342] [bmv2] [T] [thread 78891] [31.0] [cxt 0] Bytes parsed: 14
[08:43:24.342] [bmv2] [D] [thread 78891] [31.0] [cxt 0] Parser 'parser': end
[08:43:24.342] [bmv2] [D] [thread 78891] [31.0] [cxt 0] Pipeline 'ingress': start
[08:43:24.342] [bmv2] [T] [thread 78891] [31.0] [cxt 0] switch.p4(116) Condition "hdr.ipv4.isValid()" (node_2) is false
[08:43:24.342] [bmv2] [D] [thread 78891] [31.0] [cxt 0] Pipeline 'ingress': end
[08:43:24.342] [bmv2] [D] [thread 78891] [31.0] [cxt 0] Egress port is 0
[08:43:24.342] [bmv2] [D] [thread 78892] [31.0] [cxt 0] Pipeline 'egress': start
[08:43:24.342] [bmv2] [D] [thread 78892] [31.0] [cxt 0] Pipeline 'egress': end
[08:43:24.342] [bmv2] [D] [thread 78892] [31.0] [cxt 0] Deparser 'deparser': start
[08:43:24.342] [bmv2] [T] [thread 78892] [31.0] [cxt 0] Skipping checksum 'cksum' update because condition not met
[08:43:24.342] [bmv2] [D] [thread 78892] [31.0] [cxt 0] Deparsing header 'ethernet'
[08:43:24.342] [bmv2] [D] [thread 78892] [31.0] [cxt 0] Deparser 'deparser': end
[08:43:24.342] [bmv2] [D] [thread 78896] [31.0] [cxt 0] Transmitting packet of size 199 out of port 0
[08:43:24.454] [bmv2] [D] [thread 78891] [32.0] [cxt 0] Processing packet received on port 2
[08:43:24.454] [bmv2] [D] [thread 78891] [32.0] [cxt 0] Parser 'parser': start
[08:43:24.454] [bmv2] [D] [thread 78891] [32.0] [cxt 0] Parser 'parser' entering state 'start'
[08:43:24.454] [bmv2] [D] [thread 78891] [32.0] [cxt 0] Extracting header 'ethernet'
[08:43:24.454] [bmv2] [D] [thread 78891] [32.0] [cxt 0] Parser state 'start': key is 86dd
[08:43:24.454] [bmv2] [T] [thread 78891] [32.0] [cxt 0] Bytes parsed: 14
[08:43:24.454] [bmv2] [D] [thread 78891] [32.0] [cxt 0] Parser 'parser': end
[08:43:24.454] [bmv2] [D] [thread 78891] [32.0] [cxt 0] Pipeline 'ingress': start
[08:43:24.454] [bmv2] [T] [thread 78891] [32.0] [cxt 0] switch.p4(116) Condition "hdr.ipv4.isValid()" (node_2) is false
[08:43:24.454] [bmv2] [D] [thread 78891] [32.0] [cxt 0] Pipeline 'ingress': end
[08:43:24.454] [bmv2] [D] [thread 78891] [32.0] [cxt 0] Egress port is 0
[08:43:24.454] [bmv2] [D] [thread 78892] [32.0] [cxt 0] Pipeline 'egress': start
[08:43:24.456] [bmv2] [D] [thread 78892] [32.0] [cxt 0] Pipeline 'egress': end
[08:43:24.456] [bmv2] [D] [thread 78892] [32.0] [cxt 0] Deparser 'deparser': start
[08:43:24.456] [bmv2] [T] [thread 78892] [32.0] [cxt 0] Skipping checksum 'cksum' update because condition not met
[08:43:24.456] [bmv2] [D] [thread 78892] [32.0] [cxt 0] Deparsing header 'ethernet'
[08:43:24.456] [bmv2] [D] [thread 78892] [32.0] [cxt 0] Deparser 'deparser': end
[08:43:24.456] [bmv2] [D] [thread 78896] [32.0] [cxt 0] Transmitting packet of size 199 out of port 0
[08:43:24.493] [bmv2] [D] [thread 78891] [33.0] [cxt 0] Processing packet received on port 1
[08:43:24.493] [bmv2] [D] [thread 78891] [33.0] [cxt 0] Parser 'parser': start
[08:43:24.493] [bmv2] [D] [thread 78891] [33.0] [cxt 0] Parser 'parser' entering state 'start'
[08:43:24.493] [bmv2] [D] [thread 78891] [33.0] [cxt 0] Extracting header 'ethernet'
[08:43:24.493] [bmv2] [D] [thread 78891] [33.0] [cxt 0] Parser state 'start': key is 86dd
[08:43:24.493] [bmv2] [T] [thread 78891] [33.0] [cxt 0] Bytes parsed: 14
[08:43:24.493] [bmv2] [D] [thread 78891] [33.0] [cxt 0] Parser 'parser': end
[08:43:24.493] [bmv2] [D] [thread 78891] [33.0] [cxt 0] Pipeline 'ingress': start
[08:43:24.493] [bmv2] [T] [thread 78891] [33.0] [cxt 0] switch.p4(116) Condition "hdr.ipv4.isValid()" (node_2) is false
[08:43:24.493] [bmv2] [D] [thread 78891] [33.0] [cxt 0] Pipeline 'ingress': end
[08:43:24.493] [bmv2] [D] [thread 78891] [33.0] [cxt 0] Egress port is 0
[08:43:24.493] [bmv2] [D] [thread 78892] [33.0] [cxt 0] Pipeline 'egress': start
[08:43:24.493] [bmv2] [D] [thread 78892] [33.0] [cxt 0] Pipeline 'egress': end
[08:43:24.493] [bmv2] [D] [thread 78892] [33.0] [cxt 0] Deparser 'deparser': start
[08:43:24.493] [bmv2] [T] [thread 78892] [33.0] [cxt 0] Skipping checksum 'cksum' update because condition not met
[08:43:24.493] [bmv2] [D] [thread 78892] [33.0] [cxt 0] Deparsing header 'ethernet'
[08:43:24.493] [bmv2] [D] [thread 78892] [33.0] [cxt 0] Deparser 'deparser': end
[08:43:24.493] [bmv2] [D] [thread 78896] [33.0] [cxt 0] Transmitting packet of size 211 out of port 0
[08:43:24.552] [bmv2] [D] [thread 78891] [34.0] [cxt 0] Processing packet received on port 1
[08:43:24.552] [bmv2] [D] [thread 78891] [34.0] [cxt 0] Parser 'parser': start
[08:43:24.552] [bmv2] [D] [thread 78891] [34.0] [cxt 0] Parser 'parser' entering state 'start'
[08:43:24.552] [bmv2] [D] [thread 78891] [34.0] [cxt 0] Extracting header 'ethernet'
[08:43:24.552] [bmv2] [D] [thread 78891] [34.0] [cxt 0] Parser state 'start': key is 86dd
[08:43:24.552] [bmv2] [T] [thread 78891] [34.0] [cxt 0] Bytes parsed: 14
[08:43:24.552] [bmv2] [D] [thread 78891] [34.0] [cxt 0] Parser 'parser': end
[08:43:24.552] [bmv2] [D] [thread 78891] [34.0] [cxt 0] Pipeline 'ingress': start
[08:43:24.552] [bmv2] [T] [thread 78891] [34.0] [cxt 0] switch.p4(116) Condition "hdr.ipv4.isValid()" (node_2) is false
[08:43:24.552] [bmv2] [D] [thread 78891] [34.0] [cxt 0] Pipeline 'ingress': end
[08:43:24.552] [bmv2] [D] [thread 78891] [34.0] [cxt 0] Egress port is 0
[08:43:24.552] [bmv2] [D] [thread 78891] [35.0] [cxt 0] Processing packet received on port 2
[08:43:24.552] [bmv2] [D] [thread 78891] [35.0] [cxt 0] Parser 'parser': start
[08:43:24.552] [bmv2] [D] [thread 78891] [35.0] [cxt 0] Parser 'parser' entering state 'start'
[08:43:24.552] [bmv2] [D] [thread 78891] [35.0] [cxt 0] Extracting header 'ethernet'
[08:43:24.552] [bmv2] [D] [thread 78891] [35.0] [cxt 0] Parser state 'start': key is 86dd
[08:43:24.552] [bmv2] [T] [thread 78891] [35.0] [cxt 0] Bytes parsed: 14
[08:43:24.552] [bmv2] [D] [thread 78891] [35.0] [cxt 0] Parser 'parser': end
[08:43:24.552] [bmv2] [D] [thread 78892] [34.0] [cxt 0] Pipeline 'egress': start
[08:43:24.552] [bmv2] [D] [thread 78892] [34.0] [cxt 0] Pipeline 'egress': end
[08:43:24.552] [bmv2] [D] [thread 78892] [34.0] [cxt 0] Deparser 'deparser': start
[08:43:24.552] [bmv2] [T] [thread 78892] [34.0] [cxt 0] Skipping checksum 'cksum' update because condition not met
[08:43:24.552] [bmv2] [D] [thread 78892] [34.0] [cxt 0] Deparsing header 'ethernet'
[08:43:24.552] [bmv2] [D] [thread 78892] [34.0] [cxt 0] Deparser 'deparser': end
[08:43:24.552] [bmv2] [D] [thread 78896] [34.0] [cxt 0] Transmitting packet of size 211 out of port 0
[08:43:24.552] [bmv2] [D] [thread 78891] [35.0] [cxt 0] Pipeline 'ingress': start
[08:43:24.552] [bmv2] [T] [thread 78891] [35.0] [cxt 0] switch.p4(116) Condition "hdr.ipv4.isValid()" (node_2) is false
[08:43:24.552] [bmv2] [D] [thread 78891] [35.0] [cxt 0] Pipeline 'ingress': end
[08:43:24.552] [bmv2] [D] [thread 78891] [35.0] [cxt 0] Egress port is 0
[08:43:24.552] [bmv2] [D] [thread 78892] [35.0] [cxt 0] Pipeline 'egress': start
[08:43:24.552] [bmv2] [D] [thread 78892] [35.0] [cxt 0] Pipeline 'egress': end
[08:43:24.552] [bmv2] [D] [thread 78892] [35.0] [cxt 0] Deparser 'deparser': start
[08:43:24.552] [bmv2] [T] [thread 78892] [35.0] [cxt 0] Skipping checksum 'cksum' update because condition not met
[08:43:24.552] [bmv2] [D] [thread 78892] [35.0] [cxt 0] Deparsing header 'ethernet'
[08:43:24.552] [bmv2] [D] [thread 78892] [35.0] [cxt 0] Deparser 'deparser': end
[08:43:24.552] [bmv2] [D] [thread 78896] [35.0] [cxt 0] Transmitting packet of size 203 out of port 0
[08:43:24.732] [bmv2] [D] [thread 78891] [36.0] [cxt 0] Processing packet received on port 1
[08:43:24.732] [bmv2] [D] [thread 78891] [36.0] [cxt 0] Parser 'parser': start
[08:43:24.732] [bmv2] [D] [thread 78891] [36.0] [cxt 0] Parser 'parser' entering state 'start'
[08:43:24.732] [bmv2] [D] [thread 78891] [36.0] [cxt 0] Extracting header 'ethernet'
[08:43:24.732] [bmv2] [D] [thread 78891] [36.0] [cxt 0] Parser state 'start': key is 86dd
[08:43:24.732] [bmv2] [T] [thread 78891] [36.0] [cxt 0] Bytes parsed: 14
[08:43:24.732] [bmv2] [D] [thread 78891] [36.0] [cxt 0] Parser 'parser': end
[08:43:24.732] [bmv2] [D] [thread 78891] [36.0] [cxt 0] Pipeline 'ingress': start
[08:43:24.732] [bmv2] [T] [thread 78891] [36.0] [cxt 0] switch.p4(116) Condition "hdr.ipv4.isValid()" (node_2) is false
[08:43:24.732] [bmv2] [D] [thread 78891] [36.0] [cxt 0] Pipeline 'ingress': end
[08:43:24.732] [bmv2] [D] [thread 78891] [36.0] [cxt 0] Egress port is 0
[08:43:24.733] [bmv2] [D] [thread 78892] [36.0] [cxt 0] Pipeline 'egress': start
[08:43:24.733] [bmv2] [D] [thread 78892] [36.0] [cxt 0] Pipeline 'egress': end
[08:43:24.733] [bmv2] [D] [thread 78892] [36.0] [cxt 0] Deparser 'deparser': start
[08:43:24.733] [bmv2] [T] [thread 78892] [36.0] [cxt 0] Skipping checksum 'cksum' update because condition not met
[08:43:24.733] [bmv2] [D] [thread 78892] [36.0] [cxt 0] Deparsing header 'ethernet'
[08:43:24.733] [bmv2] [D] [thread 78892] [36.0] [cxt 0] Deparser 'deparser': end
[08:43:24.734] [bmv2] [D] [thread 78896] [36.0] [cxt 0] Transmitting packet of size 199 out of port 0
[08:43:24.744] [bmv2] [D] [thread 78891] [37.0] [cxt 0] Processing packet received on port 1
[08:43:24.744] [bmv2] [D] [thread 78891] [37.0] [cxt 0] Parser 'parser': start
[08:43:24.744] [bmv2] [D] [thread 78891] [37.0] [cxt 0] Parser 'parser' entering state 'start'
[08:43:24.744] [bmv2] [D] [thread 78891] [37.0] [cxt 0] Extracting header 'ethernet'
[08:43:24.744] [bmv2] [D] [thread 78891] [37.0] [cxt 0] Parser state 'start': key is 86dd
[08:43:24.744] [bmv2] [T] [thread 78891] [37.0] [cxt 0] Bytes parsed: 14
[08:43:24.744] [bmv2] [D] [thread 78891] [37.0] [cxt 0] Parser 'parser': end
[08:43:24.744] [bmv2] [D] [thread 78891] [37.0] [cxt 0] Pipeline 'ingress': start
[08:43:24.744] [bmv2] [T] [thread 78891] [37.0] [cxt 0] switch.p4(116) Condition "hdr.ipv4.isValid()" (node_2) is false
[08:43:24.744] [bmv2] [D] [thread 78891] [37.0] [cxt 0] Pipeline 'ingress': end
[08:43:24.744] [bmv2] [D] [thread 78891] [37.0] [cxt 0] Egress port is 0
[08:43:24.744] [bmv2] [D] [thread 78892] [37.0] [cxt 0] Pipeline 'egress': start
[08:43:24.744] [bmv2] [D] [thread 78892] [37.0] [cxt 0] Pipeline 'egress': end
[08:43:24.744] [bmv2] [D] [thread 78892] [37.0] [cxt 0] Deparser 'deparser': start
[08:43:24.744] [bmv2] [T] [thread 78892] [37.0] [cxt 0] Skipping checksum 'cksum' update because condition not met
[08:43:24.744] [bmv2] [D] [thread 78892] [37.0] [cxt 0] Deparsing header 'ethernet'
[08:43:24.744] [bmv2] [D] [thread 78892] [37.0] [cxt 0] Deparser 'deparser': end
[08:43:24.744] [bmv2] [D] [thread 78896] [37.0] [cxt 0] Transmitting packet of size 211 out of port 0
[08:43:24.918] [bmv2] [D] [thread 78891] [38.0] [cxt 0] Processing packet received on port 1
[08:43:24.920] [bmv2] [D] [thread 78891] [38.0] [cxt 0] Parser 'parser': start
[08:43:24.920] [bmv2] [D] [thread 78891] [38.0] [cxt 0] Parser 'parser' entering state 'start'
[08:43:24.920] [bmv2] [D] [thread 78891] [38.0] [cxt 0] Extracting header 'ethernet'
[08:43:24.920] [bmv2] [D] [thread 78891] [38.0] [cxt 0] Parser state 'start': key is 86dd
[08:43:24.920] [bmv2] [T] [thread 78891] [38.0] [cxt 0] Bytes parsed: 14
[08:43:24.920] [bmv2] [D] [thread 78891] [38.0] [cxt 0] Parser 'parser': end
[08:43:24.920] [bmv2] [D] [thread 78891] [38.0] [cxt 0] Pipeline 'ingress': start
[08:43:24.920] [bmv2] [T] [thread 78891] [38.0] [cxt 0] switch.p4(116) Condition "hdr.ipv4.isValid()" (node_2) is false
[08:43:24.920] [bmv2] [D] [thread 78891] [38.0] [cxt 0] Pipeline 'ingress': end
[08:43:24.920] [bmv2] [D] [thread 78891] [38.0] [cxt 0] Egress port is 0
[08:43:24.920] [bmv2] [D] [thread 78892] [38.0] [cxt 0] Pipeline 'egress': start
[08:43:24.920] [bmv2] [D] [thread 78892] [38.0] [cxt 0] Pipeline 'egress': end
[08:43:24.920] [bmv2] [D] [thread 78892] [38.0] [cxt 0] Deparser 'deparser': start
[08:43:24.920] [bmv2] [T] [thread 78892] [38.0] [cxt 0] Skipping checksum 'cksum' update because condition not met
[08:43:24.920] [bmv2] [D] [thread 78892] [38.0] [cxt 0] Deparsing header 'ethernet'
[08:43:24.920] [bmv2] [D] [thread 78892] [38.0] [cxt 0] Deparser 'deparser': end
[08:43:24.920] [bmv2] [D] [thread 78896] [38.0] [cxt 0] Transmitting packet of size 203 out of port 0
[08:43:24.984] [bmv2] [D] [thread 78891] [39.0] [cxt 0] Processing packet received on port 1
[08:43:24.984] [bmv2] [D] [thread 78891] [39.0] [cxt 0] Parser 'parser': start
[08:43:24.984] [bmv2] [D] [thread 78891] [39.0] [cxt 0] Parser 'parser' entering state 'start'
[08:43:24.984] [bmv2] [D] [thread 78891] [39.0] [cxt 0] Extracting header 'ethernet'
[08:43:24.984] [bmv2] [D] [thread 78891] [39.0] [cxt 0] Parser state 'start': key is 86dd
[08:43:24.984] [bmv2] [T] [thread 78891] [39.0] [cxt 0] Bytes parsed: 14
[08:43:24.984] [bmv2] [D] [thread 78891] [39.0] [cxt 0] Parser 'parser': end
[08:43:24.984] [bmv2] [D] [thread 78891] [39.0] [cxt 0] Pipeline 'ingress': start
[08:43:24.984] [bmv2] [T] [thread 78891] [39.0] [cxt 0] switch.p4(116) Condition "hdr.ipv4.isValid()" (node_2) is false
[08:43:24.984] [bmv2] [D] [thread 78891] [39.0] [cxt 0] Pipeline 'ingress': end
[08:43:24.984] [bmv2] [D] [thread 78891] [39.0] [cxt 0] Egress port is 0
[08:43:24.984] [bmv2] [D] [thread 78892] [39.0] [cxt 0] Pipeline 'egress': start
[08:43:24.984] [bmv2] [D] [thread 78892] [39.0] [cxt 0] Pipeline 'egress': end
[08:43:24.984] [bmv2] [D] [thread 78892] [39.0] [cxt 0] Deparser 'deparser': start
[08:43:24.984] [bmv2] [T] [thread 78892] [39.0] [cxt 0] Skipping checksum 'cksum' update because condition not met
[08:43:24.984] [bmv2] [D] [thread 78892] [39.0] [cxt 0] Deparsing header 'ethernet'
[08:43:24.984] [bmv2] [D] [thread 78892] [39.0] [cxt 0] Deparser 'deparser': end
[08:43:24.984] [bmv2] [D] [thread 78896] [39.0] [cxt 0] Transmitting packet of size 110 out of port 0
[08:43:24.991] [bmv2] [D] [thread 78891] [40.0] [cxt 0] Processing packet received on port 1
[08:43:24.991] [bmv2] [D] [thread 78891] [40.0] [cxt 0] Parser 'parser': start
[08:43:24.991] [bmv2] [D] [thread 78891] [40.0] [cxt 0] Parser 'parser' entering state 'start'
[08:43:24.991] [bmv2] [D] [thread 78891] [40.0] [cxt 0] Extracting header 'ethernet'
[08:43:24.991] [bmv2] [D] [thread 78891] [40.0] [cxt 0] Parser state 'start': key is 86dd
[08:43:24.991] [bmv2] [T] [thread 78891] [40.0] [cxt 0] Bytes parsed: 14
[08:43:24.991] [bmv2] [D] [thread 78891] [40.0] [cxt 0] Parser 'parser': end
[08:43:24.991] [bmv2] [D] [thread 78891] [40.0] [cxt 0] Pipeline 'ingress': start
[08:43:24.992] [bmv2] [T] [thread 78891] [40.0] [cxt 0] switch.p4(116) Condition "hdr.ipv4.isValid()" (node_2) is false
[08:43:24.992] [bmv2] [D] [thread 78891] [40.0] [cxt 0] Pipeline 'ingress': end
[08:43:24.992] [bmv2] [D] [thread 78891] [40.0] [cxt 0] Egress port is 0
[08:43:24.992] [bmv2] [D] [thread 78892] [40.0] [cxt 0] Pipeline 'egress': start
[08:43:24.992] [bmv2] [D] [thread 78892] [40.0] [cxt 0] Pipeline 'egress': end
[08:43:24.992] [bmv2] [D] [thread 78892] [40.0] [cxt 0] Deparser 'deparser': start
[08:43:24.992] [bmv2] [T] [thread 78892] [40.0] [cxt 0] Skipping checksum 'cksum' update because condition not met
[08:43:24.992] [bmv2] [D] [thread 78892] [40.0] [cxt 0] Deparsing header 'ethernet'
[08:43:24.992] [bmv2] [D] [thread 78892] [40.0] [cxt 0] Deparser 'deparser': end
[08:43:24.992] [bmv2] [D] [thread 78896] [40.0] [cxt 0] Transmitting packet of size 211 out of port 0
[08:43:25.049] [bmv2] [D] [thread 78891] [41.0] [cxt 0] Processing packet received on port 1
[08:43:25.049] [bmv2] [D] [thread 78891] [41.0] [cxt 0] Parser 'parser': start
[08:43:25.050] [bmv2] [D] [thread 78891] [41.0] [cxt 0] Parser 'parser' entering state 'start'
[08:43:25.050] [bmv2] [D] [thread 78891] [41.0] [cxt 0] Extracting header 'ethernet'
[08:43:25.050] [bmv2] [D] [thread 78891] [41.0] [cxt 0] Parser state 'start': key is 86dd
[08:43:25.050] [bmv2] [T] [thread 78891] [41.0] [cxt 0] Bytes parsed: 14
[08:43:25.050] [bmv2] [D] [thread 78891] [41.0] [cxt 0] Parser 'parser': end
[08:43:25.050] [bmv2] [D] [thread 78891] [41.0] [cxt 0] Pipeline 'ingress': start
[08:43:25.050] [bmv2] [T] [thread 78891] [41.0] [cxt 0] switch.p4(116) Condition "hdr.ipv4.isValid()" (node_2) is false
[08:43:25.050] [bmv2] [D] [thread 78891] [41.0] [cxt 0] Pipeline 'ingress': end
[08:43:25.050] [bmv2] [D] [thread 78891] [41.0] [cxt 0] Egress port is 0
[08:43:25.050] [bmv2] [D] [thread 78892] [41.0] [cxt 0] Pipeline 'egress': start
[08:43:25.050] [bmv2] [D] [thread 78892] [41.0] [cxt 0] Pipeline 'egress': end
[08:43:25.050] [bmv2] [D] [thread 78892] [41.0] [cxt 0] Deparser 'deparser': start
[08:43:25.050] [bmv2] [T] [thread 78892] [41.0] [cxt 0] Skipping checksum 'cksum' update because condition not met
[08:43:25.050] [bmv2] [D] [thread 78892] [41.0] [cxt 0] Deparsing header 'ethernet'
[08:43:25.050] [bmv2] [D] [thread 78892] [41.0] [cxt 0] Deparser 'deparser': end
[08:43:25.050] [bmv2] [D] [thread 78896] [41.0] [cxt 0] Transmitting packet of size 90 out of port 0
[08:43:25.194] [bmv2] [D] [thread 78891] [42.0] [cxt 0] Processing packet received on port 1
[08:43:25.194] [bmv2] [D] [thread 78891] [42.0] [cxt 0] Parser 'parser': start
[08:43:25.194] [bmv2] [D] [thread 78891] [42.0] [cxt 0] Parser 'parser' entering state 'start'
[08:43:25.194] [bmv2] [D] [thread 78891] [42.0] [cxt 0] Extracting header 'ethernet'
[08:43:25.194] [bmv2] [D] [thread 78891] [42.0] [cxt 0] Parser state 'start': key is 86dd
[08:43:25.194] [bmv2] [T] [thread 78891] [42.0] [cxt 0] Bytes parsed: 14
[08:43:25.194] [bmv2] [D] [thread 78891] [42.0] [cxt 0] Parser 'parser': end
[08:43:25.194] [bmv2] [D] [thread 78891] [42.0] [cxt 0] Pipeline 'ingress': start
[08:43:25.194] [bmv2] [T] [thread 78891] [42.0] [cxt 0] switch.p4(116) Condition "hdr.ipv4.isValid()" (node_2) is false
[08:43:25.194] [bmv2] [D] [thread 78891] [42.0] [cxt 0] Pipeline 'ingress': end
[08:43:25.194] [bmv2] [D] [thread 78891] [42.0] [cxt 0] Egress port is 0
[08:43:25.194] [bmv2] [D] [thread 78892] [42.0] [cxt 0] Pipeline 'egress': start
[08:43:25.194] [bmv2] [D] [thread 78892] [42.0] [cxt 0] Pipeline 'egress': end
[08:43:25.194] [bmv2] [D] [thread 78892] [42.0] [cxt 0] Deparser 'deparser': start
[08:43:25.194] [bmv2] [T] [thread 78892] [42.0] [cxt 0] Skipping checksum 'cksum' update because condition not met
[08:43:25.194] [bmv2] [D] [thread 78892] [42.0] [cxt 0] Deparsing header 'ethernet'
[08:43:25.194] [bmv2] [D] [thread 78892] [42.0] [cxt 0] Deparser 'deparser': end
[08:43:25.194] [bmv2] [D] [thread 78896] [42.0] [cxt 0] Transmitting packet of size 199 out of port 0
[08:43:25.355] [bmv2] [D] [thread 78891] [43.0] [cxt 0] Processing packet received on port 1
[08:43:25.355] [bmv2] [D] [thread 78891] [43.0] [cxt 0] Parser 'parser': start
[08:43:25.355] [bmv2] [D] [thread 78891] [43.0] [cxt 0] Parser 'parser' entering state 'start'
[08:43:25.355] [bmv2] [D] [thread 78891] [43.0] [cxt 0] Extracting header 'ethernet'
[08:43:25.355] [bmv2] [D] [thread 78891] [43.0] [cxt 0] Parser state 'start': key is 86dd
[08:43:25.355] [bmv2] [T] [thread 78891] [43.0] [cxt 0] Bytes parsed: 14
[08:43:25.355] [bmv2] [D] [thread 78891] [43.0] [cxt 0] Parser 'parser': end
[08:43:25.355] [bmv2] [D] [thread 78891] [43.0] [cxt 0] Pipeline 'ingress': start
[08:43:25.355] [bmv2] [T] [thread 78891] [43.0] [cxt 0] switch.p4(116) Condition "hdr.ipv4.isValid()" (node_2) is false
[08:43:25.355] [bmv2] [D] [thread 78891] [43.0] [cxt 0] Pipeline 'ingress': end
[08:43:25.355] [bmv2] [D] [thread 78891] [43.0] [cxt 0] Egress port is 0
[08:43:25.355] [bmv2] [D] [thread 78892] [43.0] [cxt 0] Pipeline 'egress': start
[08:43:25.355] [bmv2] [D] [thread 78892] [43.0] [cxt 0] Pipeline 'egress': end
[08:43:25.355] [bmv2] [D] [thread 78892] [43.0] [cxt 0] Deparser 'deparser': start
[08:43:25.355] [bmv2] [T] [thread 78892] [43.0] [cxt 0] Skipping checksum 'cksum' update because condition not met
[08:43:25.355] [bmv2] [D] [thread 78892] [43.0] [cxt 0] Deparsing header 'ethernet'
[08:43:25.355] [bmv2] [D] [thread 78892] [43.0] [cxt 0] Deparser 'deparser': end
[08:43:25.355] [bmv2] [D] [thread 78896] [43.0] [cxt 0] Transmitting packet of size 203 out of port 0
[08:43:25.537] [bmv2] [D] [thread 78891] [44.0] [cxt 0] Processing packet received on port 2
[08:43:25.537] [bmv2] [D] [thread 78891] [44.0] [cxt 0] Parser 'parser': start
[08:43:25.537] [bmv2] [D] [thread 78891] [44.0] [cxt 0] Parser 'parser' entering state 'start'
[08:43:25.537] [bmv2] [D] [thread 78891] [44.0] [cxt 0] Extracting header 'ethernet'
[08:43:25.538] [bmv2] [D] [thread 78891] [44.0] [cxt 0] Parser state 'start': key is 86dd
[08:43:25.538] [bmv2] [T] [thread 78891] [44.0] [cxt 0] Bytes parsed: 14
[08:43:25.538] [bmv2] [D] [thread 78891] [44.0] [cxt 0] Parser 'parser': end
[08:43:25.538] [bmv2] [D] [thread 78891] [44.0] [cxt 0] Pipeline 'ingress': start
[08:43:25.538] [bmv2] [T] [thread 78891] [44.0] [cxt 0] switch.p4(116) Condition "hdr.ipv4.isValid()" (node_2) is false
[08:43:25.538] [bmv2] [D] [thread 78891] [44.0] [cxt 0] Pipeline 'ingress': end
[08:43:25.538] [bmv2] [D] [thread 78891] [44.0] [cxt 0] Egress port is 0
[08:43:25.540] [bmv2] [D] [thread 78892] [44.0] [cxt 0] Pipeline 'egress': start
[08:43:25.540] [bmv2] [D] [thread 78892] [44.0] [cxt 0] Pipeline 'egress': end
[08:43:25.540] [bmv2] [D] [thread 78892] [44.0] [cxt 0] Deparser 'deparser': start
[08:43:25.540] [bmv2] [T] [thread 78892] [44.0] [cxt 0] Skipping checksum 'cksum' update because condition not met
[08:43:25.540] [bmv2] [D] [thread 78892] [44.0] [cxt 0] Deparsing header 'ethernet'
[08:43:25.540] [bmv2] [D] [thread 78892] [44.0] [cxt 0] Deparser 'deparser': end
[08:43:25.540] [bmv2] [D] [thread 78896] [44.0] [cxt 0] Transmitting packet of size 199 out of port 0
[08:43:25.635] [bmv2] [D] [thread 78891] [45.0] [cxt 0] Processing packet received on port 2
[08:43:25.635] [bmv2] [D] [thread 78891] [45.0] [cxt 0] Parser 'parser': start
[08:43:25.635] [bmv2] [D] [thread 78891] [45.0] [cxt 0] Parser 'parser' entering state 'start'
[08:43:25.635] [bmv2] [D] [thread 78891] [45.0] [cxt 0] Extracting header 'ethernet'
[08:43:25.635] [bmv2] [D] [thread 78891] [45.0] [cxt 0] Parser state 'start': key is 86dd
[08:43:25.635] [bmv2] [T] [thread 78891] [45.0] [cxt 0] Bytes parsed: 14
[08:43:25.635] [bmv2] [D] [thread 78891] [45.0] [cxt 0] Parser 'parser': end
[08:43:25.635] [bmv2] [D] [thread 78891] [45.0] [cxt 0] Pipeline 'ingress': start
[08:43:25.635] [bmv2] [T] [thread 78891] [45.0] [cxt 0] switch.p4(116) Condition "hdr.ipv4.isValid()" (node_2) is false
[08:43:25.635] [bmv2] [D] [thread 78891] [45.0] [cxt 0] Pipeline 'ingress': end
[08:43:25.635] [bmv2] [D] [thread 78891] [45.0] [cxt 0] Egress port is 0
[08:43:25.635] [bmv2] [D] [thread 78892] [45.0] [cxt 0] Pipeline 'egress': start
[08:43:25.635] [bmv2] [D] [thread 78892] [45.0] [cxt 0] Pipeline 'egress': end
[08:43:25.635] [bmv2] [D] [thread 78892] [45.0] [cxt 0] Deparser 'deparser': start
[08:43:25.635] [bmv2] [T] [thread 78892] [45.0] [cxt 0] Skipping checksum 'cksum' update because condition not met
[08:43:25.635] [bmv2] [D] [thread 78892] [45.0] [cxt 0] Deparsing header 'ethernet'
[08:43:25.635] [bmv2] [D] [thread 78892] [45.0] [cxt 0] Deparser 'deparser': end
[08:43:25.635] [bmv2] [D] [thread 78896] [45.0] [cxt 0] Transmitting packet of size 199 out of port 0
[08:43:25.737] [bmv2] [W] [thread 78959] [P4Runtime] p4::tmp::P4DeviceConfig is deprecated
[08:43:25.737] [bmv2] [D] [thread 78959] Set default default entry for table 'MyIngress.ipv4_lpm': MyIngress.drop - 
[08:43:25.737] [bmv2] [D] [thread 78959] simple_switch target has been notified of a config swap
[08:43:25.908] [bmv2] [D] [thread 78891] [46.0] [cxt 0] Processing packet received on port 1
[08:43:25.908] [bmv2] [D] [thread 78891] [46.0] [cxt 0] Parser 'parser': start
[08:43:25.908] [bmv2] [D] [thread 78891] [46.0] [cxt 0] Parser 'parser' entering state 'start'
[08:43:25.908] [bmv2] [D] [thread 78891] [46.0] [cxt 0] Extracting header 'ethernet'
[08:43:25.908] [bmv2] [D] [thread 78891] [46.0] [cxt 0] Parser state 'start': key is 86dd
[08:43:25.908] [bmv2] [T] [thread 78891] [46.0] [cxt 0] Bytes parsed: 14
[08:43:25.908] [bmv2] [D] [thread 78891] [46.0] [cxt 0] Parser 'parser': end
[08:43:25.908] [bmv2] [D] [thread 78891] [46.0] [cxt 0] Pipeline 'ingress': start
[08:43:25.908] [bmv2] [T] [thread 78891] [46.0] [cxt 0] switch.p4(116) Condition "hdr.ipv4.isValid()" (node_2) is false
[08:43:25.908] [bmv2] [D] [thread 78891] [46.0] [cxt 0] Pipeline 'ingress': end
[08:43:25.908] [bmv2] [D] [thread 78891] [46.0] [cxt 0] Egress port is 0
[08:43:25.908] [bmv2] [D] [thread 78892] [46.0] [cxt 0] Pipeline 'egress': start
[08:43:25.908] [bmv2] [D] [thread 78892] [46.0] [cxt 0] Pipeline 'egress': end
[08:43:25.908] [bmv2] [D] [thread 78892] [46.0] [cxt 0] Deparser 'deparser': start
[08:43:25.908] [bmv2] [T] [thread 78892] [46.0] [cxt 0] Skipping checksum 'cksum' update because condition not met
[08:43:25.908] [bmv2] [D] [thread 78892] [46.0] [cxt 0] Deparsing header 'ethernet'
[08:43:25.908] [bmv2] [D] [thread 78892] [46.0] [cxt 0] Deparser 'deparser': end
[08:43:25.908] [bmv2] [D] [thread 78896] [46.0] [cxt 0] Transmitting packet of size 199 out of port 0
[08:43:26.035] [bmv2] [D] [thread 78960] Set default entry for table 'MyIngress.ipv4_lpm': MyIngress.drop - 
[08:43:26.039] [bmv2] [D] [thread 78959] Entry 0 added to table 'MyIngress.ipv4_lpm'
[08:43:26.039] [bmv2] [D] [thread 78959] Dumping entry 0
Match key:
* hdr.ipv4.dstAddr    : LPM       0a000101/32
Action entry: MyIngress.ipv4_forward - 80000000100,1,

[08:43:26.041] [bmv2] [D] [thread 78960] Entry 1 added to table 'MyIngress.ipv4_lpm'
[08:43:26.041] [bmv2] [D] [thread 78960] Dumping entry 1
Match key:
* hdr.ipv4.dstAddr    : LPM       0a000202/32
Action entry: MyIngress.ipv4_forward - 80000000300,2,

[08:43:26.371] [bmv2] [D] [thread 78891] [47.0] [cxt 0] Processing packet received on port 1
[08:43:26.371] [bmv2] [D] [thread 78891] [47.0] [cxt 0] Parser 'parser': start
[08:43:26.371] [bmv2] [D] [thread 78891] [47.0] [cxt 0] Parser 'parser' entering state 'start'
[08:43:26.371] [bmv2] [D] [thread 78891] [47.0] [cxt 0] Extracting header 'ethernet'
[08:43:26.371] [bmv2] [D] [thread 78891] [47.0] [cxt 0] Parser state 'start': key is 86dd
[08:43:26.371] [bmv2] [T] [thread 78891] [47.0] [cxt 0] Bytes parsed: 14
[08:43:26.371] [bmv2] [D] [thread 78891] [47.0] [cxt 0] Parser 'parser': end
[08:43:26.371] [bmv2] [D] [thread 78891] [47.0] [cxt 0] Pipeline 'ingress': start
[08:43:26.371] [bmv2] [T] [thread 78891] [47.0] [cxt 0] switch.p4(116) Condition "hdr.ipv4.isValid()" (node_2) is false
[08:43:26.371] [bmv2] [D] [thread 78891] [47.0] [cxt 0] Pipeline 'ingress': end
[08:43:26.371] [bmv2] [D] [thread 78891] [47.0] [cxt 0] Egress port is 0
[08:43:26.371] [bmv2] [D] [thread 78892] [47.0] [cxt 0] Pipeline 'egress': start
[08:43:26.371] [bmv2] [D] [thread 78892] [47.0] [cxt 0] Pipeline 'egress': end
[08:43:26.371] [bmv2] [D] [thread 78892] [47.0] [cxt 0] Deparser 'deparser': start
[08:43:26.371] [bmv2] [T] [thread 78892] [47.0] [cxt 0] Skipping checksum 'cksum' update because condition not met
[08:43:26.371] [bmv2] [D] [thread 78892] [47.0] [cxt 0] Deparsing header 'ethernet'
[08:43:26.371] [bmv2] [D] [thread 78892] [47.0] [cxt 0] Deparser 'deparser': end
[08:43:26.371] [bmv2] [D] [thread 78896] [47.0] [cxt 0] Transmitting packet of size 199 out of port 0
[08:43:26.562] [bmv2] [D] [thread 78891] [48.0] [cxt 0] Processing packet received on port 2
[08:43:26.562] [bmv2] [D] [thread 78891] [48.0] [cxt 0] Parser 'parser': start
[08:43:26.562] [bmv2] [D] [thread 78891] [48.0] [cxt 0] Parser 'parser' entering state 'start'
[08:43:26.562] [bmv2] [D] [thread 78891] [48.0] [cxt 0] Extracting header 'ethernet'
[08:43:26.562] [bmv2] [D] [thread 78891] [48.0] [cxt 0] Parser state 'start': key is 86dd
[08:43:26.562] [bmv2] [T] [thread 78891] [48.0] [cxt 0] Bytes parsed: 14
[08:43:26.562] [bmv2] [D] [thread 78891] [48.0] [cxt 0] Parser 'parser': end
[08:43:26.562] [bmv2] [D] [thread 78891] [48.0] [cxt 0] Pipeline 'ingress': start
[08:43:26.562] [bmv2] [T] [thread 78891] [48.0] [cxt 0] switch.p4(116) Condition "hdr.ipv4.isValid()" (node_2) is false
[08:43:26.562] [bmv2] [D] [thread 78891] [48.0] [cxt 0] Pipeline 'ingress': end
[08:43:26.568] [bmv2] [D] [thread 78891] [48.0] [cxt 0] Egress port is 0
[08:43:26.568] [bmv2] [D] [thread 78892] [48.0] [cxt 0] Pipeline 'egress': start
[08:43:26.568] [bmv2] [D] [thread 78892] [48.0] [cxt 0] Pipeline 'egress': end
[08:43:26.568] [bmv2] [D] [thread 78892] [48.0] [cxt 0] Deparser 'deparser': start
[08:43:26.568] [bmv2] [T] [thread 78892] [48.0] [cxt 0] Skipping checksum 'cksum' update because condition not met
[08:43:26.568] [bmv2] [D] [thread 78892] [48.0] [cxt 0] Deparsing header 'ethernet'
[08:43:26.568] [bmv2] [D] [thread 78892] [48.0] [cxt 0] Deparser 'deparser': end
[08:43:26.568] [bmv2] [D] [thread 78896] [48.0] [cxt 0] Transmitting packet of size 203 out of port 0
[08:43:26.915] [bmv2] [D] [thread 78891] [49.0] [cxt 0] Processing packet received on port 1
[08:43:26.915] [bmv2] [D] [thread 78891] [49.0] [cxt 0] Parser 'parser': start
[08:43:26.915] [bmv2] [D] [thread 78891] [49.0] [cxt 0] Parser 'parser' entering state 'start'
[08:43:26.915] [bmv2] [D] [thread 78891] [49.0] [cxt 0] Extracting header 'ethernet'
[08:43:26.915] [bmv2] [D] [thread 78891] [49.0] [cxt 0] Parser state 'start': key is 86dd
[08:43:26.915] [bmv2] [T] [thread 78891] [49.0] [cxt 0] Bytes parsed: 14
[08:43:26.915] [bmv2] [D] [thread 78891] [49.0] [cxt 0] Parser 'parser': end
[08:43:26.915] [bmv2] [D] [thread 78891] [49.0] [cxt 0] Pipeline 'ingress': start
[08:43:26.915] [bmv2] [T] [thread 78891] [49.0] [cxt 0] switch.p4(116) Condition "hdr.ipv4.isValid()" (node_2) is false
[08:43:26.915] [bmv2] [D] [thread 78891] [49.0] [cxt 0] Pipeline 'ingress': end
[08:43:26.915] [bmv2] [D] [thread 78891] [49.0] [cxt 0] Egress port is 0
[08:43:26.915] [bmv2] [D] [thread 78892] [49.0] [cxt 0] Pipeline 'egress': start
[08:43:26.915] [bmv2] [D] [thread 78892] [49.0] [cxt 0] Pipeline 'egress': end
[08:43:26.915] [bmv2] [D] [thread 78892] [49.0] [cxt 0] Deparser 'deparser': start
[08:43:26.915] [bmv2] [T] [thread 78892] [49.0] [cxt 0] Skipping checksum 'cksum' update because condition not met
[08:43:26.915] [bmv2] [D] [thread 78892] [49.0] [cxt 0] Deparsing header 'ethernet'
[08:43:26.915] [bmv2] [D] [thread 78892] [49.0] [cxt 0] Deparser 'deparser': end
[08:43:26.915] [bmv2] [D] [thread 78896] [49.0] [cxt 0] Transmitting packet of size 203 out of port 0
[08:43:27.338] [bmv2] [D] [thread 78891] [50.0] [cxt 0] Processing packet received on port 1
[08:43:27.338] [bmv2] [D] [thread 78891] [50.0] [cxt 0] Parser 'parser': start
[08:43:27.338] [bmv2] [D] [thread 78891] [50.0] [cxt 0] Parser 'parser' entering state 'start'
[08:43:27.338] [bmv2] [D] [thread 78891] [50.0] [cxt 0] Extracting header 'ethernet'
[08:43:27.338] [bmv2] [D] [thread 78891] [50.0] [cxt 0] Parser state 'start': key is 86dd
[08:43:27.338] [bmv2] [T] [thread 78891] [50.0] [cxt 0] Bytes parsed: 14
[08:43:27.338] [bmv2] [D] [thread 78891] [50.0] [cxt 0] Parser 'parser': end
[08:43:27.338] [bmv2] [D] [thread 78891] [50.0] [cxt 0] Pipeline 'ingress': start
[08:43:27.338] [bmv2] [T] [thread 78891] [50.0] [cxt 0] switch.p4(116) Condition "hdr.ipv4.isValid()" (node_2) is false
[08:43:27.338] [bmv2] [D] [thread 78891] [50.0] [cxt 0] Pipeline 'ingress': end
[08:43:27.338] [bmv2] [D] [thread 78891] [50.0] [cxt 0] Egress port is 0
[08:43:27.338] [bmv2] [D] [thread 78892] [50.0] [cxt 0] Pipeline 'egress': start
[08:43:27.338] [bmv2] [D] [thread 78892] [50.0] [cxt 0] Pipeline 'egress': end
[08:43:27.338] [bmv2] [D] [thread 78892] [50.0] [cxt 0] Deparser 'deparser': start
[08:43:27.338] [bmv2] [T] [thread 78892] [50.0] [cxt 0] Skipping checksum 'cksum' update because condition not met
[08:43:27.338] [bmv2] [D] [thread 78892] [50.0] [cxt 0] Deparsing header 'ethernet'
[08:43:27.338] [bmv2] [D] [thread 78892] [50.0] [cxt 0] Deparser 'deparser': end
[08:43:27.338] [bmv2] [D] [thread 78896] [50.0] [cxt 0] Transmitting packet of size 203 out of port 0
[08:43:27.672] [bmv2] [D] [thread 78891] [51.0] [cxt 0] Processing packet received on port 1
[08:43:27.672] [bmv2] [D] [thread 78891] [51.0] [cxt 0] Parser 'parser': start
[08:43:27.672] [bmv2] [D] [thread 78891] [51.0] [cxt 0] Parser 'parser' entering state 'start'
[08:43:27.672] [bmv2] [D] [thread 78891] [51.0] [cxt 0] Extracting header 'ethernet'
[08:43:27.672] [bmv2] [D] [thread 78891] [51.0] [cxt 0] Parser state 'start': key is 86dd
[08:43:27.672] [bmv2] [T] [thread 78891] [51.0] [cxt 0] Bytes parsed: 14
[08:43:27.672] [bmv2] [D] [thread 78891] [51.0] [cxt 0] Parser 'parser': end
[08:43:27.672] [bmv2] [D] [thread 78891] [51.0] [cxt 0] Pipeline 'ingress': start
[08:43:27.672] [bmv2] [T] [thread 78891] [51.0] [cxt 0] switch.p4(116) Condition "hdr.ipv4.isValid()" (node_2) is false
[08:43:27.672] [bmv2] [D] [thread 78891] [51.0] [cxt 0] Pipeline 'ingress': end
[08:43:27.672] [bmv2] [D] [thread 78891] [51.0] [cxt 0] Egress port is 0
[08:43:27.672] [bmv2] [D] [thread 78892] [51.0] [cxt 0] Pipeline 'egress': start
[08:43:27.672] [bmv2] [D] [thread 78892] [51.0] [cxt 0] Pipeline 'egress': end
[08:43:27.672] [bmv2] [D] [thread 78892] [51.0] [cxt 0] Deparser 'deparser': start
[08:43:27.672] [bmv2] [T] [thread 78892] [51.0] [cxt 0] Skipping checksum 'cksum' update because condition not met
[08:43:27.672] [bmv2] [D] [thread 78892] [51.0] [cxt 0] Deparsing header 'ethernet'
[08:43:27.672] [bmv2] [D] [thread 78892] [51.0] [cxt 0] Deparser 'deparser': end
[08:43:27.672] [bmv2] [D] [thread 78896] [51.0] [cxt 0] Transmitting packet of size 70 out of port 0
[08:43:27.720] [bmv2] [D] [thread 78891] [52.0] [cxt 0] Processing packet received on port 2
[08:43:27.720] [bmv2] [D] [thread 78891] [52.0] [cxt 0] Parser 'parser': start
[08:43:27.720] [bmv2] [D] [thread 78891] [52.0] [cxt 0] Parser 'parser' entering state 'start'
[08:43:27.720] [bmv2] [D] [thread 78891] [52.0] [cxt 0] Extracting header 'ethernet'
[08:43:27.720] [bmv2] [D] [thread 78891] [52.0] [cxt 0] Parser state 'start': key is 86dd
[08:43:27.720] [bmv2] [T] [thread 78891] [52.0] [cxt 0] Bytes parsed: 14
[08:43:27.720] [bmv2] [D] [thread 78891] [52.0] [cxt 0] Parser 'parser': end
[08:43:27.720] [bmv2] [D] [thread 78891] [52.0] [cxt 0] Pipeline 'ingress': start
[08:43:27.720] [bmv2] [T] [thread 78891] [52.0] [cxt 0] switch.p4(116) Condition "hdr.ipv4.isValid()" (node_2) is false
[08:43:27.720] [bmv2] [D] [thread 78891] [52.0] [cxt 0] Pipeline 'ingress': end
[08:43:27.720] [bmv2] [D] [thread 78891] [52.0] [cxt 0] Egress port is 0
[08:43:27.720] [bmv2] [D] [thread 78892] [52.0] [cxt 0] Pipeline 'egress': start
[08:43:27.720] [bmv2] [D] [thread 78892] [52.0] [cxt 0] Pipeline 'egress': end
[08:43:27.720] [bmv2] [D] [thread 78892] [52.0] [cxt 0] Deparser 'deparser': start
[08:43:27.720] [bmv2] [T] [thread 78892] [52.0] [cxt 0] Skipping checksum 'cksum' update because condition not met
[08:43:27.720] [bmv2] [D] [thread 78892] [52.0] [cxt 0] Deparsing header 'ethernet'
[08:43:27.720] [bmv2] [D] [thread 78892] [52.0] [cxt 0] Deparser 'deparser': end
[08:43:27.720] [bmv2] [D] [thread 78896] [52.0] [cxt 0] Transmitting packet of size 199 out of port 0
[08:43:27.813] [bmv2] [D] [thread 78891] [53.0] [cxt 0] Processing packet received on port 2
[08:43:27.813] [bmv2] [D] [thread 78891] [53.0] [cxt 0] Parser 'parser': start
[08:43:27.813] [bmv2] [D] [thread 78891] [53.0] [cxt 0] Parser 'parser' entering state 'start'
[08:43:27.813] [bmv2] [D] [thread 78891] [53.0] [cxt 0] Extracting header 'ethernet'
[08:43:27.813] [bmv2] [D] [thread 78891] [53.0] [cxt 0] Parser state 'start': key is 86dd
[08:43:27.813] [bmv2] [T] [thread 78891] [53.0] [cxt 0] Bytes parsed: 14
[08:43:27.813] [bmv2] [D] [thread 78891] [53.0] [cxt 0] Parser 'parser': end
[08:43:27.813] [bmv2] [D] [thread 78891] [53.0] [cxt 0] Pipeline 'ingress': start
[08:43:27.813] [bmv2] [T] [thread 78891] [53.0] [cxt 0] switch.p4(116) Condition "hdr.ipv4.isValid()" (node_2) is false
[08:43:27.813] [bmv2] [D] [thread 78891] [53.0] [cxt 0] Pipeline 'ingress': end
[08:43:27.813] [bmv2] [D] [thread 78891] [53.0] [cxt 0] Egress port is 0
[08:43:27.813] [bmv2] [D] [thread 78892] [53.0] [cxt 0] Pipeline 'egress': start
[08:43:27.813] [bmv2] [D] [thread 78892] [53.0] [cxt 0] Pipeline 'egress': end
[08:43:27.813] [bmv2] [D] [thread 78892] [53.0] [cxt 0] Deparser 'deparser': start
[08:43:27.813] [bmv2] [T] [thread 78892] [53.0] [cxt 0] Skipping checksum 'cksum' update because condition not met
[08:43:27.813] [bmv2] [D] [thread 78892] [53.0] [cxt 0] Deparsing header 'ethernet'
[08:43:27.813] [bmv2] [D] [thread 78892] [53.0] [cxt 0] Deparser 'deparser': end
[08:43:27.813] [bmv2] [D] [thread 78896] [53.0] [cxt 0] Transmitting packet of size 199 out of port 0
[08:43:27.865] [bmv2] [D] [thread 78891] [54.0] [cxt 0] Processing packet received on port 2
[08:43:27.865] [bmv2] [D] [thread 78891] [54.0] [cxt 0] Parser 'parser': start
[08:43:27.865] [bmv2] [D] [thread 78891] [54.0] [cxt 0] Parser 'parser' entering state 'start'
[08:43:27.865] [bmv2] [D] [thread 78891] [54.0] [cxt 0] Extracting header 'ethernet'
[08:43:27.865] [bmv2] [D] [thread 78891] [54.0] [cxt 0] Parser state 'start': key is 86dd
[08:43:27.865] [bmv2] [T] [thread 78891] [54.0] [cxt 0] Bytes parsed: 14
[08:43:27.865] [bmv2] [D] [thread 78891] [54.0] [cxt 0] Parser 'parser': end
[08:43:27.865] [bmv2] [D] [thread 78891] [54.0] [cxt 0] Pipeline 'ingress': start
[08:43:27.865] [bmv2] [T] [thread 78891] [54.0] [cxt 0] switch.p4(116) Condition "hdr.ipv4.isValid()" (node_2) is false
[08:43:27.865] [bmv2] [D] [thread 78891] [54.0] [cxt 0] Pipeline 'ingress': end
[08:43:27.865] [bmv2] [D] [thread 78891] [54.0] [cxt 0] Egress port is 0
[08:43:27.865] [bmv2] [D] [thread 78891] [55.0] [cxt 0] Processing packet received on port 2
[08:43:27.865] [bmv2] [D] [thread 78891] [55.0] [cxt 0] Parser 'parser': start
[08:43:27.865] [bmv2] [D] [thread 78891] [55.0] [cxt 0] Parser 'parser' entering state 'start'
[08:43:27.865] [bmv2] [D] [thread 78891] [55.0] [cxt 0] Extracting header 'ethernet'
[08:43:27.865] [bmv2] [D] [thread 78891] [55.0] [cxt 0] Parser state 'start': key is 86dd
[08:43:27.865] [bmv2] [T] [thread 78891] [55.0] [cxt 0] Bytes parsed: 14
[08:43:27.865] [bmv2] [D] [thread 78891] [55.0] [cxt 0] Parser 'parser': end
[08:43:27.865] [bmv2] [D] [thread 78891] [55.0] [cxt 0] Pipeline 'ingress': start
[08:43:27.865] [bmv2] [T] [thread 78891] [55.0] [cxt 0] switch.p4(116) Condition "hdr.ipv4.isValid()" (node_2) is false
[08:43:27.865] [bmv2] [D] [thread 78891] [55.0] [cxt 0] Pipeline 'ingress': end
[08:43:27.865] [bmv2] [D] [thread 78891] [55.0] [cxt 0] Egress port is 0
[08:43:27.865] [bmv2] [D] [thread 78892] [54.0] [cxt 0] Pipeline 'egress': start
[08:43:27.865] [bmv2] [D] [thread 78892] [54.0] [cxt 0] Pipeline 'egress': end
[08:43:27.865] [bmv2] [D] [thread 78892] [54.0] [cxt 0] Deparser 'deparser': start
[08:43:27.865] [bmv2] [T] [thread 78892] [54.0] [cxt 0] Skipping checksum 'cksum' update because condition not met
[08:43:27.865] [bmv2] [D] [thread 78892] [54.0] [cxt 0] Deparsing header 'ethernet'
[08:43:27.865] [bmv2] [D] [thread 78892] [54.0] [cxt 0] Deparser 'deparser': end
[08:43:27.865] [bmv2] [D] [thread 78892] [55.0] [cxt 0] Pipeline 'egress': start
[08:43:27.865] [bmv2] [D] [thread 78892] [55.0] [cxt 0] Pipeline 'egress': end
[08:43:27.865] [bmv2] [D] [thread 78892] [55.0] [cxt 0] Deparser 'deparser': start
[08:43:27.865] [bmv2] [T] [thread 78892] [55.0] [cxt 0] Skipping checksum 'cksum' update because condition not met
[08:43:27.865] [bmv2] [D] [thread 78892] [55.0] [cxt 0] Deparsing header 'ethernet'
[08:43:27.865] [bmv2] [D] [thread 78892] [55.0] [cxt 0] Deparser 'deparser': end
[08:43:27.865] [bmv2] [D] [thread 78896] [54.0] [cxt 0] Transmitting packet of size 70 out of port 0
[08:43:27.865] [bmv2] [D] [thread 78896] [55.0] [cxt 0] Transmitting packet of size 70 out of port 0
[08:43:28.093] [bmv2] [D] [thread 78891] [56.0] [cxt 0] Processing packet received on port 1
[08:43:28.093] [bmv2] [D] [thread 78891] [56.0] [cxt 0] Parser 'parser': start
[08:43:28.093] [bmv2] [D] [thread 78891] [56.0] [cxt 0] Parser 'parser' entering state 'start'
[08:43:28.093] [bmv2] [D] [thread 78891] [56.0] [cxt 0] Extracting header 'ethernet'
[08:43:28.093] [bmv2] [D] [thread 78891] [56.0] [cxt 0] Parser state 'start': key is 86dd
[08:43:28.093] [bmv2] [T] [thread 78891] [56.0] [cxt 0] Bytes parsed: 14
[08:43:28.093] [bmv2] [D] [thread 78891] [56.0] [cxt 0] Parser 'parser': end
[08:43:28.093] [bmv2] [D] [thread 78891] [56.0] [cxt 0] Pipeline 'ingress': start
[08:43:28.093] [bmv2] [T] [thread 78891] [56.0] [cxt 0] switch.p4(116) Condition "hdr.ipv4.isValid()" (node_2) is false
[08:43:28.093] [bmv2] [D] [thread 78891] [56.0] [cxt 0] Pipeline 'ingress': end
[08:43:28.093] [bmv2] [D] [thread 78891] [56.0] [cxt 0] Egress port is 0
[08:43:28.093] [bmv2] [D] [thread 78892] [56.0] [cxt 0] Pipeline 'egress': start
[08:43:28.093] [bmv2] [D] [thread 78892] [56.0] [cxt 0] Pipeline 'egress': end
[08:43:28.093] [bmv2] [D] [thread 78892] [56.0] [cxt 0] Deparser 'deparser': start
[08:43:28.093] [bmv2] [T] [thread 78892] [56.0] [cxt 0] Skipping checksum 'cksum' update because condition not met
[08:43:28.093] [bmv2] [D] [thread 78892] [56.0] [cxt 0] Deparsing header 'ethernet'
[08:43:28.093] [bmv2] [D] [thread 78892] [56.0] [cxt 0] Deparser 'deparser': end
[08:43:28.093] [bmv2] [D] [thread 78896] [56.0] [cxt 0] Transmitting packet of size 199 out of port 0
[08:43:28.552] [bmv2] [D] [thread 78891] [57.0] [cxt 0] Processing packet received on port 1
[08:43:28.552] [bmv2] [D] [thread 78891] [57.0] [cxt 0] Parser 'parser': start
[08:43:28.552] [bmv2] [D] [thread 78891] [57.0] [cxt 0] Parser 'parser' entering state 'start'
[08:43:28.552] [bmv2] [D] [thread 78891] [57.0] [cxt 0] Extracting header 'ethernet'
[08:43:28.552] [bmv2] [D] [thread 78891] [57.0] [cxt 0] Parser state 'start': key is 86dd
[08:43:28.552] [bmv2] [T] [thread 78891] [57.0] [cxt 0] Bytes parsed: 14
[08:43:28.552] [bmv2] [D] [thread 78891] [57.0] [cxt 0] Parser 'parser': end
[08:43:28.552] [bmv2] [D] [thread 78891] [57.0] [cxt 0] Pipeline 'ingress': start
[08:43:28.552] [bmv2] [T] [thread 78891] [57.0] [cxt 0] switch.p4(116) Condition "hdr.ipv4.isValid()" (node_2) is false
[08:43:28.552] [bmv2] [D] [thread 78891] [57.0] [cxt 0] Pipeline 'ingress': end
[08:43:28.552] [bmv2] [D] [thread 78891] [57.0] [cxt 0] Egress port is 0
[08:43:28.553] [bmv2] [D] [thread 78892] [57.0] [cxt 0] Pipeline 'egress': start
[08:43:28.553] [bmv2] [D] [thread 78892] [57.0] [cxt 0] Pipeline 'egress': end
[08:43:28.553] [bmv2] [D] [thread 78892] [57.0] [cxt 0] Deparser 'deparser': start
[08:43:28.553] [bmv2] [T] [thread 78892] [57.0] [cxt 0] Skipping checksum 'cksum' update because condition not met
[08:43:28.553] [bmv2] [D] [thread 78892] [57.0] [cxt 0] Deparsing header 'ethernet'
[08:43:28.553] [bmv2] [D] [thread 78892] [57.0] [cxt 0] Deparser 'deparser': end
[08:43:28.553] [bmv2] [D] [thread 78896] [57.0] [cxt 0] Transmitting packet of size 199 out of port 0
open: No such file or directory
open: No such file or directory
