Calling target program-options parser
[08:43:23.636] [bmv2] [D] [thread 78898] Set default default entry for table 'MyIngress.ipv4_lpm': MyIngress.drop - 
Adding interface s3-eth1 as port 1
[08:43:23.645] [bmv2] [D] [thread 78898] Adding interface s3-eth1 as port 1
Adding interface s3-eth2 as port 2
[08:43:23.658] [bmv2] [D] [thread 78898] Adding interface s3-eth2 as port 2
Server listening on 0.0.0.0:50053
[08:43:23.688] [bmv2] [I] [thread 78898] Starting Thrift server on port 9092
[08:43:23.693] [bmv2] [I] [thread 78898] Thrift server was started
[08:43:23.693] [bmv2] [D] [thread 78918] [0.0] [cxt 0] Processing packet received on port 1
[08:43:23.693] [bmv2] [D] [thread 78918] [0.0] [cxt 0] Parser 'parser': start
[08:43:23.693] [bmv2] [D] [thread 78918] [0.0] [cxt 0] Parser 'parser' entering state 'start'
[08:43:23.693] [bmv2] [D] [thread 78918] [0.0] [cxt 0] Extracting header 'ethernet'
[08:43:23.693] [bmv2] [D] [thread 78918] [0.0] [cxt 0] Parser state 'start': key is 86dd
[08:43:23.693] [bmv2] [T] [thread 78918] [0.0] [cxt 0] Bytes parsed: 14
[08:43:23.693] [bmv2] [D] [thread 78918] [0.0] [cxt 0] Parser 'parser': end
[08:43:23.693] [bmv2] [D] [thread 78918] [0.0] [cxt 0] Pipeline 'ingress': start
[08:43:23.693] [bmv2] [T] [thread 78918] [0.0] [cxt 0] switch.p4(116) Condition "hdr.ipv4.isValid()" (node_2) is false
[08:43:23.693] [bmv2] [D] [thread 78918] [0.0] [cxt 0] Pipeline 'ingress': end
[08:43:23.693] [bmv2] [D] [thread 78918] [0.0] [cxt 0] Egress port is 0
[08:43:23.693] [bmv2] [D] [thread 78919] [0.0] [cxt 0] Pipeline 'egress': start
[08:43:23.693] [bmv2] [D] [thread 78919] [0.0] [cxt 0] Pipeline 'egress': end
[08:43:23.693] [bmv2] [D] [thread 78919] [0.0] [cxt 0] Deparser 'deparser': start
[08:43:23.693] [bmv2] [T] [thread 78919] [0.0] [cxt 0] Skipping checksum 'cksum' update because condition not met
[08:43:23.693] [bmv2] [D] [thread 78919] [0.0] [cxt 0] Deparsing header 'ethernet'
[08:43:23.693] [bmv2] [D] [thread 78919] [0.0] [cxt 0] Deparser 'deparser': end
[08:43:23.693] [bmv2] [D] [thread 78923] [0.0] [cxt 0] Transmitting packet of size 203 out of port 0
[08:43:23.749] [bmv2] [D] [thread 78918] [1.0] [cxt 0] Processing packet received on port 2
[08:43:23.749] [bmv2] [D] [thread 78918] [1.0] [cxt 0] Parser 'parser': start
[08:43:23.749] [bmv2] [D] [thread 78918] [1.0] [cxt 0] Parser 'parser' entering state 'start'
[08:43:23.749] [bmv2] [D] [thread 78918] [1.0] [cxt 0] Extracting header 'ethernet'
[08:43:23.753] [bmv2] [D] [thread 78918] [1.0] [cxt 0] Parser state 'start': key is 86dd
[08:43:23.753] [bmv2] [T] [thread 78918] [1.0] [cxt 0] Bytes parsed: 14
[08:43:23.753] [bmv2] [D] [thread 78918] [1.0] [cxt 0] Parser 'parser': end
[08:43:23.753] [bmv2] [D] [thread 78918] [1.0] [cxt 0] Pipeline 'ingress': start
[08:43:23.753] [bmv2] [T] [thread 78918] [1.0] [cxt 0] switch.p4(116) Condition "hdr.ipv4.isValid()" (node_2) is false
[08:43:23.753] [bmv2] [D] [thread 78918] [1.0] [cxt 0] Pipeline 'ingress': end
[08:43:23.753] [bmv2] [D] [thread 78918] [1.0] [cxt 0] Egress port is 0
[08:43:23.753] [bmv2] [D] [thread 78919] [1.0] [cxt 0] Pipeline 'egress': start
[08:43:23.753] [bmv2] [D] [thread 78919] [1.0] [cxt 0] Pipeline 'egress': end
[08:43:23.753] [bmv2] [D] [thread 78919] [1.0] [cxt 0] Deparser 'deparser': start
[08:43:23.753] [bmv2] [T] [thread 78919] [1.0] [cxt 0] Skipping checksum 'cksum' update because condition not met
[08:43:23.753] [bmv2] [D] [thread 78919] [1.0] [cxt 0] Deparsing header 'ethernet'
[08:43:23.753] [bmv2] [D] [thread 78919] [1.0] [cxt 0] Deparser 'deparser': end
[08:43:23.753] [bmv2] [D] [thread 78923] [1.0] [cxt 0] Transmitting packet of size 211 out of port 0
[08:43:23.822] [bmv2] [D] [thread 78918] [2.0] [cxt 0] Processing packet received on port 1
[08:43:23.822] [bmv2] [D] [thread 78918] [2.0] [cxt 0] Parser 'parser': start
[08:43:23.822] [bmv2] [D] [thread 78918] [2.0] [cxt 0] Parser 'parser' entering state 'start'
[08:43:23.822] [bmv2] [D] [thread 78918] [2.0] [cxt 0] Extracting header 'ethernet'
[08:43:23.822] [bmv2] [D] [thread 78918] [2.0] [cxt 0] Parser state 'start': key is 86dd
[08:43:23.822] [bmv2] [T] [thread 78918] [2.0] [cxt 0] Bytes parsed: 14
[08:43:23.822] [bmv2] [D] [thread 78918] [2.0] [cxt 0] Parser 'parser': end
[08:43:23.822] [bmv2] [D] [thread 78918] [2.0] [cxt 0] Pipeline 'ingress': start
[08:43:23.822] [bmv2] [T] [thread 78918] [2.0] [cxt 0] switch.p4(116) Condition "hdr.ipv4.isValid()" (node_2) is false
[08:43:23.822] [bmv2] [D] [thread 78918] [2.0] [cxt 0] Pipeline 'ingress': end
[08:43:23.822] [bmv2] [D] [thread 78918] [2.0] [cxt 0] Egress port is 0
[08:43:23.822] [bmv2] [D] [thread 78919] [2.0] [cxt 0] Pipeline 'egress': start
[08:43:23.822] [bmv2] [D] [thread 78919] [2.0] [cxt 0] Pipeline 'egress': end
[08:43:23.822] [bmv2] [D] [thread 78919] [2.0] [cxt 0] Deparser 'deparser': start
[08:43:23.822] [bmv2] [T] [thread 78919] [2.0] [cxt 0] Skipping checksum 'cksum' update because condition not met
[08:43:23.822] [bmv2] [D] [thread 78919] [2.0] [cxt 0] Deparsing header 'ethernet'
[08:43:23.822] [bmv2] [D] [thread 78919] [2.0] [cxt 0] Deparser 'deparser': end
[08:43:23.822] [bmv2] [D] [thread 78923] [2.0] [cxt 0] Transmitting packet of size 211 out of port 0
[08:43:23.870] [bmv2] [D] [thread 78918] [3.0] [cxt 0] Processing packet received on port 1
[08:43:23.870] [bmv2] [D] [thread 78918] [3.0] [cxt 0] Parser 'parser': start
[08:43:23.870] [bmv2] [D] [thread 78918] [3.0] [cxt 0] Parser 'parser' entering state 'start'
[08:43:23.870] [bmv2] [D] [thread 78918] [3.0] [cxt 0] Extracting header 'ethernet'
[08:43:23.870] [bmv2] [D] [thread 78918] [3.0] [cxt 0] Parser state 'start': key is 86dd
[08:43:23.870] [bmv2] [T] [thread 78918] [3.0] [cxt 0] Bytes parsed: 14
[08:43:23.870] [bmv2] [D] [thread 78918] [3.0] [cxt 0] Parser 'parser': end
[08:43:23.870] [bmv2] [D] [thread 78918] [3.0] [cxt 0] Pipeline 'ingress': start
[08:43:23.870] [bmv2] [T] [thread 78918] [3.0] [cxt 0] switch.p4(116) Condition "hdr.ipv4.isValid()" (node_2) is false
[08:43:23.870] [bmv2] [D] [thread 78918] [3.0] [cxt 0] Pipeline 'ingress': end
[08:43:23.870] [bmv2] [D] [thread 78918] [3.0] [cxt 0] Egress port is 0
[08:43:23.870] [bmv2] [D] [thread 78919] [3.0] [cxt 0] Pipeline 'egress': start
[08:43:23.870] [bmv2] [D] [thread 78919] [3.0] [cxt 0] Pipeline 'egress': end
[08:43:23.870] [bmv2] [D] [thread 78919] [3.0] [cxt 0] Deparser 'deparser': start
[08:43:23.870] [bmv2] [T] [thread 78919] [3.0] [cxt 0] Skipping checksum 'cksum' update because condition not met
[08:43:23.870] [bmv2] [D] [thread 78919] [3.0] [cxt 0] Deparsing header 'ethernet'
[08:43:23.870] [bmv2] [D] [thread 78919] [3.0] [cxt 0] Deparser 'deparser': end
[08:43:23.870] [bmv2] [D] [thread 78923] [3.0] [cxt 0] Transmitting packet of size 110 out of port 0
[08:43:23.888] [bmv2] [D] [thread 78918] [4.0] [cxt 0] Processing packet received on port 2
[08:43:23.888] [bmv2] [D] [thread 78918] [4.0] [cxt 0] Parser 'parser': start
[08:43:23.888] [bmv2] [D] [thread 78918] [4.0] [cxt 0] Parser 'parser' entering state 'start'
[08:43:23.888] [bmv2] [D] [thread 78918] [4.0] [cxt 0] Extracting header 'ethernet'
[08:43:23.888] [bmv2] [D] [thread 78918] [4.0] [cxt 0] Parser state 'start': key is 86dd
[08:43:23.888] [bmv2] [T] [thread 78918] [4.0] [cxt 0] Bytes parsed: 14
[08:43:23.888] [bmv2] [D] [thread 78918] [4.0] [cxt 0] Parser 'parser': end
[08:43:23.888] [bmv2] [D] [thread 78918] [4.0] [cxt 0] Pipeline 'ingress': start
[08:43:23.888] [bmv2] [T] [thread 78918] [4.0] [cxt 0] switch.p4(116) Condition "hdr.ipv4.isValid()" (node_2) is false
[08:43:23.888] [bmv2] [D] [thread 78918] [4.0] [cxt 0] Pipeline 'ingress': end
[08:43:23.888] [bmv2] [D] [thread 78918] [4.0] [cxt 0] Egress port is 0
[08:43:23.888] [bmv2] [D] [thread 78919] [4.0] [cxt 0] Pipeline 'egress': start
[08:43:23.888] [bmv2] [D] [thread 78919] [4.0] [cxt 0] Pipeline 'egress': end
[08:43:23.888] [bmv2] [D] [thread 78919] [4.0] [cxt 0] Deparser 'deparser': start
[08:43:23.888] [bmv2] [T] [thread 78919] [4.0] [cxt 0] Skipping checksum 'cksum' update because condition not met
[08:43:23.888] [bmv2] [D] [thread 78919] [4.0] [cxt 0] Deparsing header 'ethernet'
[08:43:23.888] [bmv2] [D] [thread 78919] [4.0] [cxt 0] Deparser 'deparser': end
[08:43:23.888] [bmv2] [D] [thread 78923] [4.0] [cxt 0] Transmitting packet of size 211 out of port 0
[08:43:23.955] [bmv2] [D] [thread 78918] [5.0] [cxt 0] Processing packet received on port 2
[08:43:23.955] [bmv2] [D] [thread 78918] [5.0] [cxt 0] Parser 'parser': start
[08:43:23.955] [bmv2] [D] [thread 78918] [5.0] [cxt 0] Parser 'parser' entering state 'start'
[08:43:23.955] [bmv2] [D] [thread 78918] [5.0] [cxt 0] Extracting header 'ethernet'
[08:43:23.955] [bmv2] [D] [thread 78918] [5.0] [cxt 0] Parser state 'start': key is 86dd
[08:43:23.955] [bmv2] [T] [thread 78918] [5.0] [cxt 0] Bytes parsed: 14
[08:43:23.955] [bmv2] [D] [thread 78918] [5.0] [cxt 0] Parser 'parser': end
[08:43:23.955] [bmv2] [D] [thread 78918] [5.0] [cxt 0] Pipeline 'ingress': start
[08:43:23.955] [bmv2] [T] [thread 78918] [5.0] [cxt 0] switch.p4(116) Condition "hdr.ipv4.isValid()" (node_2) is false
[08:43:23.955] [bmv2] [D] [thread 78918] [5.0] [cxt 0] Pipeline 'ingress': end
[08:43:23.955] [bmv2] [D] [thread 78918] [5.0] [cxt 0] Egress port is 0
[08:43:23.955] [bmv2] [D] [thread 78919] [5.0] [cxt 0] Pipeline 'egress': start
[08:43:23.955] [bmv2] [D] [thread 78919] [5.0] [cxt 0] Pipeline 'egress': end
[08:43:23.955] [bmv2] [D] [thread 78919] [5.0] [cxt 0] Deparser 'deparser': start
[08:43:23.955] [bmv2] [T] [thread 78919] [5.0] [cxt 0] Skipping checksum 'cksum' update because condition not met
[08:43:23.955] [bmv2] [D] [thread 78919] [5.0] [cxt 0] Deparsing header 'ethernet'
[08:43:23.955] [bmv2] [D] [thread 78919] [5.0] [cxt 0] Deparser 'deparser': end
[08:43:23.955] [bmv2] [D] [thread 78923] [5.0] [cxt 0] Transmitting packet of size 90 out of port 0
[08:43:23.964] [bmv2] [D] [thread 78918] [6.0] [cxt 0] Processing packet received on port 2
[08:43:23.964] [bmv2] [D] [thread 78918] [6.0] [cxt 0] Parser 'parser': start
[08:43:23.964] [bmv2] [D] [thread 78918] [6.0] [cxt 0] Parser 'parser' entering state 'start'
[08:43:23.964] [bmv2] [D] [thread 78918] [6.0] [cxt 0] Extracting header 'ethernet'
[08:43:23.964] [bmv2] [D] [thread 78918] [6.0] [cxt 0] Parser state 'start': key is 86dd
[08:43:23.964] [bmv2] [T] [thread 78918] [6.0] [cxt 0] Bytes parsed: 14
[08:43:23.964] [bmv2] [D] [thread 78918] [6.0] [cxt 0] Parser 'parser': end
[08:43:23.964] [bmv2] [D] [thread 78918] [6.0] [cxt 0] Pipeline 'ingress': start
[08:43:23.964] [bmv2] [T] [thread 78918] [6.0] [cxt 0] switch.p4(116) Condition "hdr.ipv4.isValid()" (node_2) is false
[08:43:23.964] [bmv2] [D] [thread 78918] [6.0] [cxt 0] Pipeline 'ingress': end
[08:43:23.964] [bmv2] [D] [thread 78918] [6.0] [cxt 0] Egress port is 0
[08:43:23.964] [bmv2] [D] [thread 78919] [6.0] [cxt 0] Pipeline 'egress': start
[08:43:23.964] [bmv2] [D] [thread 78919] [6.0] [cxt 0] Pipeline 'egress': end
[08:43:23.964] [bmv2] [D] [thread 78919] [6.0] [cxt 0] Deparser 'deparser': start
[08:43:23.964] [bmv2] [T] [thread 78919] [6.0] [cxt 0] Skipping checksum 'cksum' update because condition not met
[08:43:23.964] [bmv2] [D] [thread 78919] [6.0] [cxt 0] Deparsing header 'ethernet'
[08:43:23.964] [bmv2] [D] [thread 78919] [6.0] [cxt 0] Deparser 'deparser': end
[08:43:23.964] [bmv2] [D] [thread 78923] [6.0] [cxt 0] Transmitting packet of size 90 out of port 0
[08:43:24.000] [bmv2] [D] [thread 78918] [7.0] [cxt 0] Processing packet received on port 2
[08:43:24.000] [bmv2] [D] [thread 78918] [7.0] [cxt 0] Parser 'parser': start
[08:43:24.000] [bmv2] [D] [thread 78918] [7.0] [cxt 0] Parser 'parser' entering state 'start'
[08:43:24.000] [bmv2] [D] [thread 78918] [7.0] [cxt 0] Extracting header 'ethernet'
[08:43:24.000] [bmv2] [D] [thread 78918] [7.0] [cxt 0] Parser state 'start': key is 86dd
[08:43:24.000] [bmv2] [T] [thread 78918] [7.0] [cxt 0] Bytes parsed: 14
[08:43:24.000] [bmv2] [D] [thread 78918] [7.0] [cxt 0] Parser 'parser': end
[08:43:24.000] [bmv2] [D] [thread 78918] [7.0] [cxt 0] Pipeline 'ingress': start
[08:43:24.000] [bmv2] [T] [thread 78918] [7.0] [cxt 0] switch.p4(116) Condition "hdr.ipv4.isValid()" (node_2) is false
[08:43:24.000] [bmv2] [D] [thread 78918] [7.0] [cxt 0] Pipeline 'ingress': end
[08:43:24.000] [bmv2] [D] [thread 78918] [7.0] [cxt 0] Egress port is 0
[08:43:24.003] [bmv2] [D] [thread 78919] [7.0] [cxt 0] Pipeline 'egress': start
[08:43:24.004] [bmv2] [D] [thread 78919] [7.0] [cxt 0] Pipeline 'egress': end
[08:43:24.004] [bmv2] [D] [thread 78919] [7.0] [cxt 0] Deparser 'deparser': start
[08:43:24.004] [bmv2] [T] [thread 78919] [7.0] [cxt 0] Skipping checksum 'cksum' update because condition not met
[08:43:24.004] [bmv2] [D] [thread 78919] [7.0] [cxt 0] Deparsing header 'ethernet'
[08:43:24.004] [bmv2] [D] [thread 78919] [7.0] [cxt 0] Deparser 'deparser': end
[08:43:24.004] [bmv2] [D] [thread 78923] [7.0] [cxt 0] Transmitting packet of size 211 out of port 0
[08:43:24.026] [bmv2] [D] [thread 78918] [8.0] [cxt 0] Processing packet received on port 2
[08:43:24.026] [bmv2] [D] [thread 78918] [8.0] [cxt 0] Parser 'parser': start
[08:43:24.026] [bmv2] [D] [thread 78918] [8.0] [cxt 0] Parser 'parser' entering state 'start'
[08:43:24.026] [bmv2] [D] [thread 78918] [8.0] [cxt 0] Extracting header 'ethernet'
[08:43:24.026] [bmv2] [D] [thread 78918] [8.0] [cxt 0] Parser state 'start': key is 86dd
[08:43:24.026] [bmv2] [T] [thread 78918] [8.0] [cxt 0] Bytes parsed: 14
[08:43:24.026] [bmv2] [D] [thread 78918] [8.0] [cxt 0] Parser 'parser': end
[08:43:24.026] [bmv2] [D] [thread 78918] [8.0] [cxt 0] Pipeline 'ingress': start
[08:43:24.026] [bmv2] [T] [thread 78918] [8.0] [cxt 0] switch.p4(116) Condition "hdr.ipv4.isValid()" (node_2) is false
[08:43:24.026] [bmv2] [D] [thread 78918] [8.0] [cxt 0] Pipeline 'ingress': end
[08:43:24.026] [bmv2] [D] [thread 78918] [8.0] [cxt 0] Egress port is 0
[08:43:24.026] [bmv2] [D] [thread 78919] [8.0] [cxt 0] Pipeline 'egress': start
[08:43:24.026] [bmv2] [D] [thread 78919] [8.0] [cxt 0] Pipeline 'egress': end
[08:43:24.026] [bmv2] [D] [thread 78919] [8.0] [cxt 0] Deparser 'deparser': start
[08:43:24.026] [bmv2] [T] [thread 78919] [8.0] [cxt 0] Skipping checksum 'cksum' update because condition not met
[08:43:24.026] [bmv2] [D] [thread 78919] [8.0] [cxt 0] Deparsing header 'ethernet'
[08:43:24.026] [bmv2] [D] [thread 78919] [8.0] [cxt 0] Deparser 'deparser': end
[08:43:24.026] [bmv2] [D] [thread 78923] [8.0] [cxt 0] Transmitting packet of size 110 out of port 0
[08:43:24.078] [bmv2] [D] [thread 78918] [9.0] [cxt 0] Processing packet received on port 1
[08:43:24.078] [bmv2] [D] [thread 78918] [9.0] [cxt 0] Parser 'parser': start
[08:43:24.078] [bmv2] [D] [thread 78918] [9.0] [cxt 0] Parser 'parser' entering state 'start'
[08:43:24.078] [bmv2] [D] [thread 78918] [9.0] [cxt 0] Extracting header 'ethernet'
[08:43:24.078] [bmv2] [D] [thread 78918] [9.0] [cxt 0] Parser state 'start': key is 86dd
[08:43:24.078] [bmv2] [T] [thread 78918] [9.0] [cxt 0] Bytes parsed: 14
[08:43:24.078] [bmv2] [D] [thread 78918] [9.0] [cxt 0] Parser 'parser': end
[08:43:24.078] [bmv2] [D] [thread 78918] [9.0] [cxt 0] Pipeline 'ingress': start
[08:43:24.078] [bmv2] [T] [thread 78918] [9.0] [cxt 0] switch.p4(116) Condition "hdr.ipv4.isValid()" (node_2) is false
[08:43:24.078] [bmv2] [D] [thread 78918] [9.0] [cxt 0] Pipeline 'ingress': end
[08:43:24.078] [bmv2] [D] [thread 78918] [9.0] [cxt 0] Egress port is 0
[08:43:24.078] [bmv2] [D] [thread 78919] [9.0] [cxt 0] Pipeline 'egress': start
[08:43:24.078] [bmv2] [D] [thread 78919] [9.0] [cxt 0] Pipeline 'egress': end
[08:43:24.078] [bmv2] [D] [thread 78919] [9.0] [cxt 0] Deparser 'deparser': start
[08:43:24.078] [bmv2] [T] [thread 78919] [9.0] [cxt 0] Skipping checksum 'cksum' update because condition not met
[08:43:24.078] [bmv2] [D] [thread 78919] [9.0] [cxt 0] Deparsing header 'ethernet'
[08:43:24.078] [bmv2] [D] [thread 78919] [9.0] [cxt 0] Deparser 'deparser': end
[08:43:24.078] [bmv2] [D] [thread 78923] [9.0] [cxt 0] Transmitting packet of size 211 out of port 0
[08:43:24.143] [bmv2] [D] [thread 78918] [10.0] [cxt 0] Processing packet received on port 2
[08:43:24.143] [bmv2] [D] [thread 78918] [10.0] [cxt 0] Parser 'parser': start
[08:43:24.143] [bmv2] [D] [thread 78918] [10.0] [cxt 0] Parser 'parser' entering state 'start'
[08:43:24.143] [bmv2] [D] [thread 78918] [10.0] [cxt 0] Extracting header 'ethernet'
[08:43:24.143] [bmv2] [D] [thread 78918] [10.0] [cxt 0] Parser state 'start': key is 86dd
[08:43:24.143] [bmv2] [T] [thread 78918] [10.0] [cxt 0] Bytes parsed: 14
[08:43:24.143] [bmv2] [D] [thread 78918] [10.0] [cxt 0] Parser 'parser': end
[08:43:24.143] [bmv2] [D] [thread 78918] [10.0] [cxt 0] Pipeline 'ingress': start
[08:43:24.143] [bmv2] [T] [thread 78918] [10.0] [cxt 0] switch.p4(116) Condition "hdr.ipv4.isValid()" (node_2) is false
[08:43:24.143] [bmv2] [D] [thread 78918] [10.0] [cxt 0] Pipeline 'ingress': end
[08:43:24.143] [bmv2] [D] [thread 78918] [10.0] [cxt 0] Egress port is 0
[08:43:24.143] [bmv2] [D] [thread 78919] [10.0] [cxt 0] Pipeline 'egress': start
[08:43:24.143] [bmv2] [D] [thread 78919] [10.0] [cxt 0] Pipeline 'egress': end
[08:43:24.143] [bmv2] [D] [thread 78919] [10.0] [cxt 0] Deparser 'deparser': start
[08:43:24.143] [bmv2] [T] [thread 78919] [10.0] [cxt 0] Skipping checksum 'cksum' update because condition not met
[08:43:24.143] [bmv2] [D] [thread 78919] [10.0] [cxt 0] Deparsing header 'ethernet'
[08:43:24.143] [bmv2] [D] [thread 78919] [10.0] [cxt 0] Deparser 'deparser': end
[08:43:24.143] [bmv2] [D] [thread 78923] [10.0] [cxt 0] Transmitting packet of size 211 out of port 0
[08:43:24.218] [bmv2] [D] [thread 78918] [11.0] [cxt 0] Processing packet received on port 1
[08:43:24.218] [bmv2] [D] [thread 78918] [11.0] [cxt 0] Parser 'parser': start
[08:43:24.218] [bmv2] [D] [thread 78918] [11.0] [cxt 0] Parser 'parser' entering state 'start'
[08:43:24.218] [bmv2] [D] [thread 78918] [11.0] [cxt 0] Extracting header 'ethernet'
[08:43:24.218] [bmv2] [D] [thread 78918] [11.0] [cxt 0] Parser state 'start': key is 86dd
[08:43:24.218] [bmv2] [T] [thread 78918] [11.0] [cxt 0] Bytes parsed: 14
[08:43:24.218] [bmv2] [D] [thread 78918] [11.0] [cxt 0] Parser 'parser': end
[08:43:24.218] [bmv2] [D] [thread 78918] [11.0] [cxt 0] Pipeline 'ingress': start
[08:43:24.218] [bmv2] [T] [thread 78918] [11.0] [cxt 0] switch.p4(116) Condition "hdr.ipv4.isValid()" (node_2) is false
[08:43:24.218] [bmv2] [D] [thread 78918] [11.0] [cxt 0] Pipeline 'ingress': end
[08:43:24.218] [bmv2] [D] [thread 78918] [11.0] [cxt 0] Egress port is 0
[08:43:24.218] [bmv2] [D] [thread 78918] [12.0] [cxt 0] Processing packet received on port 2
[08:43:24.218] [bmv2] [D] [thread 78918] [12.0] [cxt 0] Parser 'parser': start
[08:43:24.218] [bmv2] [D] [thread 78918] [12.0] [cxt 0] Parser 'parser' entering state 'start'
[08:43:24.218] [bmv2] [D] [thread 78918] [12.0] [cxt 0] Extracting header 'ethernet'
[08:43:24.218] [bmv2] [D] [thread 78918] [12.0] [cxt 0] Parser state 'start': key is 86dd
[08:43:24.218] [bmv2] [T] [thread 78918] [12.0] [cxt 0] Bytes parsed: 14
[08:43:24.218] [bmv2] [D] [thread 78918] [12.0] [cxt 0] Parser 'parser': end
[08:43:24.218] [bmv2] [D] [thread 78918] [12.0] [cxt 0] Pipeline 'ingress': start
[08:43:24.218] [bmv2] [T] [thread 78918] [12.0] [cxt 0] switch.p4(116) Condition "hdr.ipv4.isValid()" (node_2) is false
[08:43:24.218] [bmv2] [D] [thread 78918] [12.0] [cxt 0] Pipeline 'ingress': end
[08:43:24.218] [bmv2] [D] [thread 78918] [12.0] [cxt 0] Egress port is 0
[08:43:24.218] [bmv2] [D] [thread 78919] [11.0] [cxt 0] Pipeline 'egress': start
[08:43:24.218] [bmv2] [D] [thread 78919] [11.0] [cxt 0] Pipeline 'egress': end
[08:43:24.218] [bmv2] [D] [thread 78919] [11.0] [cxt 0] Deparser 'deparser': start
[08:43:24.218] [bmv2] [T] [thread 78919] [11.0] [cxt 0] Skipping checksum 'cksum' update because condition not met
[08:43:24.218] [bmv2] [D] [thread 78919] [11.0] [cxt 0] Deparsing header 'ethernet'
[08:43:24.218] [bmv2] [D] [thread 78919] [11.0] [cxt 0] Deparser 'deparser': end
[08:43:24.218] [bmv2] [D] [thread 78923] [11.0] [cxt 0] Transmitting packet of size 90 out of port 0
[08:43:24.218] [bmv2] [D] [thread 78919] [12.0] [cxt 0] Pipeline 'egress': start
[08:43:24.218] [bmv2] [D] [thread 78919] [12.0] [cxt 0] Pipeline 'egress': end
[08:43:24.218] [bmv2] [D] [thread 78919] [12.0] [cxt 0] Deparser 'deparser': start
[08:43:24.218] [bmv2] [T] [thread 78919] [12.0] [cxt 0] Skipping checksum 'cksum' update because condition not met
[08:43:24.218] [bmv2] [D] [thread 78919] [12.0] [cxt 0] Deparsing header 'ethernet'
[08:43:24.218] [bmv2] [D] [thread 78919] [12.0] [cxt 0] Deparser 'deparser': end
[08:43:24.218] [bmv2] [D] [thread 78923] [12.0] [cxt 0] Transmitting packet of size 110 out of port 0
[08:43:24.260] [bmv2] [D] [thread 78918] [13.0] [cxt 0] Processing packet received on port 2
[08:43:24.260] [bmv2] [D] [thread 78918] [13.0] [cxt 0] Parser 'parser': start
[08:43:24.260] [bmv2] [D] [thread 78918] [13.0] [cxt 0] Parser 'parser' entering state 'start'
[08:43:24.260] [bmv2] [D] [thread 78918] [13.0] [cxt 0] Extracting header 'ethernet'
[08:43:24.260] [bmv2] [D] [thread 78918] [13.0] [cxt 0] Parser state 'start': key is 86dd
[08:43:24.260] [bmv2] [T] [thread 78918] [13.0] [cxt 0] Bytes parsed: 14
[08:43:24.260] [bmv2] [D] [thread 78918] [13.0] [cxt 0] Parser 'parser': end
[08:43:24.260] [bmv2] [D] [thread 78918] [13.0] [cxt 0] Pipeline 'ingress': start
[08:43:24.260] [bmv2] [T] [thread 78918] [13.0] [cxt 0] switch.p4(116) Condition "hdr.ipv4.isValid()" (node_2) is false
[08:43:24.260] [bmv2] [D] [thread 78918] [13.0] [cxt 0] Pipeline 'ingress': end
[08:43:24.260] [bmv2] [D] [thread 78918] [13.0] [cxt 0] Egress port is 0
[08:43:24.260] [bmv2] [D] [thread 78919] [13.0] [cxt 0] Pipeline 'egress': start
[08:43:24.260] [bmv2] [D] [thread 78919] [13.0] [cxt 0] Pipeline 'egress': end
[08:43:24.260] [bmv2] [D] [thread 78919] [13.0] [cxt 0] Deparser 'deparser': start
[08:43:24.260] [bmv2] [T] [thread 78919] [13.0] [cxt 0] Skipping checksum 'cksum' update because condition not met
[08:43:24.260] [bmv2] [D] [thread 78919] [13.0] [cxt 0] Deparsing header 'ethernet'
[08:43:24.260] [bmv2] [D] [thread 78919] [13.0] [cxt 0] Deparser 'deparser': end
[08:43:24.260] [bmv2] [D] [thread 78923] [13.0] [cxt 0] Transmitting packet of size 211 out of port 0
[08:43:24.342] [bmv2] [D] [thread 78918] [14.0] [cxt 0] Processing packet received on port 1
[08:43:24.342] [bmv2] [D] [thread 78918] [14.0] [cxt 0] Parser 'parser': start
[08:43:24.342] [bmv2] [D] [thread 78918] [14.0] [cxt 0] Parser 'parser' entering state 'start'
[08:43:24.342] [bmv2] [D] [thread 78918] [14.0] [cxt 0] Extracting header 'ethernet'
[08:43:24.342] [bmv2] [D] [thread 78918] [14.0] [cxt 0] Parser state 'start': key is 86dd
[08:43:24.342] [bmv2] [T] [thread 78918] [14.0] [cxt 0] Bytes parsed: 14
[08:43:24.342] [bmv2] [D] [thread 78918] [14.0] [cxt 0] Parser 'parser': end
[08:43:24.342] [bmv2] [D] [thread 78918] [14.0] [cxt 0] Pipeline 'ingress': start
[08:43:24.342] [bmv2] [T] [thread 78918] [14.0] [cxt 0] switch.p4(116) Condition "hdr.ipv4.isValid()" (node_2) is false
[08:43:24.342] [bmv2] [D] [thread 78918] [14.0] [cxt 0] Pipeline 'ingress': end
[08:43:24.342] [bmv2] [D] [thread 78918] [14.0] [cxt 0] Egress port is 0
[08:43:24.342] [bmv2] [D] [thread 78919] [14.0] [cxt 0] Pipeline 'egress': start
[08:43:24.342] [bmv2] [D] [thread 78919] [14.0] [cxt 0] Pipeline 'egress': end
[08:43:24.342] [bmv2] [D] [thread 78919] [14.0] [cxt 0] Deparser 'deparser': start
[08:43:24.342] [bmv2] [T] [thread 78919] [14.0] [cxt 0] Skipping checksum 'cksum' update because condition not met
[08:43:24.342] [bmv2] [D] [thread 78919] [14.0] [cxt 0] Deparsing header 'ethernet'
[08:43:24.342] [bmv2] [D] [thread 78919] [14.0] [cxt 0] Deparser 'deparser': end
[08:43:24.342] [bmv2] [D] [thread 78923] [14.0] [cxt 0] Transmitting packet of size 211 out of port 0
[08:43:24.342] [bmv2] [D] [thread 78918] [15.0] [cxt 0] Processing packet received on port 2
[08:43:24.342] [bmv2] [D] [thread 78918] [15.0] [cxt 0] Parser 'parser': start
[08:43:24.342] [bmv2] [D] [thread 78918] [15.0] [cxt 0] Parser 'parser' entering state 'start'
[08:43:24.342] [bmv2] [D] [thread 78918] [15.0] [cxt 0] Extracting header 'ethernet'
[08:43:24.342] [bmv2] [D] [thread 78918] [15.0] [cxt 0] Parser state 'start': key is 86dd
[08:43:24.342] [bmv2] [T] [thread 78918] [15.0] [cxt 0] Bytes parsed: 14
[08:43:24.342] [bmv2] [D] [thread 78918] [15.0] [cxt 0] Parser 'parser': end
[08:43:24.342] [bmv2] [D] [thread 78918] [15.0] [cxt 0] Pipeline 'ingress': start
[08:43:24.342] [bmv2] [T] [thread 78918] [15.0] [cxt 0] switch.p4(116) Condition "hdr.ipv4.isValid()" (node_2) is false
[08:43:24.342] [bmv2] [D] [thread 78918] [15.0] [cxt 0] Pipeline 'ingress': end
[08:43:24.342] [bmv2] [D] [thread 78918] [15.0] [cxt 0] Egress port is 0
[08:43:24.342] [bmv2] [D] [thread 78919] [15.0] [cxt 0] Pipeline 'egress': start
[08:43:24.342] [bmv2] [D] [thread 78919] [15.0] [cxt 0] Pipeline 'egress': end
[08:43:24.342] [bmv2] [D] [thread 78919] [15.0] [cxt 0] Deparser 'deparser': start
[08:43:24.342] [bmv2] [T] [thread 78919] [15.0] [cxt 0] Skipping checksum 'cksum' update because condition not met
[08:43:24.342] [bmv2] [D] [thread 78919] [15.0] [cxt 0] Deparsing header 'ethernet'
[08:43:24.342] [bmv2] [D] [thread 78919] [15.0] [cxt 0] Deparser 'deparser': end
[08:43:24.342] [bmv2] [D] [thread 78923] [15.0] [cxt 0] Transmitting packet of size 199 out of port 0
[08:43:24.454] [bmv2] [D] [thread 78918] [16.0] [cxt 0] Processing packet received on port 2
[08:43:24.454] [bmv2] [D] [thread 78918] [16.0] [cxt 0] Parser 'parser': start
[08:43:24.454] [bmv2] [D] [thread 78918] [16.0] [cxt 0] Parser 'parser' entering state 'start'
[08:43:24.454] [bmv2] [D] [thread 78918] [16.0] [cxt 0] Extracting header 'ethernet'
[08:43:24.454] [bmv2] [D] [thread 78918] [16.0] [cxt 0] Parser state 'start': key is 86dd
[08:43:24.454] [bmv2] [T] [thread 78918] [16.0] [cxt 0] Bytes parsed: 14
[08:43:24.454] [bmv2] [D] [thread 78918] [16.0] [cxt 0] Parser 'parser': end
[08:43:24.454] [bmv2] [D] [thread 78918] [16.0] [cxt 0] Pipeline 'ingress': start
[08:43:24.454] [bmv2] [T] [thread 78918] [16.0] [cxt 0] switch.p4(116) Condition "hdr.ipv4.isValid()" (node_2) is false
[08:43:24.454] [bmv2] [D] [thread 78918] [16.0] [cxt 0] Pipeline 'ingress': end
[08:43:24.454] [bmv2] [D] [thread 78918] [16.0] [cxt 0] Egress port is 0
[08:43:24.456] [bmv2] [D] [thread 78919] [16.0] [cxt 0] Pipeline 'egress': start
[08:43:24.456] [bmv2] [D] [thread 78919] [16.0] [cxt 0] Pipeline 'egress': end
[08:43:24.456] [bmv2] [D] [thread 78919] [16.0] [cxt 0] Deparser 'deparser': start
[08:43:24.456] [bmv2] [T] [thread 78919] [16.0] [cxt 0] Skipping checksum 'cksum' update because condition not met
[08:43:24.456] [bmv2] [D] [thread 78919] [16.0] [cxt 0] Deparsing header 'ethernet'
[08:43:24.456] [bmv2] [D] [thread 78919] [16.0] [cxt 0] Deparser 'deparser': end
[08:43:24.456] [bmv2] [D] [thread 78923] [16.0] [cxt 0] Transmitting packet of size 199 out of port 0
[08:43:24.552] [bmv2] [D] [thread 78918] [17.0] [cxt 0] Processing packet received on port 1
[08:43:24.552] [bmv2] [D] [thread 78918] [17.0] [cxt 0] Parser 'parser': start
[08:43:24.552] [bmv2] [D] [thread 78918] [17.0] [cxt 0] Parser 'parser' entering state 'start'
[08:43:24.552] [bmv2] [D] [thread 78918] [17.0] [cxt 0] Extracting header 'ethernet'
[08:43:24.552] [bmv2] [D] [thread 78918] [17.0] [cxt 0] Parser state 'start': key is 86dd
[08:43:24.552] [bmv2] [T] [thread 78918] [17.0] [cxt 0] Bytes parsed: 14
[08:43:24.552] [bmv2] [D] [thread 78918] [17.0] [cxt 0] Parser 'parser': end
[08:43:24.552] [bmv2] [D] [thread 78918] [17.0] [cxt 0] Pipeline 'ingress': start
[08:43:24.552] [bmv2] [T] [thread 78918] [17.0] [cxt 0] switch.p4(116) Condition "hdr.ipv4.isValid()" (node_2) is false
[08:43:24.552] [bmv2] [D] [thread 78918] [17.0] [cxt 0] Pipeline 'ingress': end
[08:43:24.552] [bmv2] [D] [thread 78918] [17.0] [cxt 0] Egress port is 0
[08:43:24.552] [bmv2] [D] [thread 78918] [18.0] [cxt 0] Processing packet received on port 2
[08:43:24.552] [bmv2] [D] [thread 78918] [18.0] [cxt 0] Parser 'parser': start
[08:43:24.552] [bmv2] [D] [thread 78918] [18.0] [cxt 0] Parser 'parser' entering state 'start'
[08:43:24.552] [bmv2] [D] [thread 78918] [18.0] [cxt 0] Extracting header 'ethernet'
[08:43:24.552] [bmv2] [D] [thread 78918] [18.0] [cxt 0] Parser state 'start': key is 86dd
[08:43:24.552] [bmv2] [T] [thread 78918] [18.0] [cxt 0] Bytes parsed: 14
[08:43:24.552] [bmv2] [D] [thread 78918] [18.0] [cxt 0] Parser 'parser': end
[08:43:24.552] [bmv2] [D] [thread 78918] [18.0] [cxt 0] Pipeline 'ingress': start
[08:43:24.552] [bmv2] [T] [thread 78918] [18.0] [cxt 0] switch.p4(116) Condition "hdr.ipv4.isValid()" (node_2) is false
[08:43:24.552] [bmv2] [D] [thread 78918] [18.0] [cxt 0] Pipeline 'ingress': end
[08:43:24.552] [bmv2] [D] [thread 78918] [18.0] [cxt 0] Egress port is 0
[08:43:24.552] [bmv2] [D] [thread 78919] [17.0] [cxt 0] Pipeline 'egress': start
[08:43:24.552] [bmv2] [D] [thread 78919] [17.0] [cxt 0] Pipeline 'egress': end
[08:43:24.552] [bmv2] [D] [thread 78919] [17.0] [cxt 0] Deparser 'deparser': start
[08:43:24.552] [bmv2] [T] [thread 78919] [17.0] [cxt 0] Skipping checksum 'cksum' update because condition not met
[08:43:24.552] [bmv2] [D] [thread 78919] [17.0] [cxt 0] Deparsing header 'ethernet'
[08:43:24.552] [bmv2] [D] [thread 78919] [17.0] [cxt 0] Deparser 'deparser': end
[08:43:24.552] [bmv2] [D] [thread 78919] [18.0] [cxt 0] Pipeline 'egress': start
[08:43:24.552] [bmv2] [D] [thread 78919] [18.0] [cxt 0] Pipeline 'egress': end
[08:43:24.552] [bmv2] [D] [thread 78919] [18.0] [cxt 0] Deparser 'deparser': start
[08:43:24.552] [bmv2] [T] [thread 78919] [18.0] [cxt 0] Skipping checksum 'cksum' update because condition not met
[08:43:24.552] [bmv2] [D] [thread 78919] [18.0] [cxt 0] Deparsing header 'ethernet'
[08:43:24.552] [bmv2] [D] [thread 78919] [18.0] [cxt 0] Deparser 'deparser': end
[08:43:24.552] [bmv2] [D] [thread 78923] [17.0] [cxt 0] Transmitting packet of size 199 out of port 0
[08:43:24.552] [bmv2] [D] [thread 78923] [18.0] [cxt 0] Transmitting packet of size 203 out of port 0
[08:43:24.713] [bmv2] [D] [thread 78918] [19.0] [cxt 0] Processing packet received on port 1
[08:43:24.713] [bmv2] [D] [thread 78918] [19.0] [cxt 0] Parser 'parser': start
[08:43:24.713] [bmv2] [D] [thread 78918] [19.0] [cxt 0] Parser 'parser' entering state 'start'
[08:43:24.713] [bmv2] [D] [thread 78918] [19.0] [cxt 0] Extracting header 'ethernet'
[08:43:24.713] [bmv2] [D] [thread 78918] [19.0] [cxt 0] Parser state 'start': key is 86dd
[08:43:24.713] [bmv2] [T] [thread 78918] [19.0] [cxt 0] Bytes parsed: 14
[08:43:24.713] [bmv2] [D] [thread 78918] [19.0] [cxt 0] Parser 'parser': end
[08:43:24.713] [bmv2] [D] [thread 78918] [19.0] [cxt 0] Pipeline 'ingress': start
[08:43:24.713] [bmv2] [T] [thread 78918] [19.0] [cxt 0] switch.p4(116) Condition "hdr.ipv4.isValid()" (node_2) is false
[08:43:24.713] [bmv2] [D] [thread 78918] [19.0] [cxt 0] Pipeline 'ingress': end
[08:43:24.713] [bmv2] [D] [thread 78918] [19.0] [cxt 0] Egress port is 0
[08:43:24.713] [bmv2] [D] [thread 78919] [19.0] [cxt 0] Pipeline 'egress': start
[08:43:24.713] [bmv2] [D] [thread 78919] [19.0] [cxt 0] Pipeline 'egress': end
[08:43:24.713] [bmv2] [D] [thread 78919] [19.0] [cxt 0] Deparser 'deparser': start
[08:43:24.713] [bmv2] [T] [thread 78919] [19.0] [cxt 0] Skipping checksum 'cksum' update because condition not met
[08:43:24.713] [bmv2] [D] [thread 78919] [19.0] [cxt 0] Deparsing header 'ethernet'
[08:43:24.713] [bmv2] [D] [thread 78919] [19.0] [cxt 0] Deparser 'deparser': end
[08:43:24.713] [bmv2] [D] [thread 78923] [19.0] [cxt 0] Transmitting packet of size 203 out of port 0
[08:43:25.539] [bmv2] [D] [thread 78918] [20.0] [cxt 0] Processing packet received on port 2
[08:43:25.539] [bmv2] [D] [thread 78918] [20.0] [cxt 0] Parser 'parser': start
[08:43:25.539] [bmv2] [D] [thread 78918] [20.0] [cxt 0] Parser 'parser' entering state 'start'
[08:43:25.539] [bmv2] [D] [thread 78918] [20.0] [cxt 0] Extracting header 'ethernet'
[08:43:25.539] [bmv2] [D] [thread 78918] [20.0] [cxt 0] Parser state 'start': key is 86dd
[08:43:25.539] [bmv2] [T] [thread 78918] [20.0] [cxt 0] Bytes parsed: 14
[08:43:25.539] [bmv2] [D] [thread 78918] [20.0] [cxt 0] Parser 'parser': end
[08:43:25.539] [bmv2] [D] [thread 78918] [20.0] [cxt 0] Pipeline 'ingress': start
[08:43:25.539] [bmv2] [T] [thread 78918] [20.0] [cxt 0] switch.p4(116) Condition "hdr.ipv4.isValid()" (node_2) is false
[08:43:25.539] [bmv2] [D] [thread 78918] [20.0] [cxt 0] Pipeline 'ingress': end
[08:43:25.539] [bmv2] [D] [thread 78918] [20.0] [cxt 0] Egress port is 0
[08:43:25.540] [bmv2] [D] [thread 78919] [20.0] [cxt 0] Pipeline 'egress': start
[08:43:25.540] [bmv2] [D] [thread 78919] [20.0] [cxt 0] Pipeline 'egress': end
[08:43:25.540] [bmv2] [D] [thread 78919] [20.0] [cxt 0] Deparser 'deparser': start
[08:43:25.540] [bmv2] [T] [thread 78919] [20.0] [cxt 0] Skipping checksum 'cksum' update because condition not met
[08:43:25.540] [bmv2] [D] [thread 78919] [20.0] [cxt 0] Deparsing header 'ethernet'
[08:43:25.540] [bmv2] [D] [thread 78919] [20.0] [cxt 0] Deparser 'deparser': end
[08:43:25.540] [bmv2] [D] [thread 78923] [20.0] [cxt 0] Transmitting packet of size 199 out of port 0
[08:43:25.635] [bmv2] [D] [thread 78918] [21.0] [cxt 0] Processing packet received on port 2
[08:43:25.635] [bmv2] [D] [thread 78918] [21.0] [cxt 0] Parser 'parser': start
[08:43:25.635] [bmv2] [D] [thread 78918] [21.0] [cxt 0] Parser 'parser' entering state 'start'
[08:43:25.635] [bmv2] [D] [thread 78918] [21.0] [cxt 0] Extracting header 'ethernet'
[08:43:25.635] [bmv2] [D] [thread 78918] [21.0] [cxt 0] Parser state 'start': key is 86dd
[08:43:25.635] [bmv2] [T] [thread 78918] [21.0] [cxt 0] Bytes parsed: 14
[08:43:25.635] [bmv2] [D] [thread 78918] [21.0] [cxt 0] Parser 'parser': end
[08:43:25.635] [bmv2] [D] [thread 78918] [21.0] [cxt 0] Pipeline 'ingress': start
[08:43:25.635] [bmv2] [T] [thread 78918] [21.0] [cxt 0] switch.p4(116) Condition "hdr.ipv4.isValid()" (node_2) is false
[08:43:25.635] [bmv2] [D] [thread 78918] [21.0] [cxt 0] Pipeline 'ingress': end
[08:43:25.635] [bmv2] [D] [thread 78918] [21.0] [cxt 0] Egress port is 0
[08:43:25.636] [bmv2] [D] [thread 78919] [21.0] [cxt 0] Pipeline 'egress': start
[08:43:25.636] [bmv2] [D] [thread 78919] [21.0] [cxt 0] Pipeline 'egress': end
[08:43:25.636] [bmv2] [D] [thread 78919] [21.0] [cxt 0] Deparser 'deparser': start
[08:43:25.636] [bmv2] [T] [thread 78919] [21.0] [cxt 0] Skipping checksum 'cksum' update because condition not met
[08:43:25.636] [bmv2] [D] [thread 78919] [21.0] [cxt 0] Deparsing header 'ethernet'
[08:43:25.636] [bmv2] [D] [thread 78919] [21.0] [cxt 0] Deparser 'deparser': end
[08:43:25.636] [bmv2] [D] [thread 78923] [21.0] [cxt 0] Transmitting packet of size 199 out of port 0
[08:43:25.731] [bmv2] [D] [thread 78918] [22.0] [cxt 0] Processing packet received on port 1
[08:43:25.731] [bmv2] [D] [thread 78918] [22.0] [cxt 0] Parser 'parser': start
[08:43:25.731] [bmv2] [D] [thread 78918] [22.0] [cxt 0] Parser 'parser' entering state 'start'
[08:43:25.731] [bmv2] [D] [thread 78918] [22.0] [cxt 0] Extracting header 'ethernet'
[08:43:25.731] [bmv2] [D] [thread 78918] [22.0] [cxt 0] Parser state 'start': key is 86dd
[08:43:25.731] [bmv2] [T] [thread 78918] [22.0] [cxt 0] Bytes parsed: 14
[08:43:25.731] [bmv2] [D] [thread 78918] [22.0] [cxt 0] Parser 'parser': end
[08:43:25.731] [bmv2] [D] [thread 78918] [22.0] [cxt 0] Pipeline 'ingress': start
[08:43:25.731] [bmv2] [T] [thread 78918] [22.0] [cxt 0] switch.p4(116) Condition "hdr.ipv4.isValid()" (node_2) is false
[08:43:25.731] [bmv2] [D] [thread 78918] [22.0] [cxt 0] Pipeline 'ingress': end
[08:43:25.731] [bmv2] [D] [thread 78918] [22.0] [cxt 0] Egress port is 0
[08:43:25.731] [bmv2] [D] [thread 78919] [22.0] [cxt 0] Pipeline 'egress': start
[08:43:25.731] [bmv2] [D] [thread 78919] [22.0] [cxt 0] Pipeline 'egress': end
[08:43:25.731] [bmv2] [D] [thread 78919] [22.0] [cxt 0] Deparser 'deparser': start
[08:43:25.731] [bmv2] [T] [thread 78919] [22.0] [cxt 0] Skipping checksum 'cksum' update because condition not met
[08:43:25.731] [bmv2] [D] [thread 78919] [22.0] [cxt 0] Deparsing header 'ethernet'
[08:43:25.731] [bmv2] [D] [thread 78919] [22.0] [cxt 0] Deparser 'deparser': end
[08:43:25.731] [bmv2] [D] [thread 78923] [22.0] [cxt 0] Transmitting packet of size 199 out of port 0
[08:43:26.048] [bmv2] [W] [thread 78968] [P4Runtime] p4::tmp::P4DeviceConfig is deprecated
[08:43:26.048] [bmv2] [D] [thread 78968] Set default default entry for table 'MyIngress.ipv4_lpm': MyIngress.drop - 
[08:43:26.054] [bmv2] [D] [thread 78968] simple_switch target has been notified of a config swap
[08:43:26.054] [bmv2] [D] [thread 78968] Set default entry for table 'MyIngress.ipv4_lpm': MyIngress.drop - 
[08:43:26.059] [bmv2] [D] [thread 78970] Entry 0 added to table 'MyIngress.ipv4_lpm'
[08:43:26.059] [bmv2] [D] [thread 78970] Dumping entry 0
Match key:
* hdr.ipv4.dstAddr    : LPM       0a000101/32
Action entry: MyIngress.ipv4_forward - 80000000200,2,

[08:43:26.059] [bmv2] [D] [thread 78968] Entry 1 added to table 'MyIngress.ipv4_lpm'
[08:43:26.059] [bmv2] [D] [thread 78968] Dumping entry 1
Match key:
* hdr.ipv4.dstAddr    : LPM       0a000202/32
Action entry: MyIngress.ipv4_forward - 80000000222,1,

[08:43:26.562] [bmv2] [D] [thread 78918] [23.0] [cxt 0] Processing packet received on port 2
[08:43:26.562] [bmv2] [D] [thread 78918] [23.0] [cxt 0] Parser 'parser': start
[08:43:26.562] [bmv2] [D] [thread 78918] [23.0] [cxt 0] Parser 'parser' entering state 'start'
[08:43:26.562] [bmv2] [D] [thread 78918] [23.0] [cxt 0] Extracting header 'ethernet'
[08:43:26.562] [bmv2] [D] [thread 78918] [23.0] [cxt 0] Parser state 'start': key is 86dd
[08:43:26.562] [bmv2] [T] [thread 78918] [23.0] [cxt 0] Bytes parsed: 14
[08:43:26.562] [bmv2] [D] [thread 78918] [23.0] [cxt 0] Parser 'parser': end
[08:43:26.562] [bmv2] [D] [thread 78918] [23.0] [cxt 0] Pipeline 'ingress': start
[08:43:26.562] [bmv2] [T] [thread 78918] [23.0] [cxt 0] switch.p4(116) Condition "hdr.ipv4.isValid()" (node_2) is false
[08:43:26.562] [bmv2] [D] [thread 78918] [23.0] [cxt 0] Pipeline 'ingress': end
[08:43:26.562] [bmv2] [D] [thread 78918] [23.0] [cxt 0] Egress port is 0
[08:43:26.562] [bmv2] [D] [thread 78919] [23.0] [cxt 0] Pipeline 'egress': start
[08:43:26.562] [bmv2] [D] [thread 78919] [23.0] [cxt 0] Pipeline 'egress': end
[08:43:26.562] [bmv2] [D] [thread 78919] [23.0] [cxt 0] Deparser 'deparser': start
[08:43:26.562] [bmv2] [T] [thread 78919] [23.0] [cxt 0] Skipping checksum 'cksum' update because condition not met
[08:43:26.562] [bmv2] [D] [thread 78919] [23.0] [cxt 0] Deparsing header 'ethernet'
[08:43:26.562] [bmv2] [D] [thread 78919] [23.0] [cxt 0] Deparser 'deparser': end
[08:43:26.562] [bmv2] [D] [thread 78923] [23.0] [cxt 0] Transmitting packet of size 203 out of port 0
[08:43:26.721] [bmv2] [D] [thread 78918] [24.0] [cxt 0] Processing packet received on port 1
[08:43:26.721] [bmv2] [D] [thread 78918] [24.0] [cxt 0] Parser 'parser': start
[08:43:26.721] [bmv2] [D] [thread 78918] [24.0] [cxt 0] Parser 'parser' entering state 'start'
[08:43:26.721] [bmv2] [D] [thread 78918] [24.0] [cxt 0] Extracting header 'ethernet'
[08:43:26.721] [bmv2] [D] [thread 78918] [24.0] [cxt 0] Parser state 'start': key is 86dd
[08:43:26.721] [bmv2] [T] [thread 78918] [24.0] [cxt 0] Bytes parsed: 14
[08:43:26.721] [bmv2] [D] [thread 78918] [24.0] [cxt 0] Parser 'parser': end
[08:43:26.721] [bmv2] [D] [thread 78918] [24.0] [cxt 0] Pipeline 'ingress': start
[08:43:26.721] [bmv2] [T] [thread 78918] [24.0] [cxt 0] switch.p4(116) Condition "hdr.ipv4.isValid()" (node_2) is false
[08:43:26.721] [bmv2] [D] [thread 78918] [24.0] [cxt 0] Pipeline 'ingress': end
[08:43:26.721] [bmv2] [D] [thread 78918] [24.0] [cxt 0] Egress port is 0
[08:43:26.721] [bmv2] [D] [thread 78919] [24.0] [cxt 0] Pipeline 'egress': start
[08:43:26.721] [bmv2] [D] [thread 78919] [24.0] [cxt 0] Pipeline 'egress': end
[08:43:26.721] [bmv2] [D] [thread 78919] [24.0] [cxt 0] Deparser 'deparser': start
[08:43:26.721] [bmv2] [T] [thread 78919] [24.0] [cxt 0] Skipping checksum 'cksum' update because condition not met
[08:43:26.721] [bmv2] [D] [thread 78919] [24.0] [cxt 0] Deparsing header 'ethernet'
[08:43:26.721] [bmv2] [D] [thread 78919] [24.0] [cxt 0] Deparser 'deparser': end
[08:43:26.721] [bmv2] [D] [thread 78923] [24.0] [cxt 0] Transmitting packet of size 203 out of port 0
[08:43:27.417] [bmv2] [D] [thread 78918] [25.0] [cxt 0] Processing packet received on port 1
[08:43:27.417] [bmv2] [D] [thread 78918] [25.0] [cxt 0] Parser 'parser': start
[08:43:27.417] [bmv2] [D] [thread 78918] [25.0] [cxt 0] Parser 'parser' entering state 'start'
[08:43:27.417] [bmv2] [D] [thread 78918] [25.0] [cxt 0] Extracting header 'ethernet'
[08:43:27.417] [bmv2] [D] [thread 78918] [25.0] [cxt 0] Parser state 'start': key is 86dd
[08:43:27.417] [bmv2] [T] [thread 78918] [25.0] [cxt 0] Bytes parsed: 14
[08:43:27.417] [bmv2] [D] [thread 78918] [25.0] [cxt 0] Parser 'parser': end
[08:43:27.417] [bmv2] [D] [thread 78918] [25.0] [cxt 0] Pipeline 'ingress': start
[08:43:27.417] [bmv2] [T] [thread 78918] [25.0] [cxt 0] switch.p4(116) Condition "hdr.ipv4.isValid()" (node_2) is false
[08:43:27.417] [bmv2] [D] [thread 78918] [25.0] [cxt 0] Pipeline 'ingress': end
[08:43:27.417] [bmv2] [D] [thread 78918] [25.0] [cxt 0] Egress port is 0
[08:43:27.418] [bmv2] [D] [thread 78919] [25.0] [cxt 0] Pipeline 'egress': start
[08:43:27.418] [bmv2] [D] [thread 78919] [25.0] [cxt 0] Pipeline 'egress': end
[08:43:27.418] [bmv2] [D] [thread 78919] [25.0] [cxt 0] Deparser 'deparser': start
[08:43:27.418] [bmv2] [T] [thread 78919] [25.0] [cxt 0] Skipping checksum 'cksum' update because condition not met
[08:43:27.418] [bmv2] [D] [thread 78919] [25.0] [cxt 0] Deparsing header 'ethernet'
[08:43:27.418] [bmv2] [D] [thread 78919] [25.0] [cxt 0] Deparser 'deparser': end
[08:43:27.418] [bmv2] [D] [thread 78923] [25.0] [cxt 0] Transmitting packet of size 70 out of port 0
[08:43:27.735] [bmv2] [D] [thread 78918] [26.0] [cxt 0] Processing packet received on port 2
[08:43:27.739] [bmv2] [D] [thread 78918] [26.0] [cxt 0] Parser 'parser': start
[08:43:27.739] [bmv2] [D] [thread 78918] [26.0] [cxt 0] Parser 'parser' entering state 'start'
[08:43:27.739] [bmv2] [D] [thread 78918] [26.0] [cxt 0] Extracting header 'ethernet'
[08:43:27.739] [bmv2] [D] [thread 78918] [26.0] [cxt 0] Parser state 'start': key is 86dd
[08:43:27.739] [bmv2] [T] [thread 78918] [26.0] [cxt 0] Bytes parsed: 14
[08:43:27.739] [bmv2] [D] [thread 78918] [26.0] [cxt 0] Parser 'parser': end
[08:43:27.741] [bmv2] [D] [thread 78918] [26.0] [cxt 0] Pipeline 'ingress': start
[08:43:27.741] [bmv2] [T] [thread 78918] [26.0] [cxt 0] switch.p4(116) Condition "hdr.ipv4.isValid()" (node_2) is false
[08:43:27.741] [bmv2] [D] [thread 78918] [26.0] [cxt 0] Pipeline 'ingress': end
[08:43:27.741] [bmv2] [D] [thread 78918] [26.0] [cxt 0] Egress port is 0
[08:43:27.745] [bmv2] [D] [thread 78919] [26.0] [cxt 0] Pipeline 'egress': start
[08:43:27.745] [bmv2] [D] [thread 78919] [26.0] [cxt 0] Pipeline 'egress': end
[08:43:27.745] [bmv2] [D] [thread 78919] [26.0] [cxt 0] Deparser 'deparser': start
[08:43:27.745] [bmv2] [T] [thread 78919] [26.0] [cxt 0] Skipping checksum 'cksum' update because condition not met
[08:43:27.745] [bmv2] [D] [thread 78919] [26.0] [cxt 0] Deparsing header 'ethernet'
[08:43:27.745] [bmv2] [D] [thread 78919] [26.0] [cxt 0] Deparser 'deparser': end
[08:43:27.745] [bmv2] [D] [thread 78923] [26.0] [cxt 0] Transmitting packet of size 199 out of port 0
[08:43:27.812] [bmv2] [D] [thread 78918] [27.0] [cxt 0] Processing packet received on port 2
[08:43:27.812] [bmv2] [D] [thread 78918] [27.0] [cxt 0] Parser 'parser': start
[08:43:27.812] [bmv2] [D] [thread 78918] [27.0] [cxt 0] Parser 'parser' entering state 'start'
[08:43:27.812] [bmv2] [D] [thread 78918] [27.0] [cxt 0] Extracting header 'ethernet'
[08:43:27.812] [bmv2] [D] [thread 78918] [27.0] [cxt 0] Parser state 'start': key is 86dd
[08:43:27.812] [bmv2] [T] [thread 78918] [27.0] [cxt 0] Bytes parsed: 14
[08:43:27.812] [bmv2] [D] [thread 78918] [27.0] [cxt 0] Parser 'parser': end
[08:43:27.812] [bmv2] [D] [thread 78918] [27.0] [cxt 0] Pipeline 'ingress': start
[08:43:27.812] [bmv2] [T] [thread 78918] [27.0] [cxt 0] switch.p4(116) Condition "hdr.ipv4.isValid()" (node_2) is false
[08:43:27.812] [bmv2] [D] [thread 78918] [27.0] [cxt 0] Pipeline 'ingress': end
[08:43:27.812] [bmv2] [D] [thread 78918] [27.0] [cxt 0] Egress port is 0
[08:43:27.813] [bmv2] [D] [thread 78919] [27.0] [cxt 0] Pipeline 'egress': start
[08:43:27.813] [bmv2] [D] [thread 78919] [27.0] [cxt 0] Pipeline 'egress': end
[08:43:27.813] [bmv2] [D] [thread 78919] [27.0] [cxt 0] Deparser 'deparser': start
[08:43:27.813] [bmv2] [T] [thread 78919] [27.0] [cxt 0] Skipping checksum 'cksum' update because condition not met
[08:43:27.813] [bmv2] [D] [thread 78919] [27.0] [cxt 0] Deparsing header 'ethernet'
[08:43:27.813] [bmv2] [D] [thread 78919] [27.0] [cxt 0] Deparser 'deparser': end
[08:43:27.813] [bmv2] [D] [thread 78923] [27.0] [cxt 0] Transmitting packet of size 199 out of port 0
[08:43:27.867] [bmv2] [D] [thread 78918] [28.0] [cxt 0] Processing packet received on port 2
[08:43:27.867] [bmv2] [D] [thread 78918] [28.0] [cxt 0] Parser 'parser': start
[08:43:27.867] [bmv2] [D] [thread 78918] [28.0] [cxt 0] Parser 'parser' entering state 'start'
[08:43:27.867] [bmv2] [D] [thread 78918] [28.0] [cxt 0] Extracting header 'ethernet'
[08:43:27.867] [bmv2] [D] [thread 78918] [28.0] [cxt 0] Parser state 'start': key is 86dd
[08:43:27.867] [bmv2] [T] [thread 78918] [28.0] [cxt 0] Bytes parsed: 14
[08:43:27.869] [bmv2] [D] [thread 78918] [28.0] [cxt 0] Parser 'parser': end
[08:43:27.869] [bmv2] [D] [thread 78918] [28.0] [cxt 0] Pipeline 'ingress': start
[08:43:27.869] [bmv2] [T] [thread 78918] [28.0] [cxt 0] switch.p4(116) Condition "hdr.ipv4.isValid()" (node_2) is false
[08:43:27.869] [bmv2] [D] [thread 78918] [28.0] [cxt 0] Pipeline 'ingress': end
[08:43:27.869] [bmv2] [D] [thread 78918] [28.0] [cxt 0] Egress port is 0
[08:43:27.869] [bmv2] [D] [thread 78919] [28.0] [cxt 0] Pipeline 'egress': start
[08:43:27.869] [bmv2] [D] [thread 78919] [28.0] [cxt 0] Pipeline 'egress': end
[08:43:27.869] [bmv2] [D] [thread 78919] [28.0] [cxt 0] Deparser 'deparser': start
[08:43:27.869] [bmv2] [T] [thread 78919] [28.0] [cxt 0] Skipping checksum 'cksum' update because condition not met
[08:43:27.869] [bmv2] [D] [thread 78919] [28.0] [cxt 0] Deparsing header 'ethernet'
[08:43:27.869] [bmv2] [D] [thread 78919] [28.0] [cxt 0] Deparser 'deparser': end
[08:43:27.869] [bmv2] [D] [thread 78923] [28.0] [cxt 0] Transmitting packet of size 70 out of port 0
[08:43:27.870] [bmv2] [D] [thread 78918] [29.0] [cxt 0] Processing packet received on port 2
[08:43:27.870] [bmv2] [D] [thread 78918] [29.0] [cxt 0] Parser 'parser': start
[08:43:27.870] [bmv2] [D] [thread 78918] [29.0] [cxt 0] Parser 'parser' entering state 'start'
[08:43:27.870] [bmv2] [D] [thread 78918] [29.0] [cxt 0] Extracting header 'ethernet'
[08:43:27.870] [bmv2] [D] [thread 78918] [29.0] [cxt 0] Parser state 'start': key is 86dd
[08:43:27.870] [bmv2] [T] [thread 78918] [29.0] [cxt 0] Bytes parsed: 14
[08:43:27.870] [bmv2] [D] [thread 78918] [29.0] [cxt 0] Parser 'parser': end
[08:43:27.870] [bmv2] [D] [thread 78918] [29.0] [cxt 0] Pipeline 'ingress': start
[08:43:27.870] [bmv2] [T] [thread 78918] [29.0] [cxt 0] switch.p4(116) Condition "hdr.ipv4.isValid()" (node_2) is false
[08:43:27.870] [bmv2] [D] [thread 78918] [29.0] [cxt 0] Pipeline 'ingress': end
[08:43:27.870] [bmv2] [D] [thread 78918] [29.0] [cxt 0] Egress port is 0
[08:43:27.870] [bmv2] [D] [thread 78919] [29.0] [cxt 0] Pipeline 'egress': start
[08:43:27.870] [bmv2] [D] [thread 78919] [29.0] [cxt 0] Pipeline 'egress': end
[08:43:27.870] [bmv2] [D] [thread 78919] [29.0] [cxt 0] Deparser 'deparser': start
[08:43:27.870] [bmv2] [T] [thread 78919] [29.0] [cxt 0] Skipping checksum 'cksum' update because condition not met
[08:43:27.870] [bmv2] [D] [thread 78919] [29.0] [cxt 0] Deparsing header 'ethernet'
[08:43:27.870] [bmv2] [D] [thread 78919] [29.0] [cxt 0] Deparser 'deparser': end
[08:43:27.870] [bmv2] [D] [thread 78923] [29.0] [cxt 0] Transmitting packet of size 70 out of port 0
[08:43:27.911] [bmv2] [D] [thread 78918] [30.0] [cxt 0] Processing packet received on port 1
[08:43:27.911] [bmv2] [D] [thread 78918] [30.0] [cxt 0] Parser 'parser': start
[08:43:27.911] [bmv2] [D] [thread 78918] [30.0] [cxt 0] Parser 'parser' entering state 'start'
[08:43:27.911] [bmv2] [D] [thread 78918] [30.0] [cxt 0] Extracting header 'ethernet'
[08:43:27.911] [bmv2] [D] [thread 78918] [30.0] [cxt 0] Parser state 'start': key is 86dd
[08:43:27.911] [bmv2] [T] [thread 78918] [30.0] [cxt 0] Bytes parsed: 14
[08:43:27.911] [bmv2] [D] [thread 78918] [30.0] [cxt 0] Parser 'parser': end
[08:43:27.911] [bmv2] [D] [thread 78918] [30.0] [cxt 0] Pipeline 'ingress': start
[08:43:27.911] [bmv2] [T] [thread 78918] [30.0] [cxt 0] switch.p4(116) Condition "hdr.ipv4.isValid()" (node_2) is false
[08:43:27.911] [bmv2] [D] [thread 78918] [30.0] [cxt 0] Pipeline 'ingress': end
[08:43:27.911] [bmv2] [D] [thread 78918] [30.0] [cxt 0] Egress port is 0
[08:43:27.911] [bmv2] [D] [thread 78919] [30.0] [cxt 0] Pipeline 'egress': start
[08:43:27.911] [bmv2] [D] [thread 78919] [30.0] [cxt 0] Pipeline 'egress': end
[08:43:27.911] [bmv2] [D] [thread 78919] [30.0] [cxt 0] Deparser 'deparser': start
[08:43:27.911] [bmv2] [T] [thread 78919] [30.0] [cxt 0] Skipping checksum 'cksum' update because condition not met
[08:43:27.911] [bmv2] [D] [thread 78919] [30.0] [cxt 0] Deparsing header 'ethernet'
[08:43:27.911] [bmv2] [D] [thread 78919] [30.0] [cxt 0] Deparser 'deparser': end
[08:43:27.911] [bmv2] [D] [thread 78923] [30.0] [cxt 0] Transmitting packet of size 199 out of port 0
open: No such file or directory
open: No such file or directory
open: No such file or directory
